Return-Path: <jailhouse-dev+bncBCFZVI4UTIEBBSF7ZDUAKGQEGA7AF6Y@googlegroups.com>
X-Original-To: lists+jailhouse-dev@lfdr.de
Delivered-To: lists+jailhouse-dev@lfdr.de
Received: from mail-oi1-x23c.google.com (mail-oi1-x23c.google.com [IPv6:2607:f8b0:4864:20::23c])
	by mail.lfdr.de (Postfix) with ESMTPS id 4C2D75501E
	for <lists+jailhouse-dev@lfdr.de>; Tue, 25 Jun 2019 15:21:14 +0200 (CEST)
Received: by mail-oi1-x23c.google.com with SMTP id t198sf6900154oih.20
        for <lists+jailhouse-dev@lfdr.de>; Tue, 25 Jun 2019 06:21:14 -0700 (PDT)
DKIM-Signature: v=1; a=rsa-sha256; c=relaxed/relaxed;
        d=googlegroups.com; s=20161025;
        h=sender:date:from:to:message-id:in-reply-to:references:subject
         :mime-version:x-original-sender:precedence:mailing-list:list-id
         :list-post:list-help:list-archive:list-subscribe:list-unsubscribe;
        bh=aylucC27RJ+RqVMmmqnQ8i5ANNeJbeSgWIJdF7TDk44=;
        b=U10CT4ehhBDZW3EN5O4IbJ3RbdZyfKPgNMgsoieOBG2ZyrhUy//tKzRg4EIJfazxQG
         qrLIftLwrb7jZrBr99Ci+JB83z4qDu4vCr4mIM1RfpgR6vpmpXWVvV8NKTnxRQ9dDJcZ
         sG00+7hFRTnzLVsaIJ3ZfHeoeUSqMaUr2Md9/UGDfQlxg4aK+XhfGgdsozlVq+3EQ+ss
         YaMC6M2949m2qb261/gG/pXsgDvJt2B9nzSfzrd+xBPcRrZtwIXvs7xOoAzVQtMEQsA0
         eLs8iA+apIC95iXae3AF8OUH/r24kqbLQQdCEQ+N8QCDF8A/KqYg06ReTMErqoHsJyqj
         fPsg==
X-Google-DKIM-Signature: v=1; a=rsa-sha256; c=relaxed/relaxed;
        d=1e100.net; s=20161025;
        h=sender:x-gm-message-state:date:from:to:message-id:in-reply-to
         :references:subject:mime-version:x-original-sender:precedence
         :mailing-list:list-id:x-spam-checked-in-group:list-post:list-help
         :list-archive:list-subscribe:list-unsubscribe;
        bh=aylucC27RJ+RqVMmmqnQ8i5ANNeJbeSgWIJdF7TDk44=;
        b=nEFhiGN6vrJDLCmH1Rd70WGL7UtR0/njzwnH68cPAmXVaDb7yITMQdP5CwcN2Yn1e5
         uatUssWw+auetxbW36pvOw7/WCQBS017zFi4bWNosoRuVOuN1Cd5K/6daMHEhkwiKbip
         dX+Lz1Al6eOZk6v6/OmsMEOa1nSVHQ7ONUjkU94l5atFqrNvfrMSgYLZ/7lG8MsV4IKi
         evCRe4IdB3mYWGpxfir8sCKgtnFsX1T0G6aRFVqohd+HNwXoMs0UhhX/aUsaJxu4EVTW
         Zk1ZTkxsnjzOvbjNxFe1ozPF4LAngHz7PcPqdlap7BikdzErjaDEuA6bMLKplOFeS5Zr
         ssOg==
Sender: jailhouse-dev@googlegroups.com
X-Gm-Message-State: APjAAAXoafSng/MPEUVVFRtLIkcb29N39GQLztsq7A1j6PkEj9uJCv/8
	1ml+823z4rPWGqckm+ryjAE=
X-Google-Smtp-Source: APXvYqy2elAoUNaJcosbg81g1hvfrh6xxJX2qL+qWT/5pOUXuBMIINd4IuiBDG9wL713YwI3fazwUQ==
X-Received: by 2002:a05:6830:10d3:: with SMTP id z19mr24845718oto.196.1561468872963;
        Tue, 25 Jun 2019 06:21:12 -0700 (PDT)
X-BeenThere: jailhouse-dev@googlegroups.com
Received: by 2002:a9d:71d0:: with SMTP id z16ls598973otj.2.gmail; Tue, 25 Jun
 2019 06:21:12 -0700 (PDT)
X-Received: by 2002:a9d:6f91:: with SMTP id h17mr45855498otq.67.1561468872195;
        Tue, 25 Jun 2019 06:21:12 -0700 (PDT)
Date: Tue, 25 Jun 2019 06:21:11 -0700 (PDT)
From: Adam Przybylski <adamprz@gmx.de>
To: Jailhouse <jailhouse-dev@googlegroups.com>
Message-Id: <f3fc160a-01dd-44dd-998a-a8f1e48c03c6@googlegroups.com>
In-Reply-To: <121ab35d-79ab-5b00-9b27-473809a02707@oth-regensburg.de>
References: <d069200e-ba34-41bc-854c-8a95d62f2596@googlegroups.com>
 <ca059740-300b-f5df-3dda-65ef289599f6@gmail.com>
 <b22e6a12-a5df-c698-d4ce-652c5376ee4e@oth-regensburg.de>
 <20190621155406.18df2751@md1za8fc.ad001.siemens.net>
 <bc4047f6-c6c7-4b74-9084-51212c8bd4ad@googlegroups.com>
 <20190623183232.084b6744@md1za8fc.ad001.siemens.net>
 <98b65827-1a4c-48c7-8501-8103ee8e9284@googlegroups.com>
 <af790385-ad03-9fcc-33bb-60dfed20e169@oth-regensburg.de>
 <510bf146-8ec5-414d-8a22-33d61476ee1f@googlegroups.com>
 <e0d7a082-bb03-195a-d146-4ba627a93be4@oth-regensburg.de>
 <27b260ce-0dcd-4019-8dc5-c757500422c1@googlegroups.com>
 <121ab35d-79ab-5b00-9b27-473809a02707@oth-regensburg.de>
Subject: Re: Jailhouse enable hangs on AMD EPYC 7351P
MIME-Version: 1.0
Content-Type: multipart/mixed; 
	boundary="----=_Part_2078_1806622792.1561468871432"
X-Original-Sender: adamprz@gmx.de
Precedence: list
Mailing-list: list jailhouse-dev@googlegroups.com; contact jailhouse-dev+owners@googlegroups.com
List-ID: <jailhouse-dev.googlegroups.com>
X-Spam-Checked-In-Group: jailhouse-dev@googlegroups.com
X-Google-Group-Id: 175645748590
List-Post: <https://groups.google.com/group/jailhouse-dev/post>, <mailto:jailhouse-dev@googlegroups.com>
List-Help: <https://groups.google.com/support/>, <mailto:jailhouse-dev+help@googlegroups.com>
List-Archive: <https://groups.google.com/group/jailhouse-dev
List-Subscribe: <https://groups.google.com/group/jailhouse-dev/subscribe>, <mailto:jailhouse-dev+subscribe@googlegroups.com>
List-Unsubscribe: <mailto:googlegroups-manage+175645748590+unsubscribe@googlegroups.com>,
 <https://groups.google.com/group/jailhouse-dev/subscribe>

------=_Part_2078_1806622792.1561468871432
Content-Type: text/plain; charset="UTF-8"

Am Dienstag, 25. Juni 2019 14:50:44 UTC+2 schrieb Ralf Ramsauer:
> On 6/25/19 2:46 PM, Adam Przybylski wrote:
> > Am Dienstag, 25. Juni 2019 14:14:41 UTC+2 schrieb Ralf Ramsauer:
> >> On 6/25/19 1:31 PM, Adam Przybylski wrote:
> >>> Am Dienstag, 25. Juni 2019 12:10:03 UTC+2 schrieb Ralf Ramsauer:
> >>>> Hi,
> >>>>
> >>>> On 6/25/19 9:38 AM, Adam Przybylski wrote:
> >>>>> Am Sonntag, 23. Juni 2019 18:32:37 UTC+2 schrieb Henning Schild:
> >>>>>> Am Fri, 21 Jun 2019 07:18:14 -0700
> >>>>>> schrieb Adam Przybylski:
> >>>>>>
> >>>>>>> Am Freitag, 21. Juni 2019 15:54:15 UTC+2 schrieb Henning Schild:
> >>>>>>>> Am Fri, 21 Jun 2019 14:51:30 +0200
> >>>>>>>> schrieb Ralf Ramsauer:
> >>>>>>>>   
> >>>>>>>>> Hi,
> >>>>>>>>>
> >>>>>>>>> On 6/21/19 2:22 PM, Valentine Sinitsyn wrote:  
> >>>>>>>>>> Hi Adam,
> >>>>>>>>>>
> >>>>>>>>>> On 21.06.2019 17:16, Adam Przybylski wrote:    
> >>>>>>>>>>> Dear Jailhouse Community,
> >>>>>>>>>>>
> >>>>>>>>>>> I am trying to enabled Jailhouse on the AMD EPYC 7351P 16-Core
> >>>>>>>>>>> Processor. Unfortunately the system hangs after I execute
> >>>>>>>>>>> "jailhouse enable sysconfig.cell".
> >>>>>>>>>>>
> >>>>>>>>>>> Do you have any hint how to debug and instrument this issue?
> >>>>>>>>>>>
> >>>>>>>>>>> Any kind of help is appreciated.
> >>>>>>>>>>>
> >>>>>>>>>>> Attached you can find the jailhouse logs, processor info, and
> >>>>>>>>>>> sysconfig.c.
> >>>>>>>>>>>
> >>>>>>>>>>> Looking forward to hear from you.    
> >>>>>>>>>> I'd say the following line is the culprit:
> >>>>>>>>>>     
> >>>>>>>>>>> FATAL: Invalid PIO read, port: 814 size: 1    
> >>>>>>>>>
> >>>>>>>>> Could you please attach /proc/ioports? This will tell us the
> >>>>>>>>> secret behind Port 814.  
> >>>>>>>>
> >>>>>>>> Not always, the driver doing that has to be so friendly to register
> >>>>>>>> the region.
> >>>>>>>>   
> >>>>>>>>>>
> >>>>>>>>>> As a quick fix, you may grant your root cell access to all I/O
> >>>>>>>>>> ports and see if it helps.    
> >>>>>>>>>
> >>>>>>>>> Allowing access will suppress the symptoms, yet we should
> >>>>>>>>> investigate its cause. Depending on the semantics of Port 819, to
> >>>>>>>>> allow access might have unintended side effects.
> >>>>>>>>>
> >>>>>>>>> You could also try to disassemble your kernel (objdump -d
> >>>>>>>>> vmlinux) and check what function hides behind the instruction
> >>>>>>>>> pointer at the moment of the crash 0xffffffffa4ac3114.  
> >>>>>>>>
> >>>>>>>> A look in the System.map can also answer that question. On a distro
> >>>>>>>> that will be ready to read somewhere in /boot/.
> >>>>>>>>
> >>>>>>>> Henning
> >>>>>>>>   
> >>>>>>>>>   Ralf
> >>>>>>>>>   
> >>>>>>>>>>
> >>>>>>>>>> Best,
> >>>>>>>>>> Valentine
> >>>>>>>>>>     
> >>>>>>>>>>>
> >>>>>>>>>>> Kind regards,
> >>>>>>>>>>> Adam Przybylski
> >>>>>>>>>>>    
> >>>>>>>>>>     
> >>>>>>>>>  
> >>>>>>>
> >>>>>>> Hi,
> >>>>>>>
> >>>>>>> I looked up the function which gets executed in the Kernel. It's
> >>>>>>> "acpi_idle_do_entry".
> >>>>>>
> >>>>>> Well now you are back to what Valentine said. Open up those ports one
> >>>>>> by one, until the problem goes away. The alternative is to disable the
> >>>>>> drivers in the root-linux. In the case of ACPI i.e. acpi=off as kernel
> >>>>>> parameter, but you probably do not want that.
> >>>>>>
> >>>>>> Note that whatever you allow might cause weaker isolation, in this case
> >>>>>> maybe real-time related.
> >>>>>>
> >>>>>> Henning
> >>>>>>
> >>>>>>> Adam
> >>>>>>>
> >>>>>
> >>>>> Hi,
> >>>>>
> >>>>> after allowing the access to 0x800-0x89f IO ports the issue with PIO read is solved.
> >>>>>
> >>>>> Now I am facing issues with IOMMU/RAM, NMI IPI, MSR. Please see attached log.
> >>>>
> >>>> You can again look at the system.map to find the code behind the MSR access.
> >>>>
> >>>> The rest can probably solved by consolidating some non-page aligned
> >>>> spreaded memory regions in your config -- could you please attach the
> >>>> output of jailhouse config collect? It should contain all data that is
> >>>> relevant for debugging.
> >>>>
> >>>> Thanks
> >>>>   Ralf
> >>>>
> >>>>>
> >>>>> Any idea how to debug this?
> >>>>>
> >>>>> Adam
> >>>>>
> >>>
> >>> Hi,
> >>>
> >>> attached the jailhouse config collect output.
> >>
> >> Please try the attached config on next.
> >>
> >> You can use diff to see what I changed: I consolidated some memory
> >> regions to one large, contiguous region. Should at least solve the MMIO
> >> traps and the unknown instruction error.
> >>
> >> Remains the MSR access. What code is behind the instruction pointer?
> >>
> >> Thanks
> >>   Ralf
> >>
> >>>
> >>> Adam
> >>>
> > 
> > Hi,
> > 
> > the attached config works fine regarding the IOMMU/RAM accesses. Thank you!
> 
> Great, good to hear.
> 
> > 
> > The function behind the RIP is native_read_msr_safe.
> 
> Well... That doesn't help. :-)
> 
> could you please
> $ echo #define CRASH_CELL_ON_PANIC 1 >> include/jailhouse/config.h
> 
> and then recompile and reinstall jailhouse. This should give you a
> stacktrace of the kernel when the crash happens. Then we can go on
> debugging.
> 
>   Ralf
> 
> > 
> > Adam
> >

Attached the dmesg with the kernel crash.

Adam

-- 
You received this message because you are subscribed to the Google Groups "Jailhouse" group.
To unsubscribe from this group and stop receiving emails from it, send an email to jailhouse-dev+unsubscribe@googlegroups.com.
To view this discussion on the web visit https://groups.google.com/d/msgid/jailhouse-dev/f3fc160a-01dd-44dd-998a-a8f1e48c03c6%40googlegroups.com.
For more options, visit https://groups.google.com/d/optout.

------=_Part_2078_1806622792.1561468871432
Content-Type: text/plain; charset=UTF-8; name=dmesg_201906251458.log
Content-Transfer-Encoding: quoted-printable
Content-Disposition: attachment; filename=dmesg_201906251458.log
X-Attachment-Id: 075b286d-80db-41d1-8b26-2a123aaccf56
Content-ID: <075b286d-80db-41d1-8b26-2a123aaccf56>

[    0.000000] Linux version 5.0.16-300.local.fc30.x86_64 (pz5qnq@toolbox) =
(gcc version 9.1.1 20190503 (Red Hat 9.1.1-1) (GCC)) #1 SMP Wed Jun 12 13:4=
8:57 UTC 2019
[    0.000000] Command line: BOOT_IMAGE=3D(hd8,gpt2)/vmlinuz-5.0.16-300.loc=
al.fc30.x86_64 root=3DUUID=3Ded3d2375-084d-422f-89dc-f609b60ffb0f ro amd_io=
mmu=3Doff memmap=3D0x5200000$0x3a000000 log_buf_len=3D128M
[    0.000000] x86/fpu: Supporting XSAVE feature 0x001: 'x87 floating point=
 registers'
[    0.000000] x86/fpu: Supporting XSAVE feature 0x002: 'SSE registers'
[    0.000000] x86/fpu: Supporting XSAVE feature 0x004: 'AVX registers'
[    0.000000] x86/fpu: xstate_offset[2]:  576, xstate_sizes[2]:  256
[    0.000000] x86/fpu: Enabled xstate features 0x7, context size is 832 by=
tes, using 'compacted' format.
[    0.000000] BIOS-provided physical RAM map:
[    0.000000] BIOS-e820: [mem 0x0000000000000000-0x000000000009ffff] usabl=
e
[    0.000000] BIOS-e820: [mem 0x00000000000a0000-0x00000000000fffff] reser=
ved
[    0.000000] BIOS-e820: [mem 0x0000000000100000-0x0000000075daffff] usabl=
e
[    0.000000] BIOS-e820: [mem 0x0000000075db0000-0x0000000075ffffff] reser=
ved
[    0.000000] BIOS-e820: [mem 0x0000000076000000-0x00000000d9036fff] usabl=
e
[    0.000000] BIOS-e820: [mem 0x00000000d9037000-0x00000000da49cfff] reser=
ved
[    0.000000] BIOS-e820: [mem 0x00000000da49d000-0x00000000da4b7fff] usabl=
e
[    0.000000] BIOS-e820: [mem 0x00000000da4b8000-0x00000000da50ffff] ACPI =
NVS
[    0.000000] BIOS-e820: [mem 0x00000000da510000-0x00000000dad6afff] reser=
ved
[    0.000000] BIOS-e820: [mem 0x00000000dad6b000-0x00000000dbffffff] usabl=
e
[    0.000000] BIOS-e820: [mem 0x00000000dc000000-0x00000000dfffffff] reser=
ved
[    0.000000] BIOS-e820: [mem 0x00000000ea700000-0x00000000ea87ffff] reser=
ved
[    0.000000] BIOS-e820: [mem 0x00000000ea8f0000-0x00000000ea8f0fff] reser=
ved
[    0.000000] BIOS-e820: [mem 0x00000000eb200000-0x00000000eb37ffff] reser=
ved
[    0.000000] BIOS-e820: [mem 0x00000000eb3f0000-0x00000000eb3f0fff] reser=
ved
[    0.000000] BIOS-e820: [mem 0x00000000eb800000-0x00000000eb97ffff] reser=
ved
[    0.000000] BIOS-e820: [mem 0x00000000eb9f0000-0x00000000eb9f0fff] reser=
ved
[    0.000000] BIOS-e820: [mem 0x00000000ebf00000-0x00000000ebf7ffff] reser=
ved
[    0.000000] BIOS-e820: [mem 0x00000000ebff0000-0x00000000ebff0fff] reser=
ved
[    0.000000] BIOS-e820: [mem 0x00000000fea00000-0x00000000feafffff] reser=
ved
[    0.000000] BIOS-e820: [mem 0x00000000fec00000-0x00000000fec00fff] reser=
ved
[    0.000000] BIOS-e820: [mem 0x00000000fec10000-0x00000000fec10fff] reser=
ved
[    0.000000] BIOS-e820: [mem 0x00000000fed00000-0x00000000fed00fff] reser=
ved
[    0.000000] BIOS-e820: [mem 0x00000000fed40000-0x00000000fed44fff] reser=
ved
[    0.000000] BIOS-e820: [mem 0x00000000fed80000-0x00000000fed8ffff] reser=
ved
[    0.000000] BIOS-e820: [mem 0x00000000fedc0000-0x00000000fedc0fff] reser=
ved
[    0.000000] BIOS-e820: [mem 0x00000000fedc2000-0x00000000fedc8fff] reser=
ved
[    0.000000] BIOS-e820: [mem 0x00000000fee00000-0x00000000feefffff] reser=
ved
[    0.000000] BIOS-e820: [mem 0x00000000ff000000-0x00000000ffffffff] reser=
ved
[    0.000000] BIOS-e820: [mem 0x0000000100000000-0x000000021f37ffff] usabl=
e
[    0.000000] BIOS-e820: [mem 0x000000021f380000-0x000000021fffffff] reser=
ved
[    0.000000] BIOS-e820: [mem 0x0000000220000000-0x000000041ff7ffff] usabl=
e
[    0.000000] BIOS-e820: [mem 0x000000041ff80000-0x000000041fffffff] reser=
ved
[    0.000000] BIOS-e820: [mem 0x0000000420000000-0x000000061ff7ffff] usabl=
e
[    0.000000] BIOS-e820: [mem 0x000000061ff80000-0x000000061fffffff] reser=
ved
[    0.000000] BIOS-e820: [mem 0x0000000620000000-0x000000081ff7ffff] usabl=
e
[    0.000000] BIOS-e820: [mem 0x000000081ff80000-0x000000081fffffff] reser=
ved
[    0.000000] NX (Execute Disable) protection: active
[    0.000000] e820: update [mem 0xd2b15018-0xd2b25857] usable =3D=3D> usab=
le
[    0.000000] e820: update [mem 0xd2b15018-0xd2b25857] usable =3D=3D> usab=
le
[    0.000000] e820: update [mem 0xd2afb018-0xd2b14457] usable =3D=3D> usab=
le
[    0.000000] e820: update [mem 0xd2afb018-0xd2b14457] usable =3D=3D> usab=
le
[    0.000000] extended physical RAM map:
[    0.000000] reserve setup_data: [mem 0x0000000000000000-0x000000000009ff=
ff] usable
[    0.000000] reserve setup_data: [mem 0x00000000000a0000-0x00000000000fff=
ff] reserved
[    0.000000] reserve setup_data: [mem 0x0000000000100000-0x0000000039ffff=
ff] usable
[    0.000000] reserve setup_data: [mem 0x000000003a000000-0x000000003f1fff=
ff] reserved
[    0.000000] reserve setup_data: [mem 0x000000003f200000-0x0000000075daff=
ff] usable
[    0.000000] reserve setup_data: [mem 0x0000000075db0000-0x0000000075ffff=
ff] reserved
[    0.000000] reserve setup_data: [mem 0x0000000076000000-0x00000000d2afb0=
17] usable
[    0.000000] reserve setup_data: [mem 0x00000000d2afb018-0x00000000d2b144=
57] usable
[    0.000000] reserve setup_data: [mem 0x00000000d2b14458-0x00000000d2b150=
17] usable
[    0.000000] reserve setup_data: [mem 0x00000000d2b15018-0x00000000d2b258=
57] usable
[    0.000000] reserve setup_data: [mem 0x00000000d2b25858-0x00000000d9036f=
ff] usable
[    0.000000] reserve setup_data: [mem 0x00000000d9037000-0x00000000da49cf=
ff] reserved
[    0.000000] reserve setup_data: [mem 0x00000000da49d000-0x00000000da4b7f=
ff] usable
[    0.000000] reserve setup_data: [mem 0x00000000da4b8000-0x00000000da50ff=
ff] ACPI NVS
[    0.000000] reserve setup_data: [mem 0x00000000da510000-0x00000000dad6af=
ff] reserved
[    0.000000] reserve setup_data: [mem 0x00000000dad6b000-0x00000000dbffff=
ff] usable
[    0.000000] reserve setup_data: [mem 0x00000000dc000000-0x00000000dfffff=
ff] reserved
[    0.000000] reserve setup_data: [mem 0x00000000ea700000-0x00000000ea87ff=
ff] reserved
[    0.000000] reserve setup_data: [mem 0x00000000ea8f0000-0x00000000ea8f0f=
ff] reserved
[    0.000000] reserve setup_data: [mem 0x00000000eb200000-0x00000000eb37ff=
ff] reserved
[    0.000000] reserve setup_data: [mem 0x00000000eb3f0000-0x00000000eb3f0f=
ff] reserved
[    0.000000] reserve setup_data: [mem 0x00000000eb800000-0x00000000eb97ff=
ff] reserved
[    0.000000] reserve setup_data: [mem 0x00000000eb9f0000-0x00000000eb9f0f=
ff] reserved
[    0.000000] reserve setup_data: [mem 0x00000000ebf00000-0x00000000ebf7ff=
ff] reserved
[    0.000000] reserve setup_data: [mem 0x00000000ebff0000-0x00000000ebff0f=
ff] reserved
[    0.000000] reserve setup_data: [mem 0x00000000fea00000-0x00000000feafff=
ff] reserved
[    0.000000] reserve setup_data: [mem 0x00000000fec00000-0x00000000fec00f=
ff] reserved
[    0.000000] reserve setup_data: [mem 0x00000000fec10000-0x00000000fec10f=
ff] reserved
[    0.000000] reserve setup_data: [mem 0x00000000fed00000-0x00000000fed00f=
ff] reserved
[    0.000000] reserve setup_data: [mem 0x00000000fed40000-0x00000000fed44f=
ff] reserved
[    0.000000] reserve setup_data: [mem 0x00000000fed80000-0x00000000fed8ff=
ff] reserved
[    0.000000] reserve setup_data: [mem 0x00000000fedc0000-0x00000000fedc0f=
ff] reserved
[    0.000000] reserve setup_data: [mem 0x00000000fedc2000-0x00000000fedc8f=
ff] reserved
[    0.000000] reserve setup_data: [mem 0x00000000fee00000-0x00000000feefff=
ff] reserved
[    0.000000] reserve setup_data: [mem 0x00000000ff000000-0x00000000ffffff=
ff] reserved
[    0.000000] reserve setup_data: [mem 0x0000000100000000-0x000000021f37ff=
ff] usable
[    0.000000] reserve setup_data: [mem 0x000000021f380000-0x000000021fffff=
ff] reserved
[    0.000000] reserve setup_data: [mem 0x0000000220000000-0x000000041ff7ff=
ff] usable
[    0.000000] reserve setup_data: [mem 0x000000041ff80000-0x000000041fffff=
ff] reserved
[    0.000000] reserve setup_data: [mem 0x0000000420000000-0x000000061ff7ff=
ff] usable
[    0.000000] reserve setup_data: [mem 0x000000061ff80000-0x000000061fffff=
ff] reserved
[    0.000000] reserve setup_data: [mem 0x0000000620000000-0x000000081ff7ff=
ff] usable
[    0.000000] reserve setup_data: [mem 0x000000081ff80000-0x000000081fffff=
ff] reserved
[    0.000000] user-defined physical RAM map:
[    0.000000] user: [mem 0x0000000000000000-0x000000000009ffff] usable
[    0.000000] user: [mem 0x00000000000a0000-0x00000000000fffff] reserved
[    0.000000] user: [mem 0x0000000000100000-0x0000000039ffffff] usable
[    0.000000] user: [mem 0x000000003a000000-0x000000003f1fffff] reserved
[    0.000000] user: [mem 0x000000003f200000-0x0000000075daffff] usable
[    0.000000] user: [mem 0x0000000075db0000-0x0000000075ffffff] reserved
[    0.000000] user: [mem 0x0000000076000000-0x00000000d2afb017] usable
[    0.000000] user: [mem 0x00000000d2afb018-0x00000000d2b14457] usable
[    0.000000] user: [mem 0x00000000d2b14458-0x00000000d2b15017] usable
[    0.000000] user: [mem 0x00000000d2b15018-0x00000000d2b25857] usable
[    0.000000] user: [mem 0x00000000d2b25858-0x00000000d9036fff] usable
[    0.000000] user: [mem 0x00000000d9037000-0x00000000da49cfff] reserved
[    0.000000] user: [mem 0x00000000da49d000-0x00000000da4b7fff] usable
[    0.000000] user: [mem 0x00000000da4b8000-0x00000000da50ffff] ACPI NVS
[    0.000000] user: [mem 0x00000000da510000-0x00000000dad6afff] reserved
[    0.000000] user: [mem 0x00000000dad6b000-0x00000000dbffffff] usable
[    0.000000] user: [mem 0x00000000dc000000-0x00000000dfffffff] reserved
[    0.000000] user: [mem 0x00000000ea700000-0x00000000ea87ffff] reserved
[    0.000000] user: [mem 0x00000000ea8f0000-0x00000000ea8f0fff] reserved
[    0.000000] user: [mem 0x00000000eb200000-0x00000000eb37ffff] reserved
[    0.000000] user: [mem 0x00000000eb3f0000-0x00000000eb3f0fff] reserved
[    0.000000] user: [mem 0x00000000eb800000-0x00000000eb97ffff] reserved
[    0.000000] user: [mem 0x00000000eb9f0000-0x00000000eb9f0fff] reserved
[    0.000000] user: [mem 0x00000000ebf00000-0x00000000ebf7ffff] reserved
[    0.000000] user: [mem 0x00000000ebff0000-0x00000000ebff0fff] reserved
[    0.000000] user: [mem 0x00000000fea00000-0x00000000feafffff] reserved
[    0.000000] user: [mem 0x00000000fec00000-0x00000000fec00fff] reserved
[    0.000000] user: [mem 0x00000000fec10000-0x00000000fec10fff] reserved
[    0.000000] user: [mem 0x00000000fed00000-0x00000000fed00fff] reserved
[    0.000000] user: [mem 0x00000000fed40000-0x00000000fed44fff] reserved
[    0.000000] user: [mem 0x00000000fed80000-0x00000000fed8ffff] reserved
[    0.000000] user: [mem 0x00000000fedc0000-0x00000000fedc0fff] reserved
[    0.000000] user: [mem 0x00000000fedc2000-0x00000000fedc8fff] reserved
[    0.000000] user: [mem 0x00000000fee00000-0x00000000feefffff] reserved
[    0.000000] user: [mem 0x00000000ff000000-0x00000000ffffffff] reserved
[    0.000000] user: [mem 0x0000000100000000-0x000000021f37ffff] usable
[    0.000000] user: [mem 0x000000021f380000-0x000000021fffffff] reserved
[    0.000000] user: [mem 0x0000000220000000-0x000000041ff7ffff] usable
[    0.000000] user: [mem 0x000000041ff80000-0x000000041fffffff] reserved
[    0.000000] user: [mem 0x0000000420000000-0x000000061ff7ffff] usable
[    0.000000] user: [mem 0x000000061ff80000-0x000000061fffffff] reserved
[    0.000000] user: [mem 0x0000000620000000-0x000000081ff7ffff] usable
[    0.000000] user: [mem 0x000000081ff80000-0x000000081fffffff] reserved
[    0.000000] efi: EFI v2.60 by American Megatrends
[    0.000000] efi:  ACPI 2.0=3D0xda4b8000  ACPI=3D0xda4b8000  SMBIOS=3D0xd=
abe7000  SMBIOS 3.0=3D0xdabe6000  ESRT=3D0xd5b60f98  MEMATTR=3D0xd4ab2018=
=20
[    0.000000] secureboot: Secure boot disabled
[    0.000000] SMBIOS 3.1.1 present.
[    0.000000] DMI: GIGABYTE MZ01-CE1-00/MZ01-CE1-00, BIOS F02 08/29/2018
[    0.000000] tsc: Fast TSC calibration using PIT
[    0.000000] tsc: Detected 2400.096 MHz processor
[    0.000598] e820: update [mem 0x00000000-0x00000fff] usable =3D=3D> rese=
rved
[    0.000601] e820: remove [mem 0x000a0000-0x000fffff] usable
[    0.000615] last_pfn =3D 0x81ff80 max_arch_pfn =3D 0x400000000
[    0.000622] MTRR default type: uncachable
[    0.000624] MTRR fixed ranges enabled:
[    0.000626]   00000-9FFFF write-back
[    0.000627]   A0000-BFFFF write-through
[    0.000629]   C0000-FFFFF uncachable
[    0.000630] MTRR variable ranges enabled:
[    0.000632]   0 base 000000000000 mask FFFF80000000 write-back
[    0.000634]   1 base 000080000000 mask FFFFC0000000 write-back
[    0.000636]   2 base 0000C0000000 mask FFFFE0000000 write-back
[    0.000637]   3 base 0000DC000000 mask FFFFFC000000 uncachable
[    0.000639]   4 disabled
[    0.000640]   5 disabled
[    0.000641]   6 disabled
[    0.000642]   7 disabled
[    0.000644] TOM2: 0000000820000000 aka 33280M
[    0.001474] x86/PAT: Configuration [0-7]: WB  WC  UC- UC  WB  WP  UC- WT=
 =20
[    0.003273] e820: update [mem 0xdc000000-0xffffffff] usable =3D=3D> rese=
rved
[    0.003282] last_pfn =3D 0xdc000 max_arch_pfn =3D 0x400000000
[    0.027257] esrt: Reserving ESRT space from 0x00000000d5b60f98 to 0x0000=
0000d5b60fd0.
[    0.027274] check: Scanning 1 areas for low memory corruption
[    0.027280] Using GB pages for direct mapping
[    0.027283] BRK [0x3ec401000, 0x3ec401fff] PGTABLE
[    0.027286] BRK [0x3ec402000, 0x3ec402fff] PGTABLE
[    0.027288] BRK [0x3ec403000, 0x3ec403fff] PGTABLE
[    0.027357] BRK [0x3ec404000, 0x3ec404fff] PGTABLE
[    0.027360] BRK [0x3ec405000, 0x3ec405fff] PGTABLE
[    0.027739] BRK [0x3ec406000, 0x3ec406fff] PGTABLE
[    0.027836] BRK [0x3ec407000, 0x3ec407fff] PGTABLE
[    0.027987] BRK [0x3ec408000, 0x3ec408fff] PGTABLE
[    0.028089] BRK [0x3ec409000, 0x3ec409fff] PGTABLE
[    0.028215] BRK [0x3ec40a000, 0x3ec40afff] PGTABLE
[    0.028328] BRK [0x3ec40b000, 0x3ec40bfff] PGTABLE
[    0.028516] BRK [0x3ec40c000, 0x3ec40cfff] PGTABLE
[    0.044231] printk: log_buf_len: 134217728 bytes
[    0.044236] printk: early log buf free: 248440(94%)
[    0.044238] RAMDISK: [mem 0x7af6d000-0x7cbd1fff]
[    0.044248] ACPI: Early table checksum verification disabled
[    0.044255] ACPI: RSDP 0x00000000DA4B8000 000024 (v02 AMD   )
[    0.044261] ACPI: XSDT 0x00000000DA4B80B8 0000F4 (v01 AMD    GBTUACPI 03=
242016 AMI  00010013)
[    0.044269] ACPI: FACP 0x00000000DA4C4F30 000114 (v06 AMD    GBTUACPI 03=
242016 AMI  00010013)
[    0.044277] ACPI: DSDT 0x00000000DA4B8248 00CCE4 (v02 AMD    GBTUACPI 03=
242016 INTL 20120913)
[    0.044282] ACPI: FACS 0x00000000DA50FE80 000040
[    0.044286] ACPI: APIC 0x00000000DA4C5048 000482 (v04 AMD    GBTUACPI 03=
242016 AMI  00010013)
[    0.044290] ACPI: FPDT 0x00000000DA4C54D0 000044 (v01 AMD    GBTUACPI 03=
242016 AMI  00010013)
[    0.044294] ACPI: FIDT 0x00000000DA4C5518 00009C (v01 AMD    GBTUACPI 03=
242016 AMI  00010013)
[    0.044299] ACPI: SSDT 0x00000000DA4C55B8 0000D2 (v02 AMD    AMD ALIB 00=
000002 MSFT 04000000)
[    0.044303] ACPI: SPMI 0x00000000DA4C5690 000041 (v05 AMD    GBTUACPI 00=
000000 AMI. 00000000)
[    0.044307] ACPI: SSDT 0x00000000DA4C56D8 0000FC (v02 AMD    CPUSSDT  03=
242016 AMI  03242016)
[    0.044312] ACPI: MCFG 0x00000000DA4C57D8 00003C (v01 AMD    GBTUACPI 03=
242016 MSFT 00010013)
[    0.044316] ACPI: SSDT 0x00000000DA4C5818 001F04 (v01 AMD    AMD CPU  00=
000001 AMD  00000001)
[    0.044320] ACPI: SRAT 0x00000000DA4C7720 000220 (v03 AMD    AMD SRAT 00=
000001 AMD  00000001)
[    0.044324] ACPI: MSCT 0x00000000DA4C7940 00004E (v01 AMD    AMD MSCT 00=
000000 AMD  00000001)
[    0.044329] ACPI: SLIT 0x00000000DA4C7990 00003C (v01 AMD    AMD SLIT 00=
000001 AMD  00000001)
[    0.044333] ACPI: CRAT 0x00000000DA4C79D0 001FC0 (v01 AMD    AMD CRAT 00=
000001 AMD  00000001)
[    0.044337] ACPI: CDIT 0x00000000DA4C9990 000038 (v01 AMD    AMD CDIT 00=
000001 AMD  00000001)
[    0.044341] ACPI: BERT 0x00000000DA4C99C8 000030 (v01 AMD    AMD BERT 00=
000001 AMD  00000001)
[    0.044345] ACPI: EINJ 0x00000000DA4C99F8 000150 (v01 AMD    AMD EINJ 00=
000001 AMD  00000001)
[    0.044349] ACPI: HEST 0x00000000DA4C9B48 000608 (v01 AMD    AMD HEST 00=
000001 AMD  00000001)
[    0.044354] ACPI: HPET 0x00000000DA4CA150 000038 (v01 AMD    GBTUACPI 03=
242016 AMI  00000005)
[    0.044358] ACPI: SSDT 0x00000000DA4CA188 000024 (v01 AMDFCH FCHZP    00=
001000 INTL 20120913)
[    0.044362] ACPI: UEFI 0x00000000DA4CA1B0 000042 (v01                 00=
000000      00000000)
[    0.044366] ACPI: VFCT 0x00000000DA4CA1F8 00EE84 (v01 AMD    GBTUACPI 00=
000001 AMD  31504F47)
[    0.044371] ACPI: IVRS 0x00000000DA4D9080 0001F0 (v02 AMD    AMD IVRS 00=
000001 AMD  00000000)
[    0.044375] ACPI: BGRT 0x00000000DA4D9270 000038 (v01 AMD    GBTUACPI 03=
242016 AMI  00010013)
[    0.044379] ACPI: SSDT 0x00000000DA4D92A8 001630 (v01 AMD    CPMCMN   00=
000001 INTL 20120913)
[    0.044383] ACPI: WSMT 0x00000000DA4DA8D8 000028 (v01 AMD    GBTUACPI 03=
242016 AMI  00010013)
[    0.044387] ACPI: ERST 0x00000000DA4DA900 000230 (v01 AMIER  AMI.ERST 00=
000000 AMI. 00000000)
[    0.044396] ACPI: Local APIC address 0xfee00000
[    0.044437] SRAT: PXM 0 -> APIC 0x00 -> Node 0
[    0.044440] SRAT: PXM 0 -> APIC 0x01 -> Node 0
[    0.044442] SRAT: PXM 0 -> APIC 0x08 -> Node 0
[    0.044444] SRAT: PXM 0 -> APIC 0x09 -> Node 0
[    0.044446] SRAT: PXM 1 -> APIC 0x10 -> Node 1
[    0.044448] SRAT: PXM 1 -> APIC 0x11 -> Node 1
[    0.044450] SRAT: PXM 1 -> APIC 0x18 -> Node 1
[    0.044452] SRAT: PXM 1 -> APIC 0x19 -> Node 1
[    0.044454] SRAT: PXM 2 -> APIC 0x20 -> Node 2
[    0.044456] SRAT: PXM 2 -> APIC 0x21 -> Node 2
[    0.044458] SRAT: PXM 2 -> APIC 0x28 -> Node 2
[    0.044460] SRAT: PXM 2 -> APIC 0x29 -> Node 2
[    0.044462] SRAT: PXM 3 -> APIC 0x30 -> Node 3
[    0.044464] SRAT: PXM 3 -> APIC 0x31 -> Node 3
[    0.044466] SRAT: PXM 3 -> APIC 0x38 -> Node 3
[    0.044468] SRAT: PXM 3 -> APIC 0x39 -> Node 3
[    0.044472] ACPI: SRAT: Node 0 PXM 0 [mem 0x00000000-0x0009ffff]
[    0.044475] ACPI: SRAT: Node 0 PXM 0 [mem 0x00100000-0xdfffffff]
[    0.044477] ACPI: SRAT: Node 0 PXM 0 [mem 0x100000000-0x21fffffff]
[    0.044479] ACPI: SRAT: Node 1 PXM 1 [mem 0x220000000-0x41fffffff]
[    0.044481] ACPI: SRAT: Node 2 PXM 2 [mem 0x420000000-0x61fffffff]
[    0.044484] ACPI: SRAT: Node 3 PXM 3 [mem 0x620000000-0x81fffffff]
[    0.044491] NUMA: Initialized distance table, cnt=3D4
[    0.044494] NUMA: Node 0 [mem 0x00000000-0x0009ffff] + [mem 0x00100000-0=
xdfffffff] -> [mem 0x00000000-0xdfffffff]
[    0.044497] NUMA: Node 0 [mem 0x00000000-0xdfffffff] + [mem 0x100000000-=
0x21fffffff] -> [mem 0x00000000-0x21fffffff]
[    0.044511] NODE_DATA(0) allocated [mem 0x21f355000-0x21f37ffff]
[    0.044529] NODE_DATA(1) allocated [mem 0x41ff55000-0x41ff7ffff]
[    0.044547] NODE_DATA(2) allocated [mem 0x61ff55000-0x61ff7ffff]
[    0.044564] NODE_DATA(3) allocated [mem 0x81ff54000-0x81ff7efff]
[    0.109320] Zone ranges:
[    0.109327]   DMA      [mem 0x0000000000001000-0x0000000000ffffff]
[    0.109330]   DMA32    [mem 0x0000000001000000-0x00000000ffffffff]
[    0.109332]   Normal   [mem 0x0000000100000000-0x000000081ff7ffff]
[    0.109335]   Device   empty
[    0.109337] Movable zone start for each node
[    0.109342] Early memory node ranges
[    0.109344]   node   0: [mem 0x0000000000001000-0x000000000009ffff]
[    0.109346]   node   0: [mem 0x0000000000100000-0x0000000039ffffff]
[    0.109348]   node   0: [mem 0x000000003f200000-0x0000000075daffff]
[    0.109350]   node   0: [mem 0x0000000076000000-0x00000000d9036fff]
[    0.109352]   node   0: [mem 0x00000000da49d000-0x00000000da4b7fff]
[    0.109354]   node   0: [mem 0x00000000dad6b000-0x00000000dbffffff]
[    0.109356]   node   0: [mem 0x0000000100000000-0x000000021f37ffff]
[    0.109358]   node   1: [mem 0x0000000220000000-0x000000041ff7ffff]
[    0.109360]   node   2: [mem 0x0000000420000000-0x000000061ff7ffff]
[    0.109362]   node   3: [mem 0x0000000620000000-0x000000081ff7ffff]
[    0.110057] Zeroed struct page in unavailable ranges: 48970 pages
[    0.110059] Initmem setup node 0 [mem 0x0000000000001000-0x000000021f37f=
fff]
[    0.110063] On node 0 totalpages: 2048438
[    0.110066]   DMA zone: 64 pages used for memmap
[    0.110067]   DMA zone: 23 pages reserved
[    0.110069]   DMA zone: 3999 pages, LIFO batch:0
[    0.110160]   DMA32 zone: 13563 pages used for memmap
[    0.110161]   DMA32 zone: 867991 pages, LIFO batch:63
[    0.130150]   Normal zone: 18382 pages used for memmap
[    0.130154]   Normal zone: 1176448 pages, LIFO batch:63
[    0.155030] Initmem setup node 1 [mem 0x0000000220000000-0x000000041ff7f=
fff]
[    0.155036] On node 1 totalpages: 2097024
[    0.155038]   Normal zone: 32766 pages used for memmap
[    0.155040]   Normal zone: 2097024 pages, LIFO batch:63
[    0.199411] Initmem setup node 2 [mem 0x0000000420000000-0x000000061ff7f=
fff]
[    0.199418] On node 2 totalpages: 2097024
[    0.199421]   Normal zone: 32766 pages used for memmap
[    0.199423]   Normal zone: 2097024 pages, LIFO batch:63
[    0.243804] Initmem setup node 3 [mem 0x0000000620000000-0x000000081ff7f=
fff]
[    0.243811] On node 3 totalpages: 2097024
[    0.243813]   Normal zone: 32766 pages used for memmap
[    0.243815]   Normal zone: 2097024 pages, LIFO batch:63
[    0.288483] ACPI: PM-Timer IO Port: 0x808
[    0.288489] ACPI: Local APIC address 0xfee00000
[    0.288502] ACPI: LAPIC_NMI (acpi_id[0xff] high edge lint[0x1])
[    0.288527] IOAPIC[0]: apic_id 128, version 33, address 0xfec00000, GSI =
0-23
[    0.288537] IOAPIC[1]: apic_id 129, version 33, address 0xebff0000, GSI =
24-55
[    0.288549] IOAPIC[2]: apic_id 130, version 33, address 0xeb9f0000, GSI =
56-87
[    0.288560] IOAPIC[3]: apic_id 131, version 33, address 0xeb3f0000, GSI =
88-119
[    0.288566] IOAPIC[4]: apic_id 132, version 33, address 0xea8f0000, GSI =
120-151
[    0.288570] ACPI: INT_SRC_OVR (bus 0 bus_irq 0 global_irq 2 dfl dfl)
[    0.288573] ACPI: INT_SRC_OVR (bus 0 bus_irq 9 global_irq 9 low level)
[    0.288576] ACPI: IRQ0 used by override.
[    0.288578] ACPI: IRQ9 used by override.
[    0.288581] Using ACPI (MADT) for SMP configuration information
[    0.288584] ACPI: HPET id: 0x10228201 base: 0xfed00000
[    0.288598] smpboot: Allowing 128 CPUs, 112 hotplug CPUs
[    0.288657] PM: Registered nosave memory: [mem 0x00000000-0x00000fff]
[    0.288661] PM: Registered nosave memory: [mem 0x000a0000-0x000fffff]
[    0.288664] PM: Registered nosave memory: [mem 0x3a000000-0x3f1fffff]
[    0.288668] PM: Registered nosave memory: [mem 0x75db0000-0x75ffffff]
[    0.288671] PM: Registered nosave memory: [mem 0xd2afb000-0xd2afbfff]
[    0.288675] PM: Registered nosave memory: [mem 0xd2b14000-0xd2b14fff]
[    0.288677] PM: Registered nosave memory: [mem 0xd2b15000-0xd2b15fff]
[    0.288680] PM: Registered nosave memory: [mem 0xd2b25000-0xd2b25fff]
[    0.288683] PM: Registered nosave memory: [mem 0xd9037000-0xda49cfff]
[    0.288687] PM: Registered nosave memory: [mem 0xda4b8000-0xda50ffff]
[    0.288689] PM: Registered nosave memory: [mem 0xda510000-0xdad6afff]
[    0.288692] PM: Registered nosave memory: [mem 0xdc000000-0xdfffffff]
[    0.288694] PM: Registered nosave memory: [mem 0xe0000000-0xea6fffff]
[    0.288696] PM: Registered nosave memory: [mem 0xea700000-0xea87ffff]
[    0.288698] PM: Registered nosave memory: [mem 0xea880000-0xea8effff]
[    0.288700] PM: Registered nosave memory: [mem 0xea8f0000-0xea8f0fff]
[    0.288702] PM: Registered nosave memory: [mem 0xea8f1000-0xeb1fffff]
[    0.288704] PM: Registered nosave memory: [mem 0xeb200000-0xeb37ffff]
[    0.288706] PM: Registered nosave memory: [mem 0xeb380000-0xeb3effff]
[    0.288708] PM: Registered nosave memory: [mem 0xeb3f0000-0xeb3f0fff]
[    0.288709] PM: Registered nosave memory: [mem 0xeb3f1000-0xeb7fffff]
[    0.288711] PM: Registered nosave memory: [mem 0xeb800000-0xeb97ffff]
[    0.288713] PM: Registered nosave memory: [mem 0xeb980000-0xeb9effff]
[    0.288715] PM: Registered nosave memory: [mem 0xeb9f0000-0xeb9f0fff]
[    0.288717] PM: Registered nosave memory: [mem 0xeb9f1000-0xebefffff]
[    0.288719] PM: Registered nosave memory: [mem 0xebf00000-0xebf7ffff]
[    0.288721] PM: Registered nosave memory: [mem 0xebf80000-0xebfeffff]
[    0.288723] PM: Registered nosave memory: [mem 0xebff0000-0xebff0fff]
[    0.288725] PM: Registered nosave memory: [mem 0xebff1000-0xfe9fffff]
[    0.288727] PM: Registered nosave memory: [mem 0xfea00000-0xfeafffff]
[    0.288729] PM: Registered nosave memory: [mem 0xfeb00000-0xfebfffff]
[    0.288731] PM: Registered nosave memory: [mem 0xfec00000-0xfec00fff]
[    0.288733] PM: Registered nosave memory: [mem 0xfec01000-0xfec0ffff]
[    0.288735] PM: Registered nosave memory: [mem 0xfec10000-0xfec10fff]
[    0.288737] PM: Registered nosave memory: [mem 0xfec11000-0xfecfffff]
[    0.288739] PM: Registered nosave memory: [mem 0xfed00000-0xfed00fff]
[    0.288741] PM: Registered nosave memory: [mem 0xfed01000-0xfed3ffff]
[    0.288743] PM: Registered nosave memory: [mem 0xfed40000-0xfed44fff]
[    0.288745] PM: Registered nosave memory: [mem 0xfed45000-0xfed7ffff]
[    0.288747] PM: Registered nosave memory: [mem 0xfed80000-0xfed8ffff]
[    0.288749] PM: Registered nosave memory: [mem 0xfed90000-0xfedbffff]
[    0.288751] PM: Registered nosave memory: [mem 0xfedc0000-0xfedc0fff]
[    0.288753] PM: Registered nosave memory: [mem 0xfedc1000-0xfedc1fff]
[    0.288754] PM: Registered nosave memory: [mem 0xfedc2000-0xfedc8fff]
[    0.288756] PM: Registered nosave memory: [mem 0xfedc9000-0xfedfffff]
[    0.288758] PM: Registered nosave memory: [mem 0xfee00000-0xfeefffff]
[    0.288760] PM: Registered nosave memory: [mem 0xfef00000-0xfeffffff]
[    0.288762] PM: Registered nosave memory: [mem 0xff000000-0xffffffff]
[    0.288766] PM: Registered nosave memory: [mem 0x21f380000-0x21fffffff]
[    0.288769] PM: Registered nosave memory: [mem 0x41ff80000-0x41fffffff]
[    0.288773] PM: Registered nosave memory: [mem 0x61ff80000-0x61fffffff]
[    0.288777] [mem 0xebff1000-0xfe9fffff] available for PCI devices
[    0.288780] Booting paravirtualized kernel on bare hardware
[    0.288787] clocksource: refined-jiffies: mask: 0xffffffff max_cycles: 0=
xffffffff, max_idle_ns: 1910969940391419 ns
[    0.427536] random: get_random_bytes called from start_kernel+0x9b/0x544=
 with crng_init=3D0
[    0.427550] setup_percpu: NR_CPUS:8192 nr_cpumask_bits:128 nr_cpu_ids:12=
8 nr_node_ids:4
[    0.492204] percpu: Embedded 494 pages/cpu s1986560 r8192 d28672 u209715=
2
[    0.492228] pcpu-alloc: s1986560 r8192 d28672 u2097152 alloc=3D1*2097152
[    0.492230] pcpu-alloc: [0] 000 [0] 001 [0] 002 [0] 003=20
[    0.492235] pcpu-alloc: [0] 016 [0] 020 [0] 024 [0] 028=20
[    0.492239] pcpu-alloc: [0] 032 [0] 036 [0] 040 [0] 044=20
[    0.492243] pcpu-alloc: [0] 048 [0] 052 [0] 056 [0] 060=20
[    0.492247] pcpu-alloc: [0] 064 [0] 068 [0] 072 [0] 076=20
[    0.492250] pcpu-alloc: [0] 080 [0] 084 [0] 088 [0] 092=20
[    0.492254] pcpu-alloc: [0] 096 [0] 100 [0] 104 [0] 108=20
[    0.492258] pcpu-alloc: [0] 112 [0] 116 [0] 120 [0] 124=20
[    0.492262] pcpu-alloc: [1] 004 [1] 005 [1] 006 [1] 007=20
[    0.492265] pcpu-alloc: [1] 017 [1] 021 [1] 025 [1] 029=20
[    0.492269] pcpu-alloc: [1] 033 [1] 037 [1] 041 [1] 045=20
[    0.492273] pcpu-alloc: [1] 049 [1] 053 [1] 057 [1] 061=20
[    0.492276] pcpu-alloc: [1] 065 [1] 069 [1] 073 [1] 077=20
[    0.492280] pcpu-alloc: [1] 081 [1] 085 [1] 089 [1] 093=20
[    0.492284] pcpu-alloc: [1] 097 [1] 101 [1] 105 [1] 109=20
[    0.492287] pcpu-alloc: [1] 113 [1] 117 [1] 121 [1] 125=20
[    0.492291] pcpu-alloc: [2] 008 [2] 009 [2] 010 [2] 011=20
[    0.492295] pcpu-alloc: [2] 018 [2] 022 [2] 026 [2] 030=20
[    0.492298] pcpu-alloc: [2] 034 [2] 038 [2] 042 [2] 046=20
[    0.492302] pcpu-alloc: [2] 050 [2] 054 [2] 058 [2] 062=20
[    0.492306] pcpu-alloc: [2] 066 [2] 070 [2] 074 [2] 078=20
[    0.492309] pcpu-alloc: [2] 082 [2] 086 [2] 090 [2] 094=20
[    0.492313] pcpu-alloc: [2] 098 [2] 102 [2] 106 [2] 110=20
[    0.492317] pcpu-alloc: [2] 114 [2] 118 [2] 122 [2] 126=20
[    0.492320] pcpu-alloc: [3] 012 [3] 013 [3] 014 [3] 015=20
[    0.492324] pcpu-alloc: [3] 019 [3] 023 [3] 027 [3] 031=20
[    0.492328] pcpu-alloc: [3] 035 [3] 039 [3] 043 [3] 047=20
[    0.492331] pcpu-alloc: [3] 051 [3] 055 [3] 059 [3] 063=20
[    0.492335] pcpu-alloc: [3] 067 [3] 071 [3] 075 [3] 079=20
[    0.492339] pcpu-alloc: [3] 083 [3] 087 [3] 091 [3] 095=20
[    0.492342] pcpu-alloc: [3] 099 [3] 103 [3] 107 [3] 111=20
[    0.492346] pcpu-alloc: [3] 115 [3] 119 [3] 123 [3] 127=20
[    0.492451] Built 4 zonelists, mobility grouping on.  Total pages: 82091=
80
[    0.492453] Policy zone: Normal
[    0.492465] Kernel command line: BOOT_IMAGE=3D(hd8,gpt2)/vmlinuz-5.0.16-=
300.local.fc30.x86_64 root=3DUUID=3Ded3d2375-084d-422f-89dc-f609b60ffb0f ro=
 amd_iommu=3Doff memmap=3D0x5200000$0x3a000000 log_buf_len=3D128M
[    1.722225] Memory: 32226332K/33358040K available (14339K kernel code, 3=
233K rwdata, 4388K rodata, 4876K init, 18484K bss, 1131708K reserved, 0K cm=
a-reserved)
[    1.723508] SLUB: HWalign=3D64, Order=3D0-3, MinObjects=3D0, CPUs=3D128,=
 Nodes=3D4
[    1.723812] ftrace: allocating 39559 entries in 155 pages
[    1.742214] Running RCU self tests
[    1.742218] rcu: Hierarchical RCU implementation.
[    1.742220] rcu: =09RCU lockdep checking is enabled.
[    1.742222] rcu: =09RCU restricting CPUs from NR_CPUS=3D8192 to nr_cpu_i=
ds=3D128.
[    1.742224] rcu: =09RCU callback double-/use-after-free debug enabled.
[    1.742227] =09Tasks RCU enabled.
[    1.742229] rcu: RCU calculated value of scheduler-enlistment delay is 1=
00 jiffies.
[    1.742231] rcu: Adjusting geometry for rcu_fanout_leaf=3D16, nr_cpu_ids=
=3D128
[    1.745843] NR_IRQS: 524544, nr_irqs: 3624, preallocated irqs: 16
[    1.746932] Console: colour dummy device 80x25
[    1.749682] printk: console [tty0] enabled
[    1.749712] Lock dependency validator: Copyright (c) 2006 Red Hat, Inc.,=
 Ingo Molnar
[    1.749724] ... MAX_LOCKDEP_SUBCLASSES:  8
[    1.749731] ... MAX_LOCK_DEPTH:          48
[    1.749738] ... MAX_LOCKDEP_KEYS:        8191
[    1.749745] ... CLASSHASH_SIZE:          4096
[    1.749752] ... MAX_LOCKDEP_ENTRIES:     32768
[    1.749759] ... MAX_LOCKDEP_CHAINS:      65536
[    1.749766] ... CHAINHASH_SIZE:          32768
[    1.749774]  memory used by lock dependency info: 7775 kB
[    1.749782]  per task-struct memory footprint: 2688 bytes
[    1.749791] kmemleak: Kernel memory leak detector disabled
[    1.750019] mempolicy: Enabling automatic NUMA balancing. Configure with=
 numa_balancing=3D or the kernel.numa_balancing sysctl
[    1.750057] ACPI: Core revision 20181213
[    1.750602] clocksource: hpet: mask: 0xffffffff max_cycles: 0xffffffff, =
max_idle_ns: 133484873504 ns
[    1.750651] hpet clockevent registered
[    1.750665] APIC: Switch to symmetric I/O mode setup
[    1.751782] AMD-Vi: AMD IOMMU disabled on kernel command-line
[    1.751853] WARNING: CPU: 0 PID: 0 at kernel/workqueue.c:2675 flush_work=
queue+0x506/0x560
[    1.751865] Modules linked in:
[    1.751873] CPU: 0 PID: 0 Comm: swapper/0 Not tainted 5.0.16-300.local.f=
c30.x86_64 #1
[    1.751885] Hardware name: GIGABYTE MZ01-CE1-00/MZ01-CE1-00, BIOS F02 08=
/29/2018
[    1.751898] RIP: 0010:flush_workqueue+0x506/0x560
[    1.751906] Code: 20 ec 45 00 84 c0 0f 84 c5 fc ff ff 4c 89 ab f0 00 00 =
00 4c 89 b5 50 ff ff ff 4c 89 a5 58 ff ff ff 4d 89 2c 24 e9 a7 fc ff ff <0f=
> 0b e9 cb fc ff ff 0f 0b e9 8e fe ff ff 0f 0b e9 7d fe ff ff 0f
[    1.751930] RSP: 0000:ffffffff8f603cf0 EFLAGS: 00010246
[    1.751939] RAX: ffffffff8f603d78 RBX: 0000000000000000 RCX: 00000000000=
00000
[    1.751949] RDX: ffffffff90261238 RSI: 0000000000000001 RDI: ffffffff902=
61238
[    1.751960] RBP: ffffffff8f603dc0 R08: 0000000000000002 R09: 00000000000=
00000
[    1.751970] R10: ffffffff8f603de0 R11: 0000000000000000 R12: dead0000000=
00200
[    1.751980] R13: ffffffff8f603d10 R14: 0000000000010000 R15: 00000000000=
00001
[    1.751991] FS:  0000000000000000(0000) GS:ffff97ad93000000(0000) knlGS:=
0000000000000000
[    1.752003] CS:  0010 DS: 0000 ES: 0000 CR0: 0000000080050033
[    1.752011] CR2: ffff97b39fdff000 CR3: 00000003ea616000 CR4: 00000000000=
406b0
[    1.752022] Call Trace:
[    1.752031]  ? mark_held_locks+0x57/0x80
[    1.752041]  ? _raw_spin_unlock_irq+0x29/0x40
[    1.752057]  ? kmem_cache_destroy+0x5d/0x290
[    1.752065]  kmem_cache_destroy+0x5d/0x290
[    1.752074]  ? __free_pages_ok+0x25d/0x580
[    1.752086]  free_iommu_resources+0x66/0x1ae
[    1.752095]  iommu_go_to_state+0xb4f/0x13a6
[    1.752106]  amd_iommu_prepare+0x16/0x2a
[    1.752114]  irq_remapping_prepare+0x36/0x46
[    1.752123]  enable_IR_x2apic+0x21/0x1a9
[    1.752131]  default_setup_apic_routing+0x12/0x6f
[    1.752140]  apic_intr_mode_init+0x15c/0x197
[    1.752149]  x86_late_time_init+0x17/0x1c
[    1.752158]  start_kernel+0x48a/0x544
[    1.752168]  secondary_startup_64+0xa4/0xb0
[    1.752181] irq event stamp: 1564
[    1.752188] hardirqs last  enabled at (1563): [<ffffffff8eac3639>] _raw_=
spin_unlock_irq+0x29/0x40
[    1.752202] hardirqs last disabled at (1564): [<ffffffff8e0037f7>] trace=
_hardirqs_off_thunk+0x1a/0x1c
[    1.752217] softirqs last  enabled at (1282): [<ffffffff8ee0035d>] __do_=
softirq+0x35d/0x468
[    1.752229] softirqs last disabled at (1275): [<ffffffff8e0ee4e9>] irq_e=
xit+0x119/0x120
[    1.752243] ---[ end trace 3b29a267a344a2e2 ]---
[    1.752463] Switched APIC routing to physical flat.
[    1.753856] ..TIMER: vector=3D0x30 apic1=3D0 pin1=3D2 apic2=3D-1 pin2=3D=
-1
[    1.758666] clocksource: tsc-early: mask: 0xffffffffffffffff max_cycles:=
 0x2298925753e, max_idle_ns: 440795325958 ns
[    1.758700] Calibrating delay loop (skipped), value calculated using tim=
er frequency.. 4800.19 BogoMIPS (lpj=3D2400096)
[    1.758719] pid_max: default: 131072 minimum: 1024
[    1.768261] ---[ User Space ]---
[    1.768269] 0x0000000000000000-0x0000000000001000           4K     RW   =
                  x  pte
[    1.768292] 0x0000000000001000-0x0000000000200000        2044K          =
                     pte
[    1.768308] 0x0000000000200000-0x0000000001000000          14M          =
                     pmd
[    1.768324] 0x0000000001000000-0x0000000001020000         128K          =
                     pte
[    1.768344] 0x0000000001020000-0x0000000001200000        1920K          =
                     pte
[    1.768362] 0x0000000001200000-0x0000000030000000         750M          =
                     pmd
[    1.768378] 0x0000000030000000-0x000000003003b000         236K          =
                     pte
[    1.768398] 0x000000003003b000-0x0000000030200000        1812K          =
                     pte
[    1.768414] 0x0000000030200000-0x0000000040000000         254M          =
                     pmd
[    1.768429] 0x0000000040000000-0x00000000c0000000           2G          =
                     pud
[    1.768445] 0x00000000c0000000-0x00000000d2e00000         302M          =
                     pmd
[    1.768464] 0x00000000d2e00000-0x00000000d2f8a000        1576K          =
                     pte
[    1.768481] 0x00000000d2f8a000-0x00000000d3000000         472K     RW   =
                  x  pte
[    1.768498] 0x00000000d3000000-0x00000000d5a00000          42M     RW   =
      PSE         x  pmd
[    1.768518] 0x00000000d5a00000-0x00000000d5b61000        1412K     RW   =
                  x  pte
[    1.768536] 0x00000000d5b61000-0x00000000d5c00000         636K          =
                     pte
[    1.768551] 0x00000000d5c00000-0x00000000d6200000           6M          =
                     pmd
[    1.768569] 0x00000000d6200000-0x00000000d6310000        1088K          =
                     pte
[    1.768585] 0x00000000d6310000-0x00000000d6368000         352K     RW   =
                  x  pte
[    1.768603] 0x00000000d6368000-0x00000000d6400000         608K          =
                     pte
[    1.768619] 0x00000000d6400000-0x00000000d8a00000          38M          =
                     pmd
[    1.768634] 0x00000000d8a00000-0x00000000d8a37000         220K          =
                     pte
[    1.768653] 0x00000000d8a37000-0x00000000d8bc2000        1580K          =
                     pte
[    1.768669] 0x00000000d8bc2000-0x00000000d8c00000         248K          =
                     pte
[    1.768684] 0x00000000d8c00000-0x00000000d9000000           4M          =
                     pmd
[    1.768695] 0x00000000d9000000-0x00000000d9037000         220K          =
                     pte
[    1.768715] 0x00000000d9037000-0x00000000d9200000        1828K          =
                     pte
[    1.768730] 0x00000000d9200000-0x00000000da400000          18M          =
                     pmd
[    1.768748] 0x00000000da400000-0x00000000da510000        1088K          =
                     pte
[    1.768766] 0x00000000da510000-0x00000000da600000         960K     RW   =
                  NX pte
[    1.768782] 0x00000000da600000-0x00000000dac00000           6M     RW   =
      PSE         NX pmd
[    1.768801] 0x00000000dac00000-0x00000000dacc3000         780K     RW   =
                  NX pte
[    1.768818] 0x00000000dacc3000-0x00000000dacc6000          12K     ro   =
                  x  pte
[    1.768835] 0x00000000dacc6000-0x00000000daccb000          20K     RW   =
                  NX pte
[    1.768851] 0x00000000daccb000-0x00000000daccc000           4K     ro   =
                  x  pte
[    1.768868] 0x00000000daccc000-0x00000000dacd0000          16K     RW   =
                  NX pte
[    1.768885] 0x00000000dacd0000-0x00000000dacd1000           4K     ro   =
                  x  pte
[    1.768902] 0x00000000dacd1000-0x00000000dacd5000          16K     RW   =
                  NX pte
[    1.768918] 0x00000000dacd5000-0x00000000dacd8000          12K     ro   =
                  x  pte
[    1.768935] 0x00000000dacd8000-0x00000000dacdd000          20K     RW   =
                  NX pte
[    1.768952] 0x00000000dacdd000-0x00000000dacdf000           8K     ro   =
                  x  pte
[    1.768969] 0x00000000dacdf000-0x00000000dace4000          20K     RW   =
                  NX pte
[    1.768986] 0x00000000dace4000-0x00000000dace5000           4K     ro   =
                  x  pte
[    1.769002] 0x00000000dace5000-0x00000000dace9000          16K     RW   =
                  NX pte
[    1.769019] 0x00000000dace9000-0x00000000dacea000           4K     ro   =
                  x  pte
[    1.769036] 0x00000000dacea000-0x00000000dacee000          16K     RW   =
                  NX pte
[    1.769052] 0x00000000dacee000-0x00000000dacf0000           8K     ro   =
                  x  pte
[    1.769069] 0x00000000dacf0000-0x00000000dacf5000          20K     RW   =
                  NX pte
[    1.769086] 0x00000000dacf5000-0x00000000dacf6000           4K     ro   =
                  x  pte
[    1.769103] 0x00000000dacf6000-0x00000000dacfa000          16K     RW   =
                  NX pte
[    1.769120] 0x00000000dacfa000-0x00000000dacfd000          12K     ro   =
                  x  pte
[    1.769136] 0x00000000dacfd000-0x00000000dad01000          16K     RW   =
                  NX pte
[    1.769153] 0x00000000dad01000-0x00000000dad0e000          52K     ro   =
                  x  pte
[    1.769170] 0x00000000dad0e000-0x00000000dad15000          28K     RW   =
                  NX pte
[    1.769187] 0x00000000dad15000-0x00000000dad17000           8K     ro   =
                  x  pte
[    1.769204] 0x00000000dad17000-0x00000000dad1d000          24K     RW   =
                  NX pte
[    1.769220] 0x00000000dad1d000-0x00000000dad1f000           8K     ro   =
                  x  pte
[    1.769237] 0x00000000dad1f000-0x00000000dad25000          24K     RW   =
                  NX pte
[    1.769254] 0x00000000dad25000-0x00000000dad26000           4K     ro   =
                  x  pte
[    1.769271] 0x00000000dad26000-0x00000000dad2b000          20K     RW   =
                  NX pte
[    1.769288] 0x00000000dad2b000-0x00000000dad2c000           4K     ro   =
                  x  pte
[    1.769304] 0x00000000dad2c000-0x00000000dad31000          20K     RW   =
                  NX pte
[    1.769321] 0x00000000dad31000-0x00000000dad32000           4K     ro   =
                  x  pte
[    1.769338] 0x00000000dad32000-0x00000000dad37000          20K     RW   =
                  NX pte
[    1.769355] 0x00000000dad37000-0x00000000dad38000           4K     ro   =
                  x  pte
[    1.769371] 0x00000000dad38000-0x00000000dad3d000          20K     RW   =
                  NX pte
[    1.769388] 0x00000000dad3d000-0x00000000dad40000          12K     ro   =
                  x  pte
[    1.769405] 0x00000000dad40000-0x00000000dad45000          20K     RW   =
                  NX pte
[    1.769422] 0x00000000dad45000-0x00000000dad4f000          40K     ro   =
                  x  pte
[    1.769439] 0x00000000dad4f000-0x00000000dad56000          28K     RW   =
                  NX pte
[    1.769456] 0x00000000dad56000-0x00000000dad5b000          20K     ro   =
                  x  pte
[    1.769472] 0x00000000dad5b000-0x00000000dad61000          24K     RW   =
                  NX pte
[    1.769489] 0x00000000dad61000-0x00000000dad65000          16K     ro   =
                  x  pte
[    1.769506] 0x00000000dad65000-0x00000000dad6b000          24K     RW   =
                  NX pte
[    1.769524] 0x00000000dad6b000-0x00000000dae00000         596K          =
                     pte
[    1.769539] 0x00000000dae00000-0x00000000dc000000          18M          =
                     pmd
[    1.769556] 0x00000000dc000000-0x00000000ea600000         230M          =
                     pmd
[    1.769573] 0x00000000ea600000-0x00000000ea700000           1M          =
                     pte
[    1.769592] 0x00000000ea700000-0x00000000ea880000        1536K     RW   =
                  x  pte
[    1.769610] 0x00000000ea880000-0x00000000ea8f0000         448K          =
                     pte
[    1.769625] 0x00000000ea8f0000-0x00000000ea8f1000           4K     RW   =
                  x  pte
[    1.769644] 0x00000000ea8f1000-0x00000000eaa00000        1084K          =
                     pte
[    1.769659] 0x00000000eaa00000-0x00000000eb200000           8M          =
                     pmd
[    1.769678] 0x00000000eb200000-0x00000000eb380000        1536K     RW   =
                  x  pte
[    1.769709] 0x00000000eb380000-0x00000000eb3f0000         448K          =
                     pte
[    1.769724] 0x00000000eb3f0000-0x00000000eb3f1000           4K     RW   =
                  x  pte
[    1.769741] 0x00000000eb3f1000-0x00000000eb400000          60K          =
                     pte
[    1.769756] 0x00000000eb400000-0x00000000eb800000           4M          =
                     pmd
[    1.769775] 0x00000000eb800000-0x00000000eb980000        1536K     RW   =
                  x  pte
[    1.769793] 0x00000000eb980000-0x00000000eb9f0000         448K          =
                     pte
[    1.769808] 0x00000000eb9f0000-0x00000000eb9f1000           4K     RW   =
                  x  pte
[    1.769825] 0x00000000eb9f1000-0x00000000eba00000          60K          =
                     pte
[    1.769840] 0x00000000eba00000-0x00000000ebe00000           4M          =
                     pmd
[    1.769858] 0x00000000ebe00000-0x00000000ebf00000           1M          =
                     pte
[    1.769874] 0x00000000ebf00000-0x00000000ebf80000         512K     RW   =
                  x  pte
[    1.769892] 0x00000000ebf80000-0x00000000ebff0000         448K          =
                     pte
[    1.769907] 0x00000000ebff0000-0x00000000ebff1000           4K     RW   =
                  x  pte
[    1.769924] 0x00000000ebff1000-0x00000000ec000000          60K          =
                     pte
[    1.769940] 0x00000000ec000000-0x00000000fea00000         298M          =
                     pmd
[    1.769958] 0x00000000fea00000-0x00000000feb00000           1M     RW   =
                  x  pte
[    1.769977] 0x00000000feb00000-0x00000000fec00000           1M          =
                     pte
[    1.769992] 0x00000000fec00000-0x00000000fec01000           4K     RW   =
                  x  pte
[    1.770009] 0x00000000fec01000-0x00000000fec10000          60K          =
                     pte
[    1.770024] 0x00000000fec10000-0x00000000fec11000           4K     RW   =
                  x  pte
[    1.770043] 0x00000000fec11000-0x00000000fed00000         956K          =
                     pte
[    1.770058] 0x00000000fed00000-0x00000000fed01000           4K     RW   =
                  x  pte
[    1.770075] 0x00000000fed01000-0x00000000fed40000         252K          =
                     pte
[    1.770091] 0x00000000fed40000-0x00000000fed45000          20K     RW   =
                  x  pte
[    1.770108] 0x00000000fed45000-0x00000000fed80000         236K          =
                     pte
[    1.770123] 0x00000000fed80000-0x00000000fed90000          64K     RW   =
                  x  pte
[    1.770140] 0x00000000fed90000-0x00000000fedc0000         192K          =
                     pte
[    1.770155] 0x00000000fedc0000-0x00000000fedc1000           4K     RW   =
                  x  pte
[    1.770172] 0x00000000fedc1000-0x00000000fedc2000           4K          =
                     pte
[    1.770187] 0x00000000fedc2000-0x00000000fedc9000          28K     RW   =
                  x  pte
[    1.770205] 0x00000000fedc9000-0x00000000fee00000         220K          =
                     pte
[    1.770222] 0x00000000fee00000-0x00000000fef00000           1M     RW   =
                  x  pte
[    1.770241] 0x00000000fef00000-0x00000000ff000000           1M          =
                     pte
[    1.770257] 0x00000000ff000000-0x0000000100000000          16M     RW   =
      PSE         x  pmd
[    1.770273] 0x0000000100000000-0x0000000200000000           4G          =
                     pud
[    1.770290] 0x0000000200000000-0x0000000212c00000         300M          =
                     pmd
[    1.770309] 0x0000000212c00000-0x0000000212db2000        1736K          =
                     pte
[    1.770324] 0x0000000212db2000-0x0000000212db4000           8K     RW   =
                  NX pte
[    1.770342] 0x0000000212db4000-0x0000000212e00000         304K          =
                     pte
[    1.770359] 0x0000000212e00000-0x0000000240000000         722M          =
                     pmd
[    1.770378] 0x0000000240000000-0x0000008000000000         503G          =
                     pud
[    1.770398] 0x0000008000000000-0xffff800000000000   17179737600G        =
                       pgd
[    1.770414] ---[ Kernel Space ]---
[    1.770421] 0xffff800000000000-0xffff808000000000         512G          =
                     pgd
[    1.770436] ---[ LDT remap ]---
[    1.770443] 0xffff808000000000-0xffff810000000000         512G          =
                     pgd
[    1.770458] ---[ Low Kernel Mapping ]---
[    1.770466] 0xffff810000000000-0xffff818000000000         512G          =
                     pgd
[    1.770481] ---[ vmalloc() Area ]---
[    1.770488] 0xffff818000000000-0xffff820000000000         512G          =
                     pgd
[    1.770503] ---[ Vmemmap ]---
[    1.770511] 0xffff820000000000-0xffff978000000000       22016G          =
                     pgd
[    1.770527] 0xffff978000000000-0xffff97ab80000000         174G          =
                     pud
[    1.770547] 0xffff97ab80000000-0xffff97ab80200000           2M     RW   =
              GLB NX pte
[    1.770567] 0xffff97ab80200000-0xffff97abba000000         926M     RW   =
      PSE     GLB NX pmd
[    1.770584] 0xffff97abba000000-0xffff97abbf200000          82M          =
                     pmd
[    1.770603] 0xffff97abbf200000-0xffff97abf5c00000         874M     RW   =
      PSE     GLB NX pmd
[    1.770624] 0xffff97abf5c00000-0xffff97abf5db0000        1728K     RW   =
              GLB NX pte
[    1.770641] 0xffff97abf5db0000-0xffff97abf5e00000         320K          =
                     pte
[    1.770657] 0xffff97abf5e00000-0xffff97abf6000000           2M          =
                     pmd
[    1.770673] 0xffff97abf6000000-0xffff97ac00000000         160M     RW   =
      PSE     GLB NX pmd
[    1.770689] 0xffff97ac00000000-0xffff97ac40000000           1G     RW   =
      PSE     GLB NX pud
[    1.770712] 0xffff97ac40000000-0xffff97ac59000000         400M     RW   =
      PSE     GLB NX pmd
[    1.770729] 0xffff97ac59000000-0xffff97ac59037000         220K     RW   =
              GLB NX pte
[    1.770750] 0xffff97ac59037000-0xffff97ac59200000        1828K          =
                     pte
[    1.770765] 0xffff97ac59200000-0xffff97ac5a400000          18M          =
                     pmd
[    1.770782] 0xffff97ac5a400000-0xffff97ac5a49d000         628K          =
                     pte
[    1.770797] 0xffff97ac5a49d000-0xffff97ac5a4b8000         108K     RW   =
              GLB NX pte
[    1.770817] 0xffff97ac5a4b8000-0xffff97ac5a600000        1312K          =
                     pte
[    1.770832] 0xffff97ac5a600000-0xffff97ac5ac00000           6M          =
                     pmd
[    1.770851] 0xffff97ac5ac00000-0xffff97ac5ad6b000        1452K          =
                     pte
[    1.770867] 0xffff97ac5ad6b000-0xffff97ac5ae00000         596K     RW   =
              GLB NX pte
[    1.770884] 0xffff97ac5ae00000-0xffff97ac5c000000          18M     RW   =
      PSE     GLB NX pmd
[    1.770903] 0xffff97ac5c000000-0xffff97ac80000000         576M          =
                     pmd
[    1.770918] 0xffff97ac80000000-0xffff97ad80000000           4G     RW   =
      PSE     GLB NX pud
[    1.770937] 0xffff97ad80000000-0xffff97ad9f200000         498M     RW   =
      PSE     GLB NX pmd
[    1.770957] 0xffff97ad9f200000-0xffff97ad9f380000        1536K     RW   =
              GLB NX pte
[    1.770975] 0xffff97ad9f380000-0xffff97ad9f400000         512K          =
                     pte
[    1.770990] 0xffff97ad9f400000-0xffff97ada0000000          12M          =
                     pmd
[    1.771007] 0xffff97ada0000000-0xffff97adc0000000         512M     RW   =
      PSE     GLB NX pmd
[    1.771024] 0xffff97adc0000000-0xffff97af80000000           7G     RW   =
      PSE     GLB NX pud
[    1.771043] 0xffff97af80000000-0xffff97af9fe00000         510M     RW   =
      PSE     GLB NX pmd
[    1.771064] 0xffff97af9fe00000-0xffff97af9ff80000        1536K     RW   =
              GLB NX pte
[    1.771082] 0xffff97af9ff80000-0xffff97afa0000000         512K          =
                     pte
[    1.771099] 0xffff97afa0000000-0xffff97afc0000000         512M     RW   =
      PSE     GLB NX pmd
[    1.771116] 0xffff97afc0000000-0xffff97b180000000           7G     RW   =
      PSE     GLB NX pud
[    1.771135] 0xffff97b180000000-0xffff97b19fe00000         510M     RW   =
      PSE     GLB NX pmd
[    1.771155] 0xffff97b19fe00000-0xffff97b19ff80000        1536K     RW   =
              GLB NX pte
[    1.771173] 0xffff97b19ff80000-0xffff97b1a0000000         512K          =
                     pte
[    1.771190] 0xffff97b1a0000000-0xffff97b1c0000000         512M     RW   =
      PSE     GLB NX pmd
[    1.771207] 0xffff97b1c0000000-0xffff97b380000000           7G     RW   =
      PSE     GLB NX pud
[    1.771226] 0xffff97b380000000-0xffff97b39fe00000         510M     RW   =
      PSE     GLB NX pmd
[    1.771246] 0xffff97b39fe00000-0xffff97b39ff80000        1536K     RW   =
              GLB NX pte
[    1.771264] 0xffff97b39ff80000-0xffff97b3a0000000         512K          =
                     pte
[    1.771281] 0xffff97b3a0000000-0xffff97b3c0000000         512M          =
                     pmd
[    1.771298] 0xffff97b3c0000000-0xffff980000000000         305G          =
                     pud
[    1.771314] 0xffff980000000000-0xffffae0000000000          22T          =
                     pgd
[    1.771330] 0xffffae0000000000-0xffffae1580000000          86G          =
                     pud
[    1.771345] 0xffffae1580000000-0xffffae1580002000           8K     RW   =
              GLB NX pte
[    1.771362] 0xffffae1580002000-0xffffae1580003000           4K          =
                     pte
[    1.771377] 0xffffae1580003000-0xffffae1580004000           4K     RW   =
              GLB NX pte
[    1.771394] 0xffffae1580004000-0xffffae1580005000           4K          =
                     pte
[    1.771409] 0xffffae1580005000-0xffffae1580006000           4K     RW   =
  PCD         GLB NX pte
[    1.771426] 0xffffae1580006000-0xffffae1580008000           8K          =
                     pte
[    1.771441] 0xffffae1580008000-0xffffae158000b000          12K     RW   =
              GLB NX pte
[    1.771458] 0xffffae158000b000-0xffffae158000c000           4K          =
                     pte
[    1.771473] 0xffffae158000c000-0xffffae158000f000          12K     RW   =
              GLB NX pte
[    1.771490] 0xffffae158000f000-0xffffae1580010000           4K          =
                     pte
[    1.771505] 0xffffae1580010000-0xffffae158001d000          52K     RW   =
              GLB NX pte
[    1.771522] 0xffffae158001d000-0xffffae158001e000           4K          =
                     pte
[    1.771537] 0xffffae158001e000-0xffffae1580020000           8K     RW   =
              GLB NX pte
[    1.771554] 0xffffae1580020000-0xffffae1580022000           8K          =
                     pte
[    1.771569] 0xffffae1580022000-0xffffae1580024000           8K     RW   =
              GLB NX pte
[    1.771586] 0xffffae1580024000-0xffffae1580030000          48K          =
                     pte
[    1.771601] 0xffffae1580030000-0xffffae1580040000          64K     RW   =
              GLB NX pte
[    1.771627] 0xffffae1580040000-0xffffae1580400000        3840K          =
                     pte
[    1.771645] 0xffffae1580400000-0xffffae15c0000000        1020M          =
                     pmd
[    1.771663] 0xffffae15c0000000-0xffffae8000000000         425G          =
                     pud
[    1.771681] 0xffffae8000000000-0xffffef0000000000       66048G          =
                     pgd
[    1.771696] 0xffffef0000000000-0xffffef2cc0000000         179G          =
                     pud
[    1.771711] 0xffffef2cc0000000-0xffffef2cc3800000          56M     RW   =
      PSE     GLB NX pmd
[    1.771728] 0xffffef2cc3800000-0xffffef2cc4000000           8M          =
                     pmd
[    1.771745] 0xffffef2cc4000000-0xffffef2ce0800000         456M     RW   =
      PSE     GLB NX pmd
[    1.771764] 0xffffef2ce0800000-0xffffef2d00000000         504M          =
                     pmd
[    1.771781] 0xffffef2d00000000-0xffffef8000000000         332G          =
                     pud
[    1.771797] 0xffffef8000000000-0xfffffe0000000000       14848G          =
                     pgd
[    1.771812] ---[ CPU entry Area ]---
[    1.771819] 0xfffffe0000000000-0xfffffe0000002000           8K     ro   =
              GLB NX pte
[    1.771836] 0xfffffe0000002000-0xfffffe0000003000           4K     RW   =
              GLB NX pte
[    1.771853] 0xfffffe0000003000-0xfffffe0000006000          12K     ro   =
              GLB NX pte
[    1.771869] 0xfffffe0000006000-0xfffffe000000b000          20K     RW   =
              GLB NX pte
[    1.771886] 0xfffffe000000b000-0xfffffe000002c000         132K          =
                     pte
[    1.771902] 0xfffffe000002c000-0xfffffe000002d000           4K     ro   =
              GLB NX pte
[    1.771918] 0xfffffe000002d000-0xfffffe000002e000           4K     RW   =
              GLB NX pte
[    1.771935] 0xfffffe000002e000-0xfffffe0000031000          12K     ro   =
              GLB NX pte
[    1.771952] 0xfffffe0000031000-0xfffffe0000036000          20K     RW   =
              GLB NX pte
[    1.771969] 0xfffffe0000036000-0xfffffe0000057000         132K          =
                     pte
[    1.771984] 0xfffffe0000057000-0xfffffe0000058000           4K     ro   =
              GLB NX pte
[    1.772001] 0xfffffe0000058000-0xfffffe0000059000           4K     RW   =
              GLB NX pte
[    1.772018] 0xfffffe0000059000-0xfffffe000005c000          12K     ro   =
              GLB NX pte
[    1.772034] 0xfffffe000005c000-0xfffffe0000061000          20K     RW   =
              GLB NX pte
[    1.772051] 0xfffffe0000061000-0xfffffe0000082000         132K          =
                     pte
[    1.772066] 0xfffffe0000082000-0xfffffe0000083000           4K     ro   =
              GLB NX pte
[    1.772083] 0xfffffe0000083000-0xfffffe0000084000           4K     RW   =
              GLB NX pte
[    1.772100] 0xfffffe0000084000-0xfffffe0000087000          12K     ro   =
              GLB NX pte
[    1.772117] 0xfffffe0000087000-0xfffffe000008c000          20K     RW   =
              GLB NX pte
[    1.772134] 0xfffffe000008c000-0xfffffe00000ad000         132K          =
                     pte
[    1.772149] 0xfffffe00000ad000-0xfffffe00000ae000           4K     ro   =
              GLB NX pte
[    1.772166] 0xfffffe00000ae000-0xfffffe00000af000           4K     RW   =
              GLB NX pte
[    1.772182] 0xfffffe00000af000-0xfffffe00000b2000          12K     ro   =
              GLB NX pte
[    1.772199] 0xfffffe00000b2000-0xfffffe00000b7000          20K     RW   =
              GLB NX pte
[    1.772216] 0xfffffe00000b7000-0xfffffe00000d8000         132K          =
                     pte
[    1.772231] 0xfffffe00000d8000-0xfffffe00000d9000           4K     ro   =
              GLB NX pte
[    1.772248] 0xfffffe00000d9000-0xfffffe00000da000           4K     RW   =
              GLB NX pte
[    1.772265] 0xfffffe00000da000-0xfffffe00000dd000          12K     ro   =
              GLB NX pte
[    1.772282] 0xfffffe00000dd000-0xfffffe00000e2000          20K     RW   =
              GLB NX pte
[    1.772299] 0xfffffe00000e2000-0xfffffe0000103000         132K          =
                     pte
[    1.772314] 0xfffffe0000103000-0xfffffe0000104000           4K     ro   =
              GLB NX pte
[    1.772331] 0xfffffe0000104000-0xfffffe0000105000           4K     RW   =
              GLB NX pte
[    1.772347] 0xfffffe0000105000-0xfffffe0000108000          12K     ro   =
              GLB NX pte
[    1.772364] 0xfffffe0000108000-0xfffffe000010d000          20K     RW   =
              GLB NX pte
[    1.772381] 0xfffffe000010d000-0xfffffe000012e000         132K          =
                     pte
[    1.772396] 0xfffffe000012e000-0xfffffe000012f000           4K     ro   =
              GLB NX pte
[    1.772413] 0xfffffe000012f000-0xfffffe0000130000           4K     RW   =
              GLB NX pte
[    1.772430] 0xfffffe0000130000-0xfffffe0000133000          12K     ro   =
              GLB NX pte
[    1.772447] 0xfffffe0000133000-0xfffffe0000138000          20K     RW   =
              GLB NX pte
[    1.772464] 0xfffffe0000138000-0xfffffe0000159000         132K          =
                     pte
[    1.772479] 0xfffffe0000159000-0xfffffe000015a000           4K     ro   =
              GLB NX pte
[    1.772496] 0xfffffe000015a000-0xfffffe000015b000           4K     RW   =
              GLB NX pte
[    1.772512] 0xfffffe000015b000-0xfffffe000015e000          12K     ro   =
              GLB NX pte
[    1.772529] 0xfffffe000015e000-0xfffffe0000163000          20K     RW   =
              GLB NX pte
[    1.772546] 0xfffffe0000163000-0xfffffe0000184000         132K          =
                     pte
[    1.772561] 0xfffffe0000184000-0xfffffe0000185000           4K     ro   =
              GLB NX pte
[    1.772578] 0xfffffe0000185000-0xfffffe0000186000           4K     RW   =
              GLB NX pte
[    1.772595] 0xfffffe0000186000-0xfffffe0000189000          12K     ro   =
              GLB NX pte
[    1.772612] 0xfffffe0000189000-0xfffffe000018e000          20K     RW   =
              GLB NX pte
[    1.772629] 0xfffffe000018e000-0xfffffe00001af000         132K          =
                     pte
[    1.772644] 0xfffffe00001af000-0xfffffe00001b0000           4K     ro   =
              GLB NX pte
[    1.772661] 0xfffffe00001b0000-0xfffffe00001b1000           4K     RW   =
              GLB NX pte
[    1.772677] 0xfffffe00001b1000-0xfffffe00001b4000          12K     ro   =
              GLB NX pte
[    1.772695] 0xfffffe00001b4000-0xfffffe00001b9000          20K     RW   =
              GLB NX pte
[    1.772712] 0xfffffe00001b9000-0xfffffe00001da000         132K          =
                     pte
[    1.772727] 0xfffffe00001da000-0xfffffe00001db000           4K     ro   =
              GLB NX pte
[    1.772744] 0xfffffe00001db000-0xfffffe00001dc000           4K     RW   =
              GLB NX pte
[    1.772760] 0xfffffe00001dc000-0xfffffe00001df000          12K     ro   =
              GLB NX pte
[    1.772777] 0xfffffe00001df000-0xfffffe00001e4000          20K     RW   =
              GLB NX pte
[    1.772794] 0xfffffe00001e4000-0xfffffe0000205000         132K          =
                     pte
[    1.772810] 0xfffffe0000205000-0xfffffe0000206000           4K     ro   =
              GLB NX pte
[    1.772826] 0xfffffe0000206000-0xfffffe0000207000           4K     RW   =
              GLB NX pte
[    1.772843] 0xfffffe0000207000-0xfffffe000020a000          12K     ro   =
              GLB NX pte
[    1.772860] 0xfffffe000020a000-0xfffffe000020f000          20K     RW   =
              GLB NX pte
[    1.772877] 0xfffffe000020f000-0xfffffe0000230000         132K          =
                     pte
[    1.772892] 0xfffffe0000230000-0xfffffe0000231000           4K     ro   =
              GLB NX pte
[    1.772909] 0xfffffe0000231000-0xfffffe0000232000           4K     RW   =
              GLB NX pte
[    1.772926] 0xfffffe0000232000-0xfffffe0000235000          12K     ro   =
              GLB NX pte
[    1.772942] 0xfffffe0000235000-0xfffffe000023a000          20K     RW   =
              GLB NX pte
[    1.772959] 0xfffffe000023a000-0xfffffe000025b000         132K          =
                     pte
[    1.772975] 0xfffffe000025b000-0xfffffe000025c000           4K     ro   =
              GLB NX pte
[    1.772991] 0xfffffe000025c000-0xfffffe000025d000           4K     RW   =
              GLB NX pte
[    1.773008] 0xfffffe000025d000-0xfffffe0000260000          12K     ro   =
              GLB NX pte
[    1.773025] 0xfffffe0000260000-0xfffffe0000265000          20K     RW   =
              GLB NX pte
[    1.773042] 0xfffffe0000265000-0xfffffe0000286000         132K          =
                     pte
[    1.773057] 0xfffffe0000286000-0xfffffe0000287000           4K     ro   =
              GLB NX pte
[    1.773074] 0xfffffe0000287000-0xfffffe0000288000           4K     RW   =
              GLB NX pte
[    1.773091] 0xfffffe0000288000-0xfffffe000028b000          12K     ro   =
              GLB NX pte
[    1.773108] 0xfffffe000028b000-0xfffffe0000290000          20K     RW   =
              GLB NX pte
[    1.773125] 0xfffffe0000290000-0xfffffe00002b1000         132K          =
                     pte
[    1.773140] 0xfffffe00002b1000-0xfffffe00002b2000           4K     ro   =
              GLB NX pte
[    1.773157] 0xfffffe00002b2000-0xfffffe00002b3000           4K     RW   =
              GLB NX pte
[    1.773173] 0xfffffe00002b3000-0xfffffe00002b6000          12K     ro   =
              GLB NX pte
[    1.773190] 0xfffffe00002b6000-0xfffffe00002bb000          20K     RW   =
              GLB NX pte
[    1.773207] 0xfffffe00002bb000-0xfffffe00002dc000         132K          =
                     pte
[    1.773222] 0xfffffe00002dc000-0xfffffe00002dd000           4K     ro   =
              GLB NX pte
[    1.773239] 0xfffffe00002dd000-0xfffffe00002de000           4K     RW   =
              GLB NX pte
[    1.773256] 0xfffffe00002de000-0xfffffe00002e1000          12K     ro   =
              GLB NX pte
[    1.773273] 0xfffffe00002e1000-0xfffffe00002e6000          20K     RW   =
              GLB NX pte
[    1.773290] 0xfffffe00002e6000-0xfffffe0000307000         132K          =
                     pte
[    1.773305] 0xfffffe0000307000-0xfffffe0000308000           4K     ro   =
              GLB NX pte
[    1.773322] 0xfffffe0000308000-0xfffffe0000309000           4K     RW   =
              GLB NX pte
[    1.773338] 0xfffffe0000309000-0xfffffe000030c000          12K     ro   =
              GLB NX pte
[    1.773355] 0xfffffe000030c000-0xfffffe0000311000          20K     RW   =
              GLB NX pte
[    1.773372] 0xfffffe0000311000-0xfffffe0000332000         132K          =
                     pte
[    1.773387] 0xfffffe0000332000-0xfffffe0000333000           4K     ro   =
              GLB NX pte
[    1.773404] 0xfffffe0000333000-0xfffffe0000334000           4K     RW   =
              GLB NX pte
[    1.773421] 0xfffffe0000334000-0xfffffe0000337000          12K     ro   =
              GLB NX pte
[    1.773438] 0xfffffe0000337000-0xfffffe000033c000          20K     RW   =
              GLB NX pte
[    1.773455] 0xfffffe000033c000-0xfffffe000035d000         132K          =
                     pte
[    1.773470] 0xfffffe000035d000-0xfffffe000035e000           4K     ro   =
              GLB NX pte
[    1.773487] 0xfffffe000035e000-0xfffffe000035f000           4K     RW   =
              GLB NX pte
[    1.773503] 0xfffffe000035f000-0xfffffe0000362000          12K     ro   =
              GLB NX pte
[    1.773520] 0xfffffe0000362000-0xfffffe0000367000          20K     RW   =
              GLB NX pte
[    1.773537] 0xfffffe0000367000-0xfffffe0000388000         132K          =
                     pte
[    1.773552] 0xfffffe0000388000-0xfffffe0000389000           4K     ro   =
              GLB NX pte
[    1.773569] 0xfffffe0000389000-0xfffffe000038a000           4K     RW   =
              GLB NX pte
[    1.773586] 0xfffffe000038a000-0xfffffe000038d000          12K     ro   =
              GLB NX pte
[    1.773603] 0xfffffe000038d000-0xfffffe0000392000          20K     RW   =
              GLB NX pte
[    1.773620] 0xfffffe0000392000-0xfffffe00003b3000         132K          =
                     pte
[    1.773635] 0xfffffe00003b3000-0xfffffe00003b4000           4K     ro   =
              GLB NX pte
[    1.773652] 0xfffffe00003b4000-0xfffffe00003b5000           4K     RW   =
              GLB NX pte
[    1.773668] 0xfffffe00003b5000-0xfffffe00003b8000          12K     ro   =
              GLB NX pte
[    1.773695] 0xfffffe00003b8000-0xfffffe00003bd000          20K     RW   =
              GLB NX pte
[    1.773712] 0xfffffe00003bd000-0xfffffe00003de000         132K          =
                     pte
[    1.773727] 0xfffffe00003de000-0xfffffe00003df000           4K     ro   =
              GLB NX pte
[    1.773744] 0xfffffe00003df000-0xfffffe00003e0000           4K     RW   =
              GLB NX pte
[    1.773761] 0xfffffe00003e0000-0xfffffe00003e3000          12K     ro   =
              GLB NX pte
[    1.773777] 0xfffffe00003e3000-0xfffffe00003e8000          20K     RW   =
              GLB NX pte
[    1.773795] 0xfffffe00003e8000-0xfffffe0000409000         132K          =
                     pte
[    1.773810] 0xfffffe0000409000-0xfffffe000040a000           4K     ro   =
              GLB NX pte
[    1.773827] 0xfffffe000040a000-0xfffffe000040b000           4K     RW   =
              GLB NX pte
[    1.773843] 0xfffffe000040b000-0xfffffe000040e000          12K     ro   =
              GLB NX pte
[    1.773860] 0xfffffe000040e000-0xfffffe0000413000          20K     RW   =
              GLB NX pte
[    1.773877] 0xfffffe0000413000-0xfffffe0000434000         132K          =
                     pte
[    1.773893] 0xfffffe0000434000-0xfffffe0000435000           4K     ro   =
              GLB NX pte
[    1.773909] 0xfffffe0000435000-0xfffffe0000436000           4K     RW   =
              GLB NX pte
[    1.773926] 0xfffffe0000436000-0xfffffe0000439000          12K     ro   =
              GLB NX pte
[    1.773943] 0xfffffe0000439000-0xfffffe000043e000          20K     RW   =
              GLB NX pte
[    1.773960] 0xfffffe000043e000-0xfffffe000045f000         132K          =
                     pte
[    1.773975] 0xfffffe000045f000-0xfffffe0000460000           4K     ro   =
              GLB NX pte
[    1.773992] 0xfffffe0000460000-0xfffffe0000461000           4K     RW   =
              GLB NX pte
[    1.774009] 0xfffffe0000461000-0xfffffe0000464000          12K     ro   =
              GLB NX pte
[    1.774026] 0xfffffe0000464000-0xfffffe0000469000          20K     RW   =
              GLB NX pte
[    1.774043] 0xfffffe0000469000-0xfffffe000048a000         132K          =
                     pte
[    1.774058] 0xfffffe000048a000-0xfffffe000048b000           4K     ro   =
              GLB NX pte
[    1.774075] 0xfffffe000048b000-0xfffffe000048c000           4K     RW   =
              GLB NX pte
[    1.774092] 0xfffffe000048c000-0xfffffe000048f000          12K     ro   =
              GLB NX pte
[    1.774108] 0xfffffe000048f000-0xfffffe0000494000          20K     RW   =
              GLB NX pte
[    1.774125] 0xfffffe0000494000-0xfffffe00004b5000         132K          =
                     pte
[    1.774141] 0xfffffe00004b5000-0xfffffe00004b6000           4K     ro   =
              GLB NX pte
[    1.774158] 0xfffffe00004b6000-0xfffffe00004b7000           4K     RW   =
              GLB NX pte
[    1.774174] 0xfffffe00004b7000-0xfffffe00004ba000          12K     ro   =
              GLB NX pte
[    1.774191] 0xfffffe00004ba000-0xfffffe00004bf000          20K     RW   =
              GLB NX pte
[    1.774208] 0xfffffe00004bf000-0xfffffe00004e0000         132K          =
                     pte
[    1.774223] 0xfffffe00004e0000-0xfffffe00004e1000           4K     ro   =
              GLB NX pte
[    1.774240] 0xfffffe00004e1000-0xfffffe00004e2000           4K     RW   =
              GLB NX pte
[    1.774257] 0xfffffe00004e2000-0xfffffe00004e5000          12K     ro   =
              GLB NX pte
[    1.774274] 0xfffffe00004e5000-0xfffffe00004ea000          20K     RW   =
              GLB NX pte
[    1.774291] 0xfffffe00004ea000-0xfffffe000050b000         132K          =
                     pte
[    1.774306] 0xfffffe000050b000-0xfffffe000050c000           4K     ro   =
              GLB NX pte
[    1.774323] 0xfffffe000050c000-0xfffffe000050d000           4K     RW   =
              GLB NX pte
[    1.774340] 0xfffffe000050d000-0xfffffe0000510000          12K     ro   =
              GLB NX pte
[    1.774357] 0xfffffe0000510000-0xfffffe0000515000          20K     RW   =
              GLB NX pte
[    1.774374] 0xfffffe0000515000-0xfffffe0000536000         132K          =
                     pte
[    1.774389] 0xfffffe0000536000-0xfffffe0000537000           4K     ro   =
              GLB NX pte
[    1.774406] 0xfffffe0000537000-0xfffffe0000538000           4K     RW   =
              GLB NX pte
[    1.774422] 0xfffffe0000538000-0xfffffe000053b000          12K     ro   =
              GLB NX pte
[    1.774439] 0xfffffe000053b000-0xfffffe0000540000          20K     RW   =
              GLB NX pte
[    1.774456] 0xfffffe0000540000-0xfffffe0000561000         132K          =
                     pte
[    1.774472] 0xfffffe0000561000-0xfffffe0000562000           4K     ro   =
              GLB NX pte
[    1.774488] 0xfffffe0000562000-0xfffffe0000563000           4K     RW   =
              GLB NX pte
[    1.774505] 0xfffffe0000563000-0xfffffe0000566000          12K     ro   =
              GLB NX pte
[    1.774522] 0xfffffe0000566000-0xfffffe000056b000          20K     RW   =
              GLB NX pte
[    1.774539] 0xfffffe000056b000-0xfffffe000058c000         132K          =
                     pte
[    1.774554] 0xfffffe000058c000-0xfffffe000058d000           4K     ro   =
              GLB NX pte
[    1.774571] 0xfffffe000058d000-0xfffffe000058e000           4K     RW   =
              GLB NX pte
[    1.774588] 0xfffffe000058e000-0xfffffe0000591000          12K     ro   =
              GLB NX pte
[    1.774605] 0xfffffe0000591000-0xfffffe0000596000          20K     RW   =
              GLB NX pte
[    1.774622] 0xfffffe0000596000-0xfffffe00005b7000         132K          =
                     pte
[    1.774637] 0xfffffe00005b7000-0xfffffe00005b8000           4K     ro   =
              GLB NX pte
[    1.774654] 0xfffffe00005b8000-0xfffffe00005b9000           4K     RW   =
              GLB NX pte
[    1.774671] 0xfffffe00005b9000-0xfffffe00005bc000          12K     ro   =
              GLB NX pte
[    1.774687] 0xfffffe00005bc000-0xfffffe00005c1000          20K     RW   =
              GLB NX pte
[    1.774711] 0xfffffe00005c1000-0xfffffe00005e2000         132K          =
                     pte
[    1.774726] 0xfffffe00005e2000-0xfffffe00005e3000           4K     ro   =
              GLB NX pte
[    1.774743] 0xfffffe00005e3000-0xfffffe00005e4000           4K     RW   =
              GLB NX pte
[    1.774760] 0xfffffe00005e4000-0xfffffe00005e7000          12K     ro   =
              GLB NX pte
[    1.774776] 0xfffffe00005e7000-0xfffffe00005ec000          20K     RW   =
              GLB NX pte
[    1.774794] 0xfffffe00005ec000-0xfffffe000060d000         132K          =
                     pte
[    1.774809] 0xfffffe000060d000-0xfffffe000060e000           4K     ro   =
              GLB NX pte
[    1.774826] 0xfffffe000060e000-0xfffffe000060f000           4K     RW   =
              GLB NX pte
[    1.774842] 0xfffffe000060f000-0xfffffe0000612000          12K     ro   =
              GLB NX pte
[    1.774859] 0xfffffe0000612000-0xfffffe0000617000          20K     RW   =
              GLB NX pte
[    1.774876] 0xfffffe0000617000-0xfffffe0000638000         132K          =
                     pte
[    1.774892] 0xfffffe0000638000-0xfffffe0000639000           4K     ro   =
              GLB NX pte
[    1.774908] 0xfffffe0000639000-0xfffffe000063a000           4K     RW   =
              GLB NX pte
[    1.774925] 0xfffffe000063a000-0xfffffe000063d000          12K     ro   =
              GLB NX pte
[    1.774942] 0xfffffe000063d000-0xfffffe0000642000          20K     RW   =
              GLB NX pte
[    1.774959] 0xfffffe0000642000-0xfffffe0000663000         132K          =
                     pte
[    1.774974] 0xfffffe0000663000-0xfffffe0000664000           4K     ro   =
              GLB NX pte
[    1.774991] 0xfffffe0000664000-0xfffffe0000665000           4K     RW   =
              GLB NX pte
[    1.775008] 0xfffffe0000665000-0xfffffe0000668000          12K     ro   =
              GLB NX pte
[    1.775025] 0xfffffe0000668000-0xfffffe000066d000          20K     RW   =
              GLB NX pte
[    1.775042] 0xfffffe000066d000-0xfffffe000068e000         132K          =
                     pte
[    1.775057] 0xfffffe000068e000-0xfffffe000068f000           4K     ro   =
              GLB NX pte
[    1.775074] 0xfffffe000068f000-0xfffffe0000690000           4K     RW   =
              GLB NX pte
[    1.775091] 0xfffffe0000690000-0xfffffe0000693000          12K     ro   =
              GLB NX pte
[    1.775107] 0xfffffe0000693000-0xfffffe0000698000          20K     RW   =
              GLB NX pte
[    1.775124] 0xfffffe0000698000-0xfffffe00006b9000         132K          =
                     pte
[    1.775140] 0xfffffe00006b9000-0xfffffe00006ba000           4K     ro   =
              GLB NX pte
[    1.775157] 0xfffffe00006ba000-0xfffffe00006bb000           4K     RW   =
              GLB NX pte
[    1.775173] 0xfffffe00006bb000-0xfffffe00006be000          12K     ro   =
              GLB NX pte
[    1.775190] 0xfffffe00006be000-0xfffffe00006c3000          20K     RW   =
              GLB NX pte
[    1.775207] 0xfffffe00006c3000-0xfffffe00006e4000         132K          =
                     pte
[    1.775223] 0xfffffe00006e4000-0xfffffe00006e5000           4K     ro   =
              GLB NX pte
[    1.775239] 0xfffffe00006e5000-0xfffffe00006e6000           4K     RW   =
              GLB NX pte
[    1.775256] 0xfffffe00006e6000-0xfffffe00006e9000          12K     ro   =
              GLB NX pte
[    1.775273] 0xfffffe00006e9000-0xfffffe00006ee000          20K     RW   =
              GLB NX pte
[    1.775290] 0xfffffe00006ee000-0xfffffe000070f000         132K          =
                     pte
[    1.775305] 0xfffffe000070f000-0xfffffe0000710000           4K     ro   =
              GLB NX pte
[    1.775322] 0xfffffe0000710000-0xfffffe0000711000           4K     RW   =
              GLB NX pte
[    1.775339] 0xfffffe0000711000-0xfffffe0000714000          12K     ro   =
              GLB NX pte
[    1.775356] 0xfffffe0000714000-0xfffffe0000719000          20K     RW   =
              GLB NX pte
[    1.775373] 0xfffffe0000719000-0xfffffe000073a000         132K          =
                     pte
[    1.775388] 0xfffffe000073a000-0xfffffe000073b000           4K     ro   =
              GLB NX pte
[    1.775405] 0xfffffe000073b000-0xfffffe000073c000           4K     RW   =
              GLB NX pte
[    1.775421] 0xfffffe000073c000-0xfffffe000073f000          12K     ro   =
              GLB NX pte
[    1.775438] 0xfffffe000073f000-0xfffffe0000744000          20K     RW   =
              GLB NX pte
[    1.775455] 0xfffffe0000744000-0xfffffe0000765000         132K          =
                     pte
[    1.775471] 0xfffffe0000765000-0xfffffe0000766000           4K     ro   =
              GLB NX pte
[    1.775487] 0xfffffe0000766000-0xfffffe0000767000           4K     RW   =
              GLB NX pte
[    1.775504] 0xfffffe0000767000-0xfffffe000076a000          12K     ro   =
              GLB NX pte
[    1.775521] 0xfffffe000076a000-0xfffffe000076f000          20K     RW   =
              GLB NX pte
[    1.775538] 0xfffffe000076f000-0xfffffe0000790000         132K          =
                     pte
[    1.775553] 0xfffffe0000790000-0xfffffe0000791000           4K     ro   =
              GLB NX pte
[    1.775570] 0xfffffe0000791000-0xfffffe0000792000           4K     RW   =
              GLB NX pte
[    1.775587] 0xfffffe0000792000-0xfffffe0000795000          12K     ro   =
              GLB NX pte
[    1.775604] 0xfffffe0000795000-0xfffffe000079a000          20K     RW   =
              GLB NX pte
[    1.775621] 0xfffffe000079a000-0xfffffe00007bb000         132K          =
                     pte
[    1.775636] 0xfffffe00007bb000-0xfffffe00007bc000           4K     ro   =
              GLB NX pte
[    1.775653] 0xfffffe00007bc000-0xfffffe00007bd000           4K     RW   =
              GLB NX pte
[    1.775670] 0xfffffe00007bd000-0xfffffe00007c0000          12K     ro   =
              GLB NX pte
[    1.775686] 0xfffffe00007c0000-0xfffffe00007c5000          20K     RW   =
              GLB NX pte
[    1.775695] 0xfffffe00007c5000-0xfffffe00007e6000         132K          =
                     pte
[    1.775710] 0xfffffe00007e6000-0xfffffe00007e7000           4K     ro   =
              GLB NX pte
[    1.775727] 0xfffffe00007e7000-0xfffffe00007e8000           4K     RW   =
              GLB NX pte
[    1.775744] 0xfffffe00007e8000-0xfffffe00007eb000          12K     ro   =
              GLB NX pte
[    1.775761] 0xfffffe00007eb000-0xfffffe00007f0000          20K     RW   =
              GLB NX pte
[    1.775778] 0xfffffe00007f0000-0xfffffe0000811000         132K          =
                     pte
[    1.775793] 0xfffffe0000811000-0xfffffe0000812000           4K     ro   =
              GLB NX pte
[    1.775810] 0xfffffe0000812000-0xfffffe0000813000           4K     RW   =
              GLB NX pte
[    1.775827] 0xfffffe0000813000-0xfffffe0000816000          12K     ro   =
              GLB NX pte
[    1.775843] 0xfffffe0000816000-0xfffffe000081b000          20K     RW   =
              GLB NX pte
[    1.775860] 0xfffffe000081b000-0xfffffe000083c000         132K          =
                     pte
[    1.775876] 0xfffffe000083c000-0xfffffe000083d000           4K     ro   =
              GLB NX pte
[    1.775892] 0xfffffe000083d000-0xfffffe000083e000           4K     RW   =
              GLB NX pte
[    1.775909] 0xfffffe000083e000-0xfffffe0000841000          12K     ro   =
              GLB NX pte
[    1.775926] 0xfffffe0000841000-0xfffffe0000846000          20K     RW   =
              GLB NX pte
[    1.775943] 0xfffffe0000846000-0xfffffe0000867000         132K          =
                     pte
[    1.775958] 0xfffffe0000867000-0xfffffe0000868000           4K     ro   =
              GLB NX pte
[    1.775975] 0xfffffe0000868000-0xfffffe0000869000           4K     RW   =
              GLB NX pte
[    1.775992] 0xfffffe0000869000-0xfffffe000086c000          12K     ro   =
              GLB NX pte
[    1.776009] 0xfffffe000086c000-0xfffffe0000871000          20K     RW   =
              GLB NX pte
[    1.776026] 0xfffffe0000871000-0xfffffe0000892000         132K          =
                     pte
[    1.776041] 0xfffffe0000892000-0xfffffe0000893000           4K     ro   =
              GLB NX pte
[    1.776058] 0xfffffe0000893000-0xfffffe0000894000           4K     RW   =
              GLB NX pte
[    1.776074] 0xfffffe0000894000-0xfffffe0000897000          12K     ro   =
              GLB NX pte
[    1.776091] 0xfffffe0000897000-0xfffffe000089c000          20K     RW   =
              GLB NX pte
[    1.776108] 0xfffffe000089c000-0xfffffe00008bd000         132K          =
                     pte
[    1.776123] 0xfffffe00008bd000-0xfffffe00008be000           4K     ro   =
              GLB NX pte
[    1.776140] 0xfffffe00008be000-0xfffffe00008bf000           4K     RW   =
              GLB NX pte
[    1.776157] 0xfffffe00008bf000-0xfffffe00008c2000          12K     ro   =
              GLB NX pte
[    1.776174] 0xfffffe00008c2000-0xfffffe00008c7000          20K     RW   =
              GLB NX pte
[    1.776191] 0xfffffe00008c7000-0xfffffe00008e8000         132K          =
                     pte
[    1.776206] 0xfffffe00008e8000-0xfffffe00008e9000           4K     ro   =
              GLB NX pte
[    1.776223] 0xfffffe00008e9000-0xfffffe00008ea000           4K     RW   =
              GLB NX pte
[    1.776240] 0xfffffe00008ea000-0xfffffe00008ed000          12K     ro   =
              GLB NX pte
[    1.776256] 0xfffffe00008ed000-0xfffffe00008f2000          20K     RW   =
              GLB NX pte
[    1.776273] 0xfffffe00008f2000-0xfffffe0000913000         132K          =
                     pte
[    1.776289] 0xfffffe0000913000-0xfffffe0000914000           4K     ro   =
              GLB NX pte
[    1.776305] 0xfffffe0000914000-0xfffffe0000915000           4K     RW   =
              GLB NX pte
[    1.776322] 0xfffffe0000915000-0xfffffe0000918000          12K     ro   =
              GLB NX pte
[    1.776339] 0xfffffe0000918000-0xfffffe000091d000          20K     RW   =
              GLB NX pte
[    1.776356] 0xfffffe000091d000-0xfffffe000093e000         132K          =
                     pte
[    1.776371] 0xfffffe000093e000-0xfffffe000093f000           4K     ro   =
              GLB NX pte
[    1.776388] 0xfffffe000093f000-0xfffffe0000940000           4K     RW   =
              GLB NX pte
[    1.776405] 0xfffffe0000940000-0xfffffe0000943000          12K     ro   =
              GLB NX pte
[    1.776422] 0xfffffe0000943000-0xfffffe0000948000          20K     RW   =
              GLB NX pte
[    1.776439] 0xfffffe0000948000-0xfffffe0000969000         132K          =
                     pte
[    1.776454] 0xfffffe0000969000-0xfffffe000096a000           4K     ro   =
              GLB NX pte
[    1.776471] 0xfffffe000096a000-0xfffffe000096b000           4K     RW   =
              GLB NX pte
[    1.776487] 0xfffffe000096b000-0xfffffe000096e000          12K     ro   =
              GLB NX pte
[    1.776504] 0xfffffe000096e000-0xfffffe0000973000          20K     RW   =
              GLB NX pte
[    1.776521] 0xfffffe0000973000-0xfffffe0000994000         132K          =
                     pte
[    1.776537] 0xfffffe0000994000-0xfffffe0000995000           4K     ro   =
              GLB NX pte
[    1.776553] 0xfffffe0000995000-0xfffffe0000996000           4K     RW   =
              GLB NX pte
[    1.776570] 0xfffffe0000996000-0xfffffe0000999000          12K     ro   =
              GLB NX pte
[    1.776587] 0xfffffe0000999000-0xfffffe000099e000          20K     RW   =
              GLB NX pte
[    1.776604] 0xfffffe000099e000-0xfffffe00009bf000         132K          =
                     pte
[    1.776619] 0xfffffe00009bf000-0xfffffe00009c0000           4K     ro   =
              GLB NX pte
[    1.776636] 0xfffffe00009c0000-0xfffffe00009c1000           4K     RW   =
              GLB NX pte
[    1.776653] 0xfffffe00009c1000-0xfffffe00009c4000          12K     ro   =
              GLB NX pte
[    1.776670] 0xfffffe00009c4000-0xfffffe00009c9000          20K     RW   =
              GLB NX pte
[    1.776695] 0xfffffe00009c9000-0xfffffe00009ea000         132K          =
                     pte
[    1.776710] 0xfffffe00009ea000-0xfffffe00009eb000           4K     ro   =
              GLB NX pte
[    1.776727] 0xfffffe00009eb000-0xfffffe00009ec000           4K     RW   =
              GLB NX pte
[    1.776744] 0xfffffe00009ec000-0xfffffe00009ef000          12K     ro   =
              GLB NX pte
[    1.776761] 0xfffffe00009ef000-0xfffffe00009f4000          20K     RW   =
              GLB NX pte
[    1.776778] 0xfffffe00009f4000-0xfffffe0000a15000         132K          =
                     pte
[    1.776793] 0xfffffe0000a15000-0xfffffe0000a16000           4K     ro   =
              GLB NX pte
[    1.776810] 0xfffffe0000a16000-0xfffffe0000a17000           4K     RW   =
              GLB NX pte
[    1.776827] 0xfffffe0000a17000-0xfffffe0000a1a000          12K     ro   =
              GLB NX pte
[    1.776843] 0xfffffe0000a1a000-0xfffffe0000a1f000          20K     RW   =
              GLB NX pte
[    1.776860] 0xfffffe0000a1f000-0xfffffe0000a40000         132K          =
                     pte
[    1.776876] 0xfffffe0000a40000-0xfffffe0000a41000           4K     ro   =
              GLB NX pte
[    1.776892] 0xfffffe0000a41000-0xfffffe0000a42000           4K     RW   =
              GLB NX pte
[    1.776909] 0xfffffe0000a42000-0xfffffe0000a45000          12K     ro   =
              GLB NX pte
[    1.776926] 0xfffffe0000a45000-0xfffffe0000a4a000          20K     RW   =
              GLB NX pte
[    1.776943] 0xfffffe0000a4a000-0xfffffe0000a6b000         132K          =
                     pte
[    1.776958] 0xfffffe0000a6b000-0xfffffe0000a6c000           4K     ro   =
              GLB NX pte
[    1.776975] 0xfffffe0000a6c000-0xfffffe0000a6d000           4K     RW   =
              GLB NX pte
[    1.776992] 0xfffffe0000a6d000-0xfffffe0000a70000          12K     ro   =
              GLB NX pte
[    1.777008] 0xfffffe0000a70000-0xfffffe0000a75000          20K     RW   =
              GLB NX pte
[    1.777026] 0xfffffe0000a75000-0xfffffe0000a96000         132K          =
                     pte
[    1.777041] 0xfffffe0000a96000-0xfffffe0000a97000           4K     ro   =
              GLB NX pte
[    1.777058] 0xfffffe0000a97000-0xfffffe0000a98000           4K     RW   =
              GLB NX pte
[    1.777074] 0xfffffe0000a98000-0xfffffe0000a9b000          12K     ro   =
              GLB NX pte
[    1.777091] 0xfffffe0000a9b000-0xfffffe0000aa0000          20K     RW   =
              GLB NX pte
[    1.777108] 0xfffffe0000aa0000-0xfffffe0000ac1000         132K          =
                     pte
[    1.777123] 0xfffffe0000ac1000-0xfffffe0000ac2000           4K     ro   =
              GLB NX pte
[    1.777140] 0xfffffe0000ac2000-0xfffffe0000ac3000           4K     RW   =
              GLB NX pte
[    1.777157] 0xfffffe0000ac3000-0xfffffe0000ac6000          12K     ro   =
              GLB NX pte
[    1.777174] 0xfffffe0000ac6000-0xfffffe0000acb000          20K     RW   =
              GLB NX pte
[    1.777191] 0xfffffe0000acb000-0xfffffe0000aec000         132K          =
                     pte
[    1.777206] 0xfffffe0000aec000-0xfffffe0000aed000           4K     ro   =
              GLB NX pte
[    1.777223] 0xfffffe0000aed000-0xfffffe0000aee000           4K     RW   =
              GLB NX pte
[    1.777239] 0xfffffe0000aee000-0xfffffe0000af1000          12K     ro   =
              GLB NX pte
[    1.777256] 0xfffffe0000af1000-0xfffffe0000af6000          20K     RW   =
              GLB NX pte
[    1.777273] 0xfffffe0000af6000-0xfffffe0000b17000         132K          =
                     pte
[    1.777289] 0xfffffe0000b17000-0xfffffe0000b18000           4K     ro   =
              GLB NX pte
[    1.777305] 0xfffffe0000b18000-0xfffffe0000b19000           4K     RW   =
              GLB NX pte
[    1.777322] 0xfffffe0000b19000-0xfffffe0000b1c000          12K     ro   =
              GLB NX pte
[    1.777339] 0xfffffe0000b1c000-0xfffffe0000b21000          20K     RW   =
              GLB NX pte
[    1.777356] 0xfffffe0000b21000-0xfffffe0000b42000         132K          =
                     pte
[    1.777371] 0xfffffe0000b42000-0xfffffe0000b43000           4K     ro   =
              GLB NX pte
[    1.777388] 0xfffffe0000b43000-0xfffffe0000b44000           4K     RW   =
              GLB NX pte
