Return-Path: <jailhouse-dev+bncBCQ7HUU4XULBBZEO6LYQKGQE77SCI4A@googlegroups.com>
X-Original-To: lists+jailhouse-dev@lfdr.de
Delivered-To: lists+jailhouse-dev@lfdr.de
Received: from mail-oi1-x23d.google.com (mail-oi1-x23d.google.com [IPv6:2607:f8b0:4864:20::23d])
	by mail.lfdr.de (Postfix) with ESMTPS id 43B91154E19
	for <lists+jailhouse-dev@lfdr.de>; Thu,  6 Feb 2020 22:38:46 +0100 (CET)
Received: by mail-oi1-x23d.google.com with SMTP id l19sf41896oil.7
        for <lists+jailhouse-dev@lfdr.de>; Thu, 06 Feb 2020 13:38:46 -0800 (PST)
DKIM-Signature: v=1; a=rsa-sha256; c=relaxed/relaxed;
        d=googlegroups.com; s=20161025;
        h=sender:date:from:to:message-id:in-reply-to:references:subject
         :mime-version:x-original-sender:precedence:mailing-list:list-id
         :list-post:list-help:list-archive:list-subscribe:list-unsubscribe;
        bh=nfQseC4lWM4ZhPybX/KZlmzMlhOvKEUUoqqV9xTduiE=;
        b=BSTe1hYXTG7n/NxSvGeuAohOhkKGJiXFmDf6+m1kVmYJ9mz05MNIz5DXOsohB8UVC+
         9a0D5uXFWbfIT/19288bXeRz1OwDOOGBfDrKO20va6RK0q403UK/g5NlrGs4UQ1d99s3
         VNIDtr9DkUA+/+h0wASSZIhtgSl+v+wsQc58atuPJb5MRSgcdSgYQbCppyOfeVHy+r5o
         s9WlQhUbx2cpO1Xo1dT0wXTXPVkhgUgKMhgvS22cWYqJT63lGz8fgioxsZIRhFVnozei
         VsC47MOn1vK193EaZX+kMjNqWmtmUlzHj48YzizwVpquBPhT6xV4m79EURHX9/21O3u+
         v+lw==
DKIM-Signature: v=1; a=rsa-sha256; c=relaxed/relaxed;
        d=gmail.com; s=20161025;
        h=date:from:to:message-id:in-reply-to:references:subject:mime-version
         :x-original-sender:precedence:mailing-list:list-id:list-post
         :list-help:list-archive:list-subscribe:list-unsubscribe;
        bh=nfQseC4lWM4ZhPybX/KZlmzMlhOvKEUUoqqV9xTduiE=;
        b=JbvbJqUFuD51fs+9RPyA9Tz4vMTwBGnHDkOITuBfYeA4mhYa3DjyJncYQsb/QKOSxC
         k6yZ79l/XE68xOP5muI8+vEUeJ2cp+Kv8Ootv8J4GAQD6hc1w/oFMQx0SvQYxCxUv4dk
         KzcGKm+XoH7RRsX59bMOEfLFUv/N0YiKT/GrBT8dvqg7ZZx5ONA6g40clH+3F4rS2dlR
         lEZtmEkQhItpTw8HjPpb0dgJKu8nHa2RQJqn1qxc3D2E8xYUSPyOncmGC2jXXf3xGqnR
         AEMhz6BvxP2N1NWfpUSnRA2uDDTExcyfsPS99NhPOW03sLgSro+3577z5MLVRk7/6DFx
         pedw==
X-Google-DKIM-Signature: v=1; a=rsa-sha256; c=relaxed/relaxed;
        d=1e100.net; s=20161025;
        h=sender:x-gm-message-state:date:from:to:message-id:in-reply-to
         :references:subject:mime-version:x-original-sender:precedence
         :mailing-list:list-id:x-spam-checked-in-group:list-post:list-help
         :list-archive:list-subscribe:list-unsubscribe;
        bh=nfQseC4lWM4ZhPybX/KZlmzMlhOvKEUUoqqV9xTduiE=;
        b=KUaFA2FB4bJn0tenjZfkNNNjlL3Y3T1lNz8djSM4m1JWVuW3Af4mXXnN8eSII6hWFX
         eDL8PivHcAjIhRvA3KfdE7yUY3CDudtNAyPgIucsd1/1GRDkOs1elk0xQ42MyU2VXM1U
         lyzlQxIa0CADFJA5mTJXqFw93Ozy27l+rZYsOZnDZfZxLu2H7vk2S/3nl1bG312HdeOv
         mazwF05pKZYMRALc7m4x5F9y19xUDhQTeMg5onuvZcl1CqSeG+3OrtlYnYubrsMHcS9V
         X25EXSzDeGT7bJvVNzybYUIuZ1ne3897xMdB+GEdtk2c4epvTyLx+Vq6nQtqjnM9GleJ
         zRDQ==
Sender: jailhouse-dev@googlegroups.com
X-Gm-Message-State: APjAAAV6AfRmG/F4matlCrFcK5BVuCGiQ775o73yrNl5DhJW6RFkIsc5
	Hfs/ch5/ytl0D9D6KVuodk0=
X-Google-Smtp-Source: APXvYqxsHK8dWBfZoXWhtp8dlYMhQtHkQ7FhXDaeExKQsRm18Q529kgRpgcAl0TRYRFfcpImRvL01g==
X-Received: by 2002:a9d:64d8:: with SMTP id n24mr117103otl.71.1581025124935;
        Thu, 06 Feb 2020 13:38:44 -0800 (PST)
X-BeenThere: jailhouse-dev@googlegroups.com
Received: by 2002:aca:d549:: with SMTP id m70ls2057655oig.10.gmail; Thu, 06
 Feb 2020 13:38:44 -0800 (PST)
X-Received: by 2002:a05:6808:3ae:: with SMTP id n14mr86572oie.63.1581025124018;
        Thu, 06 Feb 2020 13:38:44 -0800 (PST)
Date: Thu, 6 Feb 2020 13:38:42 -0800 (PST)
From: Saroj Sapkota <samirroj2016@gmail.com>
To: Jailhouse <jailhouse-dev@googlegroups.com>
Message-Id: <581d5b56-08d8-4df5-abf5-67d2856a930e@googlegroups.com>
In-Reply-To: <593714bf-cfbc-4a41-05b5-ef06f6d1d8ae@siemens.com>
References: <aef00f02-8d3b-4916-aace-f30233559859@googlegroups.com>
 <6e69283d-90dd-4579-7640-c5d585a2a9ad@siemens.com>
 <73f42baf-5afe-4a77-80d1-8e4bc9419f62@googlegroups.com>
 <72876f0a-4d50-45e3-cd21-751f8bf223fb@siemens.com>
 <3f267078-10bf-4a5c-86df-9a2cf0d4abd4@googlegroups.com>
 <77fe6716-0d3b-8547-ba86-3797a33706e2@siemens.com>
 <e1d54c91-d2bf-4d23-9e43-b50a1ccc0f3f@googlegroups.com>
 <f34d7c4b-add2-7aef-666d-f132f30da6e9@siemens.com>
 <af79c7dc-6eb8-45c0-a93f-6e0e4da069ab@googlegroups.com>
 <251365ff-7d39-451c-2b85-e6be4567d3b0@web.de>
 <262dbcd3-986b-4e42-9427-00b6fcd0e567@googlegroups.com>
 <593714bf-cfbc-4a41-05b5-ef06f6d1d8ae@siemens.com>
Subject: Re: mem_region_request failed for hypervisor memory in jetson-tx2
 kit
MIME-Version: 1.0
Content-Type: multipart/mixed; 
	boundary="----=_Part_103_685221992.1581025123163"
X-Original-Sender: samirroj2016@gmail.com
Precedence: list
Mailing-list: list jailhouse-dev@googlegroups.com; contact jailhouse-dev+owners@googlegroups.com
List-ID: <jailhouse-dev.googlegroups.com>
X-Spam-Checked-In-Group: jailhouse-dev@googlegroups.com
X-Google-Group-Id: 175645748590
List-Post: <https://groups.google.com/group/jailhouse-dev/post>, <mailto:jailhouse-dev@googlegroups.com>
List-Help: <https://groups.google.com/support/>, <mailto:jailhouse-dev+help@googlegroups.com>
List-Archive: <https://groups.google.com/group/jailhouse-dev
List-Subscribe: <https://groups.google.com/group/jailhouse-dev/subscribe>, <mailto:jailhouse-dev+subscribe@googlegroups.com>
List-Unsubscribe: <mailto:googlegroups-manage+175645748590+unsubscribe@googlegroups.com>,
 <https://groups.google.com/group/jailhouse-dev/subscribe>

------=_Part_103_685221992.1581025123163
Content-Type: multipart/alternative; 
	boundary="----=_Part_104_1210446197.1581025123164"

------=_Part_104_1210446197.1581025123164
Content-Type: text/plain; charset="UTF-8"

Greeting Jan,
Thank you for your continuous support and help.

previously I was trying to enable jailhouse in 4.9 generic version of 
kernel and I downgraded it to 4.4 as suggested in 
-github-jailhouse-evidence-tx1-tx2 and try to enble jailhouse and I 
obtained the following results.
Now what the error seems different. I can't figure it out as it shows 
btb:smc_failed err(----) and opening jailhouse and when i tried to create 
cell system hangs.
please help me through this.

[1]-terminal command with serial console output:
[2]-cat /proc/iomem
[3]-cat /proc/cmdline
[4] extlinux.conf
[5]-jetson-tx2.c

[1]#####
==>command on jetson terminal:
nvidia@jetson-0320218169735:~/linux-jailhouse-jetson$ sudo insmod 
driver/jailhouse.ko
####
output on serial console:
[  512.182327] jailhouse: loading out-of-tree module taints kernel.

#####
==>command on jetson terminal
nvidia@jetson-0320218169735::~/linux-jailhouse-jetson$ sudo jailhouse 
enable configs/arm64/jetson-tx2.cell
####
output on serial console:
Initializing Jailhouse hypervisor  on CPU 0
Code location: 0x0000ffffc0200060
Page pool usage after early setup: mem 67/16355, remap 96/131072
Initializing processors:
 CPU 0... OK
 CPU 4... OK
 CPU 3... OK
 CPU 5... OK
Initializing unit: irqchip
Initializing unit: PCI
Adding virtual PCI device 00:00.0 to cell "Jetson-TX2"
Adding virtual PCI device 00:0f.0 to cell "Jetson-TX2"
Page pool usage after late setup: mem 101/16355, remap 101/131072
Ac[t iv a5t7i4n.g5 7h7y5p2e1rv]is oirn




*validate_btb: smc failed, err (0xffffffff)[  574.581009] jailhouse: 
CONFIG_OF_OVERLAY disabled[  574.581011] jailhouse: failed to add virtual 
host controller[  574.581012] The Jailhouse is opening.####*
==>command on jetson terminal
nvidia@jetson-0320218169735:~/linux-jailhouse-jetson$ sudo jailhouse cell 
create configs/arm64/jetson-tx2-demo.cell

###
output on serial console:
[  910.699278] IRQ44 no longer affine to CPU0
[  910.703377] IRQ45 no longer affine to CPU0
[  910.707939] CPU0: shutdown
[  910.710747] psci: CPU0 killed.
Adding virtual PCI device 00:00.0 to cell "jetson-tx2-demo"
Shared memory connection established: "jetson-tx2-demo" <--> "Jetson-TX2"
Adding virtual PCI device 00:0f.0 to cell "jetson-tx2-demo"
Shared memory connection established: "jetson-tx2-demo" <--> "Jetson-TX2"
Created cell "jetson-tx2-demo"
Page pool usage after cell creation: mem 118/16355, remap 101/131072
Unhandled data read at 0x3100004(1)

FATAL: unhandled trap (exception class 0x24)
Cell state before exception:
 pc: ffffffc0004b58f8   lr: ffffffc0004b8f90 spsr: 200000c5     EL1
 sp: ffffffc187bdfa50  esr: 24 1 1000007
 x0: ffffff800033c004   x1: 0000000000000004   x2: 0000000000000002
 x3: 0000000000000000   x4: 0000000000000000   x5: ffffffc0012c09c8
 x6: ffffffc0014a2872   x7: 742d6e6f7374656a   x8: 226f6d65642d3278
 x9: 00000000000003ef  x10: 0000000000000000  x11: 0000000000000006
x12: ffffffc0012d9000  x13: 0000000000000038  x14: 0ffffffffffffffe
x15: 0000000000153ef8  x16: 0000000000000001  x17: ffffffc000bd6a60
x18: 0000000000008090  x19: ffffffc0014f25a8  x20: 0000000000000001
x21: 0000000000000000  x22: ffffffc0014a2c38  x23: ffffffc001482400
x24: 0000000000000038  x25: 00000000000000c0  x26: ffffffc001482400
x27: ffffffc0014a1c88  x28: ffffffc001481e88  x29: ffffffc187bdfa50

Parking CPU 4 (Cell: "Jetson-TX2")

then the system hangs

[2]
Output of cat /proc/iomem:
02100000-02100fff : /axip2p@2100000
02110000-02110fff : /axip2p@2110000
02120000-02120fff : /axip2p@2120000
02130000-02130fff : /axip2p@2130000
02140000-02140fff : /axip2p@2140000
02150000-02150fff : /axip2p@2150000
02160000-02160fff : /axip2p@2160000
02170000-02170fff : /axip2p@2170000
02180000-02180fff : /axip2p@2180000
02190000-02190fff : /axip2p@2190000
02200000-0220ffff : security
02210000-0221ffff : gpio
02390000-02390fff : /axi2apb@2390000
023a0000-023a0fff : /axi2apb@23a0000
023b0000-023b0fff : /axi2apb@23b0000
023c0000-023c0fff : /axi2apb@23c0000
023d0000-023d0fff : /axi2apb@23d0000
02430000-02444fff : /pinmux@2430000
02600000-0280ffff : /dma@2600000
02900800-02900fff : /ahub
02901000-029010ff : tegra210-i2s.0
02901100-029011ff : tegra210-i2s.1
02901200-029012ff : tegra210-i2s.2
02901300-029013ff : tegra210-i2s.3
02901400-029014ff : tegra210-i2s.4
02901500-029015ff : tegra210-i2s.5
02902000-029021ff : tegra210-sfc.0
02902200-029023ff : tegra210-sfc.1
02902400-029025ff : tegra210-sfc.2
02902600-029027ff : tegra210-sfc.3
02903000-029030ff : tegra210-amx
02903100-029031ff : tegra210-amx
02903200-029032ff : tegra210-amx
02903300-029033ff : tegra210-amx
02903800-029038ff : tegra210-adx
02903900-029039ff : tegra210-adx
02903a00-02903aff : tegra210-adx
02903b00-02903bff : tegra210-adx
02904000-029040ff : tegra210-dmic.0
02904100-029041ff : tegra210-dmic.1
02904200-029042ff : tegra210-dmic.2
02904300-029043ff : tegra210-dmic.3
02905000-029050ff : tegra186-dspk.0
02905100-029051ff : tegra186-dspk.1
02906000-029061ff : tegra210-spdif
02907000-029070ff : tegra210-afc.0
02907100-029071ff : tegra210-afc.1
02907200-029072ff : tegra210-afc.2
02907300-029073ff : tegra210-afc.3
02907400-029074ff : tegra210-afc.4
02907500-029075ff : tegra210-afc.5
02908000-029080ff : tegra210-ope.0
02908100-029081ff : tegra210-ope.0
02908200-029083ff : tegra210-ope.0
0290a000-0290a1ff : tegra210-mvc.0
0290a200-0290a3ff : tegra210-mvc.1
0290bb00-0290c2ff : tegra210_mixer
0290f000-0290ffff : /ahub/admaif@290f000
02910000-02911fff : tegra186-asrc
02930000-0293ffff : /adma@2930000
02940000-0294ffff : /adma@2930000
02950000-0295ffff : /adma@2930000
02960000-0296ffff : /adma@2930000
02970000-0297ffff : /adma@2930000
02996000-02997fff : /adma@2930000
02c00000-02c0ffff : /mc_sid@2c00000
02c10000-02c1ffff : /mc_sid@2c00000
03010000-0301ffff : /watchdog@30c0000
03090000-0309ffff : /watchdog@30c0000
030c0000-030cffff : /watchdog@30c0000
03100000-0310003f : serial
03110000-0311003f : /serial@3110000
03130000-0313003f : /serial@3130000
03160000-031600ff : /i2c@3160000
03180000-031800ff : /i2c@3180000
03190000-031900ff : /i2c@3190000
031b0000-031b00ff : /i2c@31b0000
031c0000-031c00ff : /i2c@31c0000
031e0000-031e00ff : /i2c@31e0000
03210000-0321ffff : /spi@3210000
03240000-0324ffff : /spi@3240000
03280000-0328ffff : /pwm@3280000
03290000-0329ffff : /pwm@3290000
032a0000-032affff : /pwm@32a0000
03400000-0340020f : mmc2
03440000-0344020f : mmc1
03460000-0346020f : mmc0
03500000-03500fff : sata-ipfs
03501000-03506fff : sata-config
03507000-03508fff : sata-ahci
03510000-0351ffff : /hda@3510000
03520000-03520fff : padctl
03530000-03537fff : /xhci@3530000
03538000-03538fff : /xhci@3530000
03540000-03540fff : ao
03550000-03557fff : /xudc@3550000
03558000-03558fff : /xudc@3550000
03820000-038205ff : /efuse@3820000
03830000-0383ffff : /kfuse@0x3830000
03990000-0399ffff : 3990000.mipical
039c0000-039c000f : /tachometer@39c0000
03a90000-03a9ffff : sata-aux
03ad0000-03adffff : /se_elp@3ad0000
03ae0000-03aeffff : /se_elp@3ad0000
08010000-08010fff : /funnel_major@8010000
  08010000-08010fff : /funnel_major@8010000
08030000-08030fff : /etf@8030000
  08030000-08030fff : /etf@8030000
08050000-08050fff : /etr@8050000
  08050000-08050fff : /etr@8050000
08060000-08060fff : /tpiu@8060000
  08060000-08060fff : /tpiu@8060000
08070000-08070fff : stm-base
08820000-08820fff : /funnel_minor@8820000
  08820000-08820fff : /funnel_minor@8820000
08a1c000-08a1cfff : /ptm_bpmp@8a1c000
09010000-09010fff : /funnel_bccplex@9010000
  09010000-09010fff : /funnel_bccplex@9010000
09840000-09840fff : /ptm@9840000
  09840000-09840fff : /ptm@9840000
09940000-09940fff : /ptm@9940000
  09940000-09940fff : /ptm@9940000
09a40000-09a40fff : /ptm@9a40000
  09a40000-09a40fff : /ptm@9a40000
09b40000-09b40fff : /ptm@9b40000
  09b40000-09b40fff : /ptm@9b40000
0b1f0000-0b22ffff : sce-pm
0b230000-0b23ffff : sce-cfg
0c240000-0c2400ff : /i2c@c240000
0c250000-0c2500ff : /i2c@c250000
0c260000-0c26ffff : /spi@c260000
0c280000-0c28003f : /serial@c280000
0c2a0000-0c2a00ff : /rtc@c2a0000
0c2f0000-0c2f0fff : security
0c2f1000-0c2f1fff : gpio
0c300000-0c303fff : /pinmux@2430000
0c340000-0c34ffff : /pwm@c340000
0c360000-0c3603ff : /pmc@c360000
0c370000-0c3705ff : /pmc@c370000
0c390000-0c392ffe : /pmc@c360000
0d230000-0d230fff : /actmon@d230000
0e090000-0e09ffef : /cluster_clk_priv@e090000
0e0a0000-0e0affef : /cluster_clk_priv@e090000
0e0b0000-0e0bffef : /cluster_clk_priv@e090000
0e0c0000-0e0cffef : /cluster_clk_priv@e090000
0e0d0000-0e0dffef : /cluster_clk_priv@e090000
10000000-10000fff : /pcie-controller@10003000/pci@1,0
10004000-10004fff : /pcie-controller@10003000/pci@3,0
12000000-12ffffff : /iommu@12000000
13e00000-13e0ffff : /host1x
13e10000-13e1ffff : /host1x
13ec0000-13efffff : /host1x
150c0000-150fffff : /host1x/nvcsi@150c0000
15100000-1513ffff : /host1x/tsecb@15100000
15340000-1537ffff : /host1x/vic@15340000
15380000-153bffff : /host1x/nvjpg@15380000
15480000-154bffff : /host1x/nvdec@15480000
154c0000-154fffff : /host1x/nvenc@154c0000
15500000-1553ffff : /host1x/tsec@15500000
15600000-1563ffff : /host1x/isp@15600000
15700000-157fffff : /host1x/vi@15700000
15810000-1581ffff : /host1x/se@15810000
15820000-1582ffff : /host1x/se@15820000
15830000-1583ffff : /host1x/se@15830000
15840000-1584ffff : /host1x/se@15840000
17000000-17ffffff : /gp10b
18000000-18ffffff : /gp10b
80000000-d82fffff : System RAM
  80080000-8116efff : Kernel code
  812b6000-8152cfff : Kernel data
d9300000-efffffff : System RAM
f0200000-2681fffff : System RAM
277080000-27708ffff : persistent_ram
277090000-27709ffff : persistent_ram
2770a0000-2770affff : persistent_ram
2770b0000-2770bffff : persistent_ram
2770c0000-2770cffff : persistent_ram
2770d0000-2770dffff : persistent_ram
2770e0000-2770effff : persistent_ram
2770f0000-2770fffff : persistent_ram
277100000-27710ffff : persistent_ram
277110000-27711ffff : persistent_ram
277120000-27712ffff : persistent_ram
277130000-27713ffff : persistent_ram
277140000-27714ffff : persistent_ram
277150000-27715ffff : persistent_ram
277160000-27716ffff : persistent_ram
277170000-27717ffff : persistent_ram
277180000-27718ffff : persistent_ram
277190000-27719ffff : persistent_ram
2771a0000-2771affff : persistent_ram
2771b0000-2771bffff : persistent_ram
2771c0000-2771cffff : persistent_ram
2771d0000-2771dffff : persistent_ram
2771e0000-2771effff : persistent_ram
2771f0000-2771fffff : persistent_ram
277200000-27727ffff : persistent_ram

[3]
cat /proc/cmdline
root=/dev/mmcblk0p1 rw rootwait console=ttyS0,115200n8 console=tty0 OS=l4t 
fbcon=map:0 net.ifnames=0 memtype=0 video=tegrafb no_console_suspend=1 
earlycon=uart8250,mmio32,0x03100000 nvdumper_reserved=0x2772e0000 gpt 
tegra_fbmem2=0x140000@0x969f0000 lut_mem2=0x2008@0x969ed000 
tegraid=18.1.2.0.0 tegra_keep_boot_clocks maxcpus=6 boot.slot_suffix= 
boot.ratchetvalues=0.2.1 androidboot.serialno=0320218169735 
bl_prof_dataptr=0x10000@0x277040000 sdhci_tegra.en_boot_part_access=1 
root=/dev/mmcblk0p1 rw rootwait rootfstype=ext4 mem=7808M

[4] 
extlinux.conf
TIMEOUT 30
DEFAULT primary

MENU TITLE p2771-0000 eMMC boot options

LABEL primary
      MENU LABEL primary kernel
      LINUX /boot/Image
      APPEND ${cbootargs} root=/dev/mmcblk0p1 rw rootwait rootfstype=ext4 
mem=7808M
[5]
jetson-tx2.c






On Tuesday, February 4, 2020 at 1:49:11 AM UTC-6, Jan Kiszka wrote:
>
> On 03.02.20 19:53, Saroj Sapkota wrote: 
> > Thank you heartily for providing and guiding. As per your suggestion, 
> > I changed the configuration file according to /proc/iomem  (edittx2.c) 
> > and tried to enable jailhouse with it hypervisor still continue to 
> > crash. Please have a look at this file serial console output, edittx2.c 
>
> Actually, it looks like it's still Linux that crashes, no hypervisor 
> output visible anywhere (you can see the normal output pattern when 
> trying the qemu-arm64 target of jailhouse-images). 
>
> > and iomemtx2.txt 
> > what are the mistakes? what will be the easiest way to enable jailhouse 
> > in tx2? 
>
> Is there regular RAM at 0x271000000 when you start Linux without mem=...? 
>
> Jan 
>
> > Thank you 
> > 
> > 
> > On Saturday, February 1, 2020 at 3:34:55 AM UTC-6, Jan Kiszka wrote: 
> > 
> >     On 30.01.20 22:00, Saroj Sapkota wrote: 
> >      > Thank you for the prompt reply Jan. 
> >      > 
> >      > ##>This means I have to compare jetson-tx2.c with /proc/iomem 
> >     addresses 
> >      > and change if there is any deviation? 
> > 
> >     Yep. 
> > 
> >      > 
> >      > ##>How the address for inmate is allocated, its the spaces of 
> >     system RAM? 
> > 
> >     That's what mem= or device tree reservations are for: Keep root 
> Linux 
> >     away from some memory that can then be used for non-root inmates and 
> >     the 
> >     hypervisor itself. 
> > 
> >      > 
> >      > ##>where and how can i find the .gicd_base = 
> 0x03881000,(.gicc_base, 
> >      > .gich_base, .gicv_base) addresses of the board? 
> >      > 
> > 
> >     Check the device tree of your target. 
> > 
> >      > ##> last thing how to define .irqchip; pin_base and pin_bitmap? 
> >      > 
> > 
> >     pin_base for the first gicd is always 32 (first SPI). The pin_bitmap 
> of 
> >     the root cell should cover all possible SPIs. If those do not fit 
> into 
> >     one irqchip, add another one with an appropriate pin_base. 
> > 
> >     For non-root cells, you only specify the SPIs that those should 
> "steal" 
> >     from the root cell. 
> > 
> >     Jan 
> > 
> > -- 
> > You received this message because you are subscribed to the Google 
> > Groups "Jailhouse" group. 
> > To unsubscribe from this group and stop receiving emails from it, send 
> > an email to jailho...@googlegroups.com <javascript:> 
> > <mailto:jailhouse-dev+unsubscribe@googlegroups.com <javascript:>>. 
> > To view this discussion on the web visit 
> > 
> https://groups.google.com/d/msgid/jailhouse-dev/262dbcd3-986b-4e42-9427-00b6fcd0e567%40googlegroups.com 
> > <
> https://groups.google.com/d/msgid/jailhouse-dev/262dbcd3-986b-4e42-9427-00b6fcd0e567%40googlegroups.com?utm_medium=email&utm_source=footer>. 
>
>
>
> -- 
> Siemens AG, Corporate Technology, CT RDA IOT SES-DE 
> Corporate Competence Center Embedded Linux 
>

-- 
You received this message because you are subscribed to the Google Groups "Jailhouse" group.
To unsubscribe from this group and stop receiving emails from it, send an email to jailhouse-dev+unsubscribe@googlegroups.com.
To view this discussion on the web visit https://groups.google.com/d/msgid/jailhouse-dev/581d5b56-08d8-4df5-abf5-67d2856a930e%40googlegroups.com.

------=_Part_104_1210446197.1581025123164
Content-Type: text/html; charset="UTF-8"
Content-Transfer-Encoding: quoted-printable

<div dir=3D"ltr"><div>Greeting Jan,</div><div>Thank you for your continuous=
 support and help.</div><div><br></div><div>previously I was trying to enab=
le jailhouse in 4.9 generic version of kernel and I downgraded it to 4.4 as=
 suggested in -github-jailhouse-evidence-tx1-tx2 and try to enble jailhouse=
 and I obtained the following results.</div><div>Now what the error seems d=
ifferent. I can&#39;t figure it out as it shows btb:smc_failed err(----) an=
d opening jailhouse and when i tried to create cell system hangs.</div><div=
>please help me through this.<br></div><div><br></div>[1]-terminal command =
with serial console output:<br>[2]-cat /proc/iomem<br>[3]-cat /proc/cmdline=
<br>[4] extlinux.conf<br>[5]-jetson-tx2.c<br><br>[1]#####<br>=3D=3D&gt;comm=
and on jetson terminal:<br>nvidia@jetson-0320218169735:~/linux-jailhouse-je=
tson$ sudo insmod driver/jailhouse.ko<br>####<br>output on serial console:<=
br>[=C2=A0 512.182327] jailhouse: loading out-of-tree module taints kernel.=
<br><br>#####<br>=3D=3D&gt;command on jetson terminal<br>nvidia@jetson-0320=
218169735::~/linux-jailhouse-jetson$ sudo jailhouse enable configs/arm64/je=
tson-tx2.cell<br>####<br>output on serial console:<br>Initializing Jailhous=
e hypervisor=C2=A0 on CPU 0<br>Code location: 0x0000ffffc0200060<br>Page po=
ol usage after early setup: mem 67/16355, remap 96/131072<br>Initializing p=
rocessors:<br>=C2=A0CPU 0... OK<br>=C2=A0CPU 4... OK<br>=C2=A0CPU 3... OK<b=
r>=C2=A0CPU 5... OK<br>Initializing unit: irqchip<br>Initializing unit: PCI=
<br>Adding virtual PCI device 00:00.0 to cell &quot;Jetson-TX2&quot;<br>Add=
ing virtual PCI device 00:0f.0 to cell &quot;Jetson-TX2&quot;<br>Page pool =
usage after late setup: mem 101/16355, remap 101/131072<br>Ac[t iv a5t7i4n.=
g5 7h7y5p2e1rv]is oirn<br><b>validate_btb: smc failed, err (0xffffffff)<br>=
[=C2=A0 574.581009] jailhouse: CONFIG_OF_OVERLAY disabled<br>[=C2=A0 574.58=
1011] jailhouse: failed to add virtual host controller<br>[=C2=A0 574.58101=
2] The Jailhouse is opening.<br>####</b><br>=3D=3D&gt;command on jetson ter=
minal<br>nvidia@jetson-0320218169735:~/linux-jailhouse-jetson$ sudo jailhou=
se cell create configs/arm64/jetson-tx2-demo.cell<br><br>###<br>output on s=
erial console:<br>[=C2=A0 910.699278] IRQ44 no longer affine to CPU0<br>[=
=C2=A0 910.703377] IRQ45 no longer affine to CPU0<br>[=C2=A0 910.707939] CP=
U0: shutdown<br>[=C2=A0 910.710747] psci: CPU0 killed.<br>Adding virtual PC=
I device 00:00.0 to cell &quot;jetson-tx2-demo&quot;<br>Shared memory conne=
ction established: &quot;jetson-tx2-demo&quot; &lt;--&gt; &quot;Jetson-TX2&=
quot;<br>Adding virtual PCI device 00:0f.0 to cell &quot;jetson-tx2-demo&qu=
ot;<br>Shared memory connection established: &quot;jetson-tx2-demo&quot; &l=
t;--&gt; &quot;Jetson-TX2&quot;<br>Created cell &quot;jetson-tx2-demo&quot;=
<br>Page pool usage after cell creation: mem 118/16355, remap 101/131072<br=
>Unhandled data read at 0x3100004(1)<br><br>FATAL: unhandled trap (exceptio=
n class 0x24)<br>Cell state before exception:<br>=C2=A0pc: ffffffc0004b58f8=
=C2=A0=C2=A0 lr: ffffffc0004b8f90 spsr: 200000c5=C2=A0=C2=A0=C2=A0=C2=A0 EL=
1<br>=C2=A0sp: ffffffc187bdfa50=C2=A0 esr: 24 1 1000007<br>=C2=A0x0: ffffff=
800033c004=C2=A0=C2=A0 x1: 0000000000000004=C2=A0=C2=A0 x2: 000000000000000=
2<br>=C2=A0x3: 0000000000000000=C2=A0=C2=A0 x4: 0000000000000000=C2=A0=C2=
=A0 x5: ffffffc0012c09c8<br>=C2=A0x6: ffffffc0014a2872=C2=A0=C2=A0 x7: 742d=
6e6f7374656a=C2=A0=C2=A0 x8: 226f6d65642d3278<br>=C2=A0x9: 00000000000003ef=
=C2=A0 x10: 0000000000000000=C2=A0 x11: 0000000000000006<br>x12: ffffffc001=
2d9000=C2=A0 x13: 0000000000000038=C2=A0 x14: 0ffffffffffffffe<br>x15: 0000=
000000153ef8=C2=A0 x16: 0000000000000001=C2=A0 x17: ffffffc000bd6a60<br>x18=
: 0000000000008090=C2=A0 x19: ffffffc0014f25a8=C2=A0 x20: 0000000000000001<=
br>x21: 0000000000000000=C2=A0 x22: ffffffc0014a2c38=C2=A0 x23: ffffffc0014=
82400<br>x24: 0000000000000038=C2=A0 x25: 00000000000000c0=C2=A0 x26: fffff=
fc001482400<br>x27: ffffffc0014a1c88=C2=A0 x28: ffffffc001481e88=C2=A0 x29:=
 ffffffc187bdfa50<br><br>Parking CPU 4 (Cell: &quot;Jetson-TX2&quot;)<br><b=
r>then the system hangs<br><br>[2]<br>Output of cat /proc/iomem:<br>0210000=
0-02100fff : /axip2p@2100000<br>02110000-02110fff : /axip2p@2110000<br>0212=
0000-02120fff : /axip2p@2120000<br>02130000-02130fff : /axip2p@2130000<br>0=
2140000-02140fff : /axip2p@2140000<br>02150000-02150fff : /axip2p@2150000<b=
r>02160000-02160fff : /axip2p@2160000<br>02170000-02170fff : /axip2p@217000=
0<br>02180000-02180fff : /axip2p@2180000<br>02190000-02190fff : /axip2p@219=
0000<br>02200000-0220ffff : security<br>02210000-0221ffff : gpio<br>0239000=
0-02390fff : /axi2apb@2390000<br>023a0000-023a0fff : /axi2apb@23a0000<br>02=
3b0000-023b0fff : /axi2apb@23b0000<br>023c0000-023c0fff : /axi2apb@23c0000<=
br>023d0000-023d0fff : /axi2apb@23d0000<br>02430000-02444fff : /pinmux@2430=
000<br>02600000-0280ffff : /dma@2600000<br>02900800-02900fff : /ahub<br>029=
01000-029010ff : tegra210-i2s.0<br>02901100-029011ff : tegra210-i2s.1<br>02=
901200-029012ff : tegra210-i2s.2<br>02901300-029013ff : tegra210-i2s.3<br>0=
2901400-029014ff : tegra210-i2s.4<br>02901500-029015ff : tegra210-i2s.5<br>=
02902000-029021ff : tegra210-sfc.0<br>02902200-029023ff : tegra210-sfc.1<br=
>02902400-029025ff : tegra210-sfc.2<br>02902600-029027ff : tegra210-sfc.3<b=
r>02903000-029030ff : tegra210-amx<br>02903100-029031ff : tegra210-amx<br>0=
2903200-029032ff : tegra210-amx<br>02903300-029033ff : tegra210-amx<br>0290=
3800-029038ff : tegra210-adx<br>02903900-029039ff : tegra210-adx<br>02903a0=
0-02903aff : tegra210-adx<br>02903b00-02903bff : tegra210-adx<br>02904000-0=
29040ff : tegra210-dmic.0<br>02904100-029041ff : tegra210-dmic.1<br>0290420=
0-029042ff : tegra210-dmic.2<br>02904300-029043ff : tegra210-dmic.3<br>0290=
5000-029050ff : tegra186-dspk.0<br>02905100-029051ff : tegra186-dspk.1<br>0=
2906000-029061ff : tegra210-spdif<br>02907000-029070ff : tegra210-afc.0<br>=
02907100-029071ff : tegra210-afc.1<br>02907200-029072ff : tegra210-afc.2<br=
>02907300-029073ff : tegra210-afc.3<br>02907400-029074ff : tegra210-afc.4<b=
r>02907500-029075ff : tegra210-afc.5<br>02908000-029080ff : tegra210-ope.0<=
br>02908100-029081ff : tegra210-ope.0<br>02908200-029083ff : tegra210-ope.0=
<br>0290a000-0290a1ff : tegra210-mvc.0<br>0290a200-0290a3ff : tegra210-mvc.=
1<br>0290bb00-0290c2ff : tegra210_mixer<br>0290f000-0290ffff : /ahub/admaif=
@290f000<br>02910000-02911fff : tegra186-asrc<br>02930000-0293ffff : /adma@=
2930000<br>02940000-0294ffff : /adma@2930000<br>02950000-0295ffff : /adma@2=
930000<br>02960000-0296ffff : /adma@2930000<br>02970000-0297ffff : /adma@29=
30000<br>02996000-02997fff : /adma@2930000<br>02c00000-02c0ffff : /mc_sid@2=
c00000<br>02c10000-02c1ffff : /mc_sid@2c00000<br>03010000-0301ffff : /watch=
dog@30c0000<br>03090000-0309ffff : /watchdog@30c0000<br>030c0000-030cffff :=
 /watchdog@30c0000<br>03100000-0310003f : serial<br>03110000-0311003f : /se=
rial@3110000<br>03130000-0313003f : /serial@3130000<br>03160000-031600ff : =
/i2c@3160000<br>03180000-031800ff : /i2c@3180000<br>03190000-031900ff : /i2=
c@3190000<br>031b0000-031b00ff : /i2c@31b0000<br>031c0000-031c00ff : /i2c@3=
1c0000<br>031e0000-031e00ff : /i2c@31e0000<br>03210000-0321ffff : /spi@3210=
000<br>03240000-0324ffff : /spi@3240000<br>03280000-0328ffff : /pwm@3280000=
<br>03290000-0329ffff : /pwm@3290000<br>032a0000-032affff : /pwm@32a0000<br=
>03400000-0340020f : mmc2<br>03440000-0344020f : mmc1<br>03460000-0346020f =
: mmc0<br>03500000-03500fff : sata-ipfs<br>03501000-03506fff : sata-config<=
br>03507000-03508fff : sata-ahci<br>03510000-0351ffff : /hda@3510000<br>035=
20000-03520fff : padctl<br>03530000-03537fff : /xhci@3530000<br>03538000-03=
538fff : /xhci@3530000<br>03540000-03540fff : ao<br>03550000-03557fff : /xu=
dc@3550000<br>03558000-03558fff : /xudc@3550000<br>03820000-038205ff : /efu=
se@3820000<br>03830000-0383ffff : /kfuse@0x3830000<br>03990000-0399ffff : 3=
990000.mipical<br>039c0000-039c000f : /tachometer@39c0000<br>03a90000-03a9f=
fff : sata-aux<br>03ad0000-03adffff : /se_elp@3ad0000<br>03ae0000-03aeffff =
: /se_elp@3ad0000<br>08010000-08010fff : /funnel_major@8010000<br>=C2=A0 08=
010000-08010fff : /funnel_major@8010000<br>08030000-08030fff : /etf@8030000=
<br>=C2=A0 08030000-08030fff : /etf@8030000<br>08050000-08050fff : /etr@805=
0000<br>=C2=A0 08050000-08050fff : /etr@8050000<br>08060000-08060fff : /tpi=
u@8060000<br>=C2=A0 08060000-08060fff : /tpiu@8060000<br>08070000-08070fff =
: stm-base<br>08820000-08820fff : /funnel_minor@8820000<br>=C2=A0 08820000-=
08820fff : /funnel_minor@8820000<br>08a1c000-08a1cfff : /ptm_bpmp@8a1c000<b=
r>09010000-09010fff : /funnel_bccplex@9010000<br>=C2=A0 09010000-09010fff :=
 /funnel_bccplex@9010000<br>09840000-09840fff : /ptm@9840000<br>=C2=A0 0984=
0000-09840fff : /ptm@9840000<br>09940000-09940fff : /ptm@9940000<br>=C2=A0 =
09940000-09940fff : /ptm@9940000<br>09a40000-09a40fff : /ptm@9a40000<br>=C2=
=A0 09a40000-09a40fff : /ptm@9a40000<br>09b40000-09b40fff : /ptm@9b40000<br=
>=C2=A0 09b40000-09b40fff : /ptm@9b40000<br>0b1f0000-0b22ffff : sce-pm<br>0=
b230000-0b23ffff : sce-cfg<br>0c240000-0c2400ff : /i2c@c240000<br>0c250000-=
0c2500ff : /i2c@c250000<br>0c260000-0c26ffff : /spi@c260000<br>0c280000-0c2=
8003f : /serial@c280000<br>0c2a0000-0c2a00ff : /rtc@c2a0000<br>0c2f0000-0c2=
f0fff : security<br>0c2f1000-0c2f1fff : gpio<br>0c300000-0c303fff : /pinmux=
@2430000<br>0c340000-0c34ffff : /pwm@c340000<br>0c360000-0c3603ff : /pmc@c3=
60000<br>0c370000-0c3705ff : /pmc@c370000<br>0c390000-0c392ffe : /pmc@c3600=
00<br>0d230000-0d230fff : /actmon@d230000<br>0e090000-0e09ffef : /cluster_c=
lk_priv@e090000<br>0e0a0000-0e0affef : /cluster_clk_priv@e090000<br>0e0b000=
0-0e0bffef : /cluster_clk_priv@e090000<br>0e0c0000-0e0cffef : /cluster_clk_=
priv@e090000<br>0e0d0000-0e0dffef : /cluster_clk_priv@e090000<br>10000000-1=
0000fff : /pcie-controller@10003000/pci@1,0<br>10004000-10004fff : /pcie-co=
ntroller@10003000/pci@3,0<br>12000000-12ffffff : /iommu@12000000<br>13e0000=
0-13e0ffff : /host1x<br>13e10000-13e1ffff : /host1x<br>13ec0000-13efffff : =
/host1x<br>150c0000-150fffff : /host1x/nvcsi@150c0000<br>15100000-1513ffff =
: /host1x/tsecb@15100000<br>15340000-1537ffff : /host1x/vic@15340000<br>153=
80000-153bffff : /host1x/nvjpg@15380000<br>15480000-154bffff : /host1x/nvde=
c@15480000<br>154c0000-154fffff : /host1x/nvenc@154c0000<br>15500000-1553ff=
ff : /host1x/tsec@15500000<br>15600000-1563ffff : /host1x/isp@15600000<br>1=
5700000-157fffff : /host1x/vi@15700000<br>15810000-1581ffff : /host1x/se@15=
810000<br>15820000-1582ffff : /host1x/se@15820000<br>15830000-1583ffff : /h=
ost1x/se@15830000<br>15840000-1584ffff : /host1x/se@15840000<br>17000000-17=
ffffff : /gp10b<br>18000000-18ffffff : /gp10b<br>80000000-d82fffff : System=
 RAM<br>=C2=A0 80080000-8116efff : Kernel code<br>=C2=A0 812b6000-8152cfff =
: Kernel data<br>d9300000-efffffff : System RAM<br>f0200000-2681fffff : Sys=
tem RAM<br>277080000-27708ffff : persistent_ram<br>277090000-27709ffff : pe=
rsistent_ram<br>2770a0000-2770affff : persistent_ram<br>2770b0000-2770bffff=
 : persistent_ram<br>2770c0000-2770cffff : persistent_ram<br>2770d0000-2770=
dffff : persistent_ram<br>2770e0000-2770effff : persistent_ram<br>2770f0000=
-2770fffff : persistent_ram<br>277100000-27710ffff : persistent_ram<br>2771=
10000-27711ffff : persistent_ram<br>277120000-27712ffff : persistent_ram<br=
>277130000-27713ffff : persistent_ram<br>277140000-27714ffff : persistent_r=
am<br>277150000-27715ffff : persistent_ram<br>277160000-27716ffff : persist=
ent_ram<br>277170000-27717ffff : persistent_ram<br>277180000-27718ffff : pe=
rsistent_ram<br>277190000-27719ffff : persistent_ram<br>2771a0000-2771affff=
 : persistent_ram<br>2771b0000-2771bffff : persistent_ram<br>2771c0000-2771=
cffff : persistent_ram<br>2771d0000-2771dffff : persistent_ram<br>2771e0000=
-2771effff : persistent_ram<br>2771f0000-2771fffff : persistent_ram<br>2772=
00000-27727ffff : persistent_ram<br><br>[3]<br>cat /proc/cmdline<br>root=3D=
/dev/mmcblk0p1 rw rootwait console=3DttyS0,115200n8 console=3Dtty0 OS=3Dl4t=
 fbcon=3Dmap:0 net.ifnames=3D0 memtype=3D0 video=3Dtegrafb no_console_suspe=
nd=3D1 earlycon=3Duart8250,mmio32,0x03100000 nvdumper_reserved=3D0x2772e000=
0 gpt tegra_fbmem2=3D0x140000@0x969f0000 lut_mem2=3D0x2008@0x969ed000 tegra=
id=3D18.1.2.0.0 tegra_keep_boot_clocks maxcpus=3D6 boot.slot_suffix=3D boot=
.ratchetvalues=3D0.2.1 androidboot.serialno=3D0320218169735 bl_prof_dataptr=
=3D0x10000@0x277040000 sdhci_tegra.en_boot_part_access=3D1 root=3D/dev/mmcb=
lk0p1 rw rootwait rootfstype=3Dext4 mem=3D7808M<br><br>[4] <br>extlinux.con=
f<br>TIMEOUT 30<br>DEFAULT primary<br><br>MENU TITLE p2771-0000 eMMC boot o=
ptions<br><br>LABEL primary<br>=C2=A0=C2=A0=C2=A0=C2=A0=C2=A0 MENU LABEL pr=
imary kernel<br>=C2=A0=C2=A0=C2=A0=C2=A0=C2=A0 LINUX /boot/Image<br>=C2=A0=
=C2=A0=C2=A0=C2=A0=C2=A0 APPEND ${cbootargs} root=3D/dev/mmcblk0p1 rw rootw=
ait rootfstype=3Dext4 mem=3D7808M<br>[5]<br>jetson-tx2.c<br><br><br><br><br=
><br><br>On Tuesday, February 4, 2020 at 1:49:11 AM UTC-6, Jan Kiszka wrote=
:<blockquote class=3D"gmail_quote" style=3D"margin: 0;margin-left: 0.8ex;bo=
rder-left: 1px #ccc solid;padding-left: 1ex;">On 03.02.20 19:53, Saroj Sapk=
ota wrote:
<br>&gt; Thank you heartily for providing and guiding. As per your suggesti=
on,
<br>&gt; I changed the configuration file according to /proc/iomem=C2=A0 (e=
dittx2.c)=20
<br>&gt; and tried to enable jailhouse with it hypervisor still continue to=
=20
<br>&gt; crash. Please have a look at this file serial console output, edit=
tx2.c=20
<br>
<br>Actually, it looks like it&#39;s still Linux that crashes, no hyperviso=
r=20
<br>output visible anywhere (you can see the normal output pattern when=20
<br>trying the qemu-arm64 target of jailhouse-images).
<br>
<br>&gt; and iomemtx2.txt
<br>&gt; what are the mistakes? what will be the easiest way to enable jail=
house=20
<br>&gt; in tx2?
<br>
<br>Is there regular RAM at 0x271000000 when you start Linux without mem=3D=
...?
<br>
<br>Jan
<br>
<br>&gt; Thank you
<br>&gt;=20
<br>&gt;=20
<br>&gt; On Saturday, February 1, 2020 at 3:34:55 AM UTC-6, Jan Kiszka wrot=
e:
<br>&gt;=20
<br>&gt; =C2=A0 =C2=A0 On 30.01.20 22:00, Saroj Sapkota wrote:
<br>&gt; =C2=A0 =C2=A0 =C2=A0&gt; Thank you for the prompt reply Jan.
<br>&gt; =C2=A0 =C2=A0 =C2=A0&gt;
<br>&gt; =C2=A0 =C2=A0 =C2=A0&gt; ##&gt;This means I have to compare jetson=
-tx2.c with /proc/iomem
<br>&gt; =C2=A0 =C2=A0 addresses
<br>&gt; =C2=A0 =C2=A0 =C2=A0&gt; and change if there is any deviation?
<br>&gt;=20
<br>&gt; =C2=A0 =C2=A0 Yep.
<br>&gt;=20
<br>&gt; =C2=A0 =C2=A0 =C2=A0&gt;
<br>&gt; =C2=A0 =C2=A0 =C2=A0&gt; ##&gt;How the address for inmate is alloc=
ated, its the spaces of
<br>&gt; =C2=A0 =C2=A0 system RAM?
<br>&gt;=20
<br>&gt; =C2=A0 =C2=A0 That&#39;s what mem=3D or device tree reservations a=
re for: Keep root Linux
<br>&gt; =C2=A0 =C2=A0 away from some memory that can then be used for non-=
root inmates and
<br>&gt; =C2=A0 =C2=A0 the
<br>&gt; =C2=A0 =C2=A0 hypervisor itself.
<br>&gt;=20
<br>&gt; =C2=A0 =C2=A0 =C2=A0&gt;
<br>&gt; =C2=A0 =C2=A0 =C2=A0&gt; ##&gt;where and how can i find the .gicd_=
base =3D 0x03881000,(.gicc_base,
<br>&gt; =C2=A0 =C2=A0 =C2=A0&gt; .gich_base, .gicv_base) addresses of the =
board?
<br>&gt; =C2=A0 =C2=A0 =C2=A0&gt;
<br>&gt;=20
<br>&gt; =C2=A0 =C2=A0 Check the device tree of your target.
<br>&gt;=20
<br>&gt; =C2=A0 =C2=A0 =C2=A0&gt; ##&gt; last thing how to define .irqchip;=
 pin_base and pin_bitmap?
<br>&gt; =C2=A0 =C2=A0 =C2=A0&gt;
<br>&gt;=20
<br>&gt; =C2=A0 =C2=A0 pin_base for the first gicd is always 32 (first SPI)=
. The pin_bitmap of
<br>&gt; =C2=A0 =C2=A0 the root cell should cover all possible SPIs. If tho=
se do not fit into
<br>&gt; =C2=A0 =C2=A0 one irqchip, add another one with an appropriate pin=
_base.
<br>&gt;=20
<br>&gt; =C2=A0 =C2=A0 For non-root cells, you only specify the SPIs that t=
hose should &quot;steal&quot;
<br>&gt; =C2=A0 =C2=A0 from the root cell.
<br>&gt;=20
<br>&gt; =C2=A0 =C2=A0 Jan
<br>&gt;=20
<br>&gt; --=20
<br>&gt; You received this message because you are subscribed to the Google=
=20
<br>&gt; Groups &quot;Jailhouse&quot; group.
<br>&gt; To unsubscribe from this group and stop receiving emails from it, =
send=20
<br>&gt; an email to <a href=3D"javascript:" target=3D"_blank" gdf-obfuscat=
ed-mailto=3D"AP9_me0pEwAJ" rel=3D"nofollow" onmousedown=3D"this.href=3D&#39=
;javascript:&#39;;return true;" onclick=3D"this.href=3D&#39;javascript:&#39=
;;return true;">jailho...@<wbr>googlegroups.com</a>=20
<br>&gt; &lt;mailto:<a href=3D"javascript:" target=3D"_blank" gdf-obfuscate=
d-mailto=3D"AP9_me0pEwAJ" rel=3D"nofollow" onmousedown=3D"this.href=3D&#39;=
javascript:&#39;;return true;" onclick=3D"this.href=3D&#39;javascript:&#39;=
;return true;">jailhouse-dev+<wbr>unsubscribe@googlegroups.com</a>&gt;.
<br>&gt; To view this discussion on the web visit=20
<br>&gt; <a href=3D"https://groups.google.com/d/msgid/jailhouse-dev/262dbcd=
3-986b-4e42-9427-00b6fcd0e567%40googlegroups.com" target=3D"_blank" rel=3D"=
nofollow" onmousedown=3D"this.href=3D&#39;https://groups.google.com/d/msgid=
/jailhouse-dev/262dbcd3-986b-4e42-9427-00b6fcd0e567%40googlegroups.com&#39;=
;return true;" onclick=3D"this.href=3D&#39;https://groups.google.com/d/msgi=
d/jailhouse-dev/262dbcd3-986b-4e42-9427-00b6fcd0e567%40googlegroups.com&#39=
;;return true;">https://groups.google.com/d/<wbr>msgid/jailhouse-dev/262dbc=
d3-<wbr>986b-4e42-9427-00b6fcd0e567%<wbr>40googlegroups.com</a>=20
<br>&gt; &lt;<a href=3D"https://groups.google.com/d/msgid/jailhouse-dev/262=
dbcd3-986b-4e42-9427-00b6fcd0e567%40googlegroups.com?utm_medium=3Demail&amp=
;utm_source=3Dfooter" target=3D"_blank" rel=3D"nofollow" onmousedown=3D"thi=
s.href=3D&#39;https://groups.google.com/d/msgid/jailhouse-dev/262dbcd3-986b=
-4e42-9427-00b6fcd0e567%40googlegroups.com?utm_medium\x3demail\x26utm_sourc=
e\x3dfooter&#39;;return true;" onclick=3D"this.href=3D&#39;https://groups.g=
oogle.com/d/msgid/jailhouse-dev/262dbcd3-986b-4e42-9427-00b6fcd0e567%40goog=
legroups.com?utm_medium\x3demail\x26utm_source\x3dfooter&#39;;return true;"=
>https://groups.google.com/d/<wbr>msgid/jailhouse-dev/262dbcd3-<wbr>986b-4e=
42-9427-00b6fcd0e567%<wbr>40googlegroups.com?utm_medium=3D<wbr>email&amp;ut=
m_source=3Dfooter</a>&gt;.
<br>
<br>
<br>--=20
<br>Siemens AG, Corporate Technology, CT RDA IOT SES-DE
<br>Corporate Competence Center Embedded Linux
<br></blockquote></div>

<p></p>

-- <br />
You received this message because you are subscribed to the Google Groups &=
quot;Jailhouse&quot; group.<br />
To unsubscribe from this group and stop receiving emails from it, send an e=
mail to <a href=3D"mailto:jailhouse-dev+unsubscribe@googlegroups.com">jailh=
ouse-dev+unsubscribe@googlegroups.com</a>.<br />
To view this discussion on the web visit <a href=3D"https://groups.google.c=
om/d/msgid/jailhouse-dev/581d5b56-08d8-4df5-abf5-67d2856a930e%40googlegroup=
s.com?utm_medium=3Demail&utm_source=3Dfooter">https://groups.google.com/d/m=
sgid/jailhouse-dev/581d5b56-08d8-4df5-abf5-67d2856a930e%40googlegroups.com<=
/a>.<br />

------=_Part_104_1210446197.1581025123164--

------=_Part_103_685221992.1581025123163
Content-Type: text/x-csrc; charset=US-ASCII; name=jetson-tx2.c
Content-Transfer-Encoding: 7bit
Content-Disposition: attachment; filename=jetson-tx2.c
X-Attachment-Id: 1d57fdc1-17af-4b43-8073-4eb4468de83a
Content-ID: <1d57fdc1-17af-4b43-8073-4eb4468de83a>

/*
 * Jailhouse, a Linux-based partitioning hypervisor
 *
 * Configuration for Jailhouse Jetson TX2 board
 *
 * Copyright (C) 2018 Evidence Srl
 *
 * Authors:
 *  Claudio Scordino <claudio@evidence.eu.com>
 *
 * This work is licensed under the terms of the GNU GPL, version 2.  See
 * the COPYING file in the top-level directory.
 *
 * NOTE: Add "mem=7808M vmalloc=512M" to the kernel command line.
 *
 *	2:7000:0000 inmate (size: 100:0000 = 16 MB)
 *	2:7100:0000 hypervisor (size: 400:0000 = 64 MB)
 *
 */

#include <jailhouse/types.h>
#include <jailhouse/cell-config.h>

#define ARRAY_SIZE(a) (sizeof(a) / sizeof(a[0]))

struct {
	struct jailhouse_system header;
	__u64 cpus[1];
	struct jailhouse_memory mem_regions[66];
	struct jailhouse_irqchip irqchips[3];
	struct jailhouse_pci_device pci_devices[2];
} __attribute__((packed)) config = {
	.header = {
		.signature = JAILHOUSE_SYSTEM_SIGNATURE,
		.revision = JAILHOUSE_CONFIG_REVISION,
		.hypervisor_memory = {
			.phys_start = 0x271000000,
			.size = 0x4000000,
		},
		.debug_console = {
			.address = 0x3100000,
			.size = 0x10000,
			.flags = JAILHOUSE_CON1_TYPE_8250 |
				 JAILHOUSE_CON1_ACCESS_MMIO |
				 JAILHOUSE_CON1_REGDIST_4 |
				 JAILHOUSE_CON2_TYPE_ROOTPAGE,
		},
		.platform_info = {
			/* .pci_mmconfig_base is fixed; if you change it,
                         update the value in inmates/lib/arm-common/pci.c
                         (PCI_CFG_BASE) and regenerate the inmate library*/
                        .pci_mmconfig_base = 0x40000000, 
                        .pci_mmconfig_end_bus = 0x0,
                        .pci_is_virtual = 1,

			.arm = {
				.gicd_base = 0x03881000,
				.gicc_base = 0x03882000,
				.gich_base = 0x03884000,
				.gicv_base = 0x03886000,
				.gic_version = 2,
				.maintenance_irq = 25,
			}
		},
		.root_cell = {
			.name = "Jetson-TX2",
			.cpu_set_size = sizeof(config.cpus),
			.num_memory_regions = ARRAY_SIZE(config.mem_regions),
			.num_pci_devices = ARRAY_SIZE(config.pci_devices),
			.num_irqchips = ARRAY_SIZE(config.irqchips),
			.vpci_irq_base = 288,
		},
	},

	.cpus = {
		0x39,
	},


	.mem_regions = {
		/* BPMP_ATCM */ {
                        .phys_start = 0x00000000,
                        .virt_start = 0x00000000,
                        .size = 0x40000,
                        .flags = JAILHOUSE_MEM_READ | JAILHOUSE_MEM_WRITE |
                                JAILHOUSE_MEM_EXECUTE,
                },

		/* MISC */ {
                        .phys_start = 0x00100000,
                        .virt_start = 0x00100000,
                        .size = 0x10000,
                        .flags = JAILHOUSE_MEM_READ | JAILHOUSE_MEM_WRITE |
                                JAILHOUSE_MEM_EXECUTE,
                },

		/* AXIP2P */ {
			.phys_start = 0x02100000,
			.virt_start = 0x02100000,
			.size = 0x100000,
			.flags = JAILHOUSE_MEM_READ | JAILHOUSE_MEM_WRITE |
				JAILHOUSE_MEM_EXECUTE,
		},
		/* GPIO_CTL */ {
			.phys_start = 0x02200000,
			.virt_start = 0x02200000,
			.size = 0x100000,
			.flags = JAILHOUSE_MEM_READ | JAILHOUSE_MEM_WRITE |
				JAILHOUSE_MEM_EXECUTE,
		},
		/* AXI2APB */ {
			.phys_start = 0x02300000,
			.virt_start = 0x02300000,
			.size = 0x100000,
			.flags = JAILHOUSE_MEM_READ | JAILHOUSE_MEM_WRITE |
				JAILHOUSE_MEM_EXECUTE,
		},

		/* TSA */ {
			.phys_start = 0x2400000,
			.virt_start = 0x2400000,
			.size = 0x20000,
			.flags = JAILHOUSE_MEM_READ | JAILHOUSE_MEM_WRITE |
				JAILHOUSE_MEM_EXECUTE,
		},
		/* PADCTL_A (PINMUX) */ {
			.phys_start = 0x02430000,
			.virt_start = 0x02430000,
			.size = 0x15000,
			.flags = JAILHOUSE_MEM_READ | JAILHOUSE_MEM_WRITE |
				JAILHOUSE_MEM_EXECUTE,
		},
		/* UFSHC */ {
			.phys_start = 0x02450000,
			.virt_start = 0x02450000,
			.size = 0x20000,
			.flags = JAILHOUSE_MEM_READ | JAILHOUSE_MEM_WRITE |
				JAILHOUSE_MEM_EXECUTE,
		},
		/* ETHER_QOS */ {
			.phys_start = 0x02490000,
			.virt_start = 0x02490000,
			.size = 0x50000,
			.flags = JAILHOUSE_MEM_READ | JAILHOUSE_MEM_WRITE |
				JAILHOUSE_MEM_EXECUTE,
		},
		/* GPCDMA */ {
			.phys_start = 0x02600000,
			.virt_start = 0x02600000,
			.size = 0x210000,
			.flags = JAILHOUSE_MEM_READ | JAILHOUSE_MEM_WRITE |
				JAILHOUSE_MEM_EXECUTE,
		},
		/* APE */ {
			.phys_start = 0x02900000,
			.virt_start = 0x02900000,
			.size = 0x200000,
			.flags = JAILHOUSE_MEM_READ | JAILHOUSE_MEM_WRITE |
				JAILHOUSE_MEM_EXECUTE,
		},
		/* MSS */ {
			.phys_start = 0x02c00000,
			.virt_start = 0x02c00000,
			.size = 0xb0000,
			.flags = JAILHOUSE_MEM_READ | JAILHOUSE_MEM_WRITE |
				JAILHOUSE_MEM_EXECUTE,
		},
		/* LIC */ {
                        .phys_start = 0x03000000,
                        .virt_start = 0x03000000,
                        .size = 0x10000,
                        .flags = JAILHOUSE_MEM_READ | JAILHOUSE_MEM_WRITE |
                                JAILHOUSE_MEM_EXECUTE,
                },
		/* TOP_TKE */ {
			.phys_start = 0x03010000,
			.virt_start = 0x03010000,
			.size = 0xe0000,
			.flags = JAILHOUSE_MEM_READ | JAILHOUSE_MEM_WRITE |
				JAILHOUSE_MEM_EXECUTE,
		},
		/* TIMER */ {
                        .phys_start = 0x03020000,
                        .virt_start = 0x03020000,
                        .size = 0xa0000,
                        .flags = JAILHOUSE_MEM_READ | JAILHOUSE_MEM_WRITE |
                                JAILHOUSE_MEM_EXECUTE,
                },
		/* UARTA */ {
			.phys_start = 0x03100000,
			.virt_start = 0x03100000,
			.size = 0x10000,
			.flags = JAILHOUSE_MEM_READ | JAILHOUSE_MEM_WRITE |
				     JAILHOUSE_MEM_EXECUTE,
		},
		/* UART-B */ {
			.phys_start = 0x03110000,
			.virt_start = 0x03110000,
			.size = 0x10000,
			.flags = JAILHOUSE_MEM_READ | JAILHOUSE_MEM_WRITE |
				JAILHOUSE_MEM_EXECUTE,
		},
		/* I2C */ {
			.phys_start = 0x03160000,
			.virt_start = 0x03160000,
			.size = 0x90000,
			.flags = JAILHOUSE_MEM_READ | JAILHOUSE_MEM_WRITE |
				JAILHOUSE_MEM_EXECUTE,
		},
		/* PWM1 + PWM2 */ {
			.phys_start = 0x03280000,
			.virt_start = 0x03280000,
			.size = 0x20000,
			.flags = JAILHOUSE_MEM_READ | JAILHOUSE_MEM_WRITE |
				JAILHOUSE_MEM_EXECUTE,
		},
		/* PWM3 - PWM8 */ {
			.phys_start = 0x032a0000,
			.virt_start = 0x032a0000,
			.size = 0x60000,
			.flags = JAILHOUSE_MEM_READ | JAILHOUSE_MEM_WRITE |
				JAILHOUSE_MEM_EXECUTE,
		},
		/* SDMMC */ {
			.phys_start = 0x3400000,
			.virt_start = 0x3400000,
			.size = 0x80000,
			.flags = JAILHOUSE_MEM_READ | JAILHOUSE_MEM_WRITE |
				JAILHOUSE_MEM_EXECUTE,
		},
		/* SATA */ {
			.phys_start = 0x3500000,
			.virt_start = 0x3500000,
			.size = 0x10000,
			.flags = JAILHOUSE_MEM_READ | JAILHOUSE_MEM_WRITE |
				JAILHOUSE_MEM_EXECUTE,
		},
		/* HDA */ {
			.phys_start = 0x3510000,
			.virt_start = 0x3510000,
			.size = 0x10000,
			.flags = JAILHOUSE_MEM_READ | JAILHOUSE_MEM_WRITE |
				JAILHOUSE_MEM_EXECUTE,
		},
		/* XUSB_PADCTL + XUSB_HOST */ {
			.phys_start = 0x3520000,
			.virt_start = 0x3520000,
			.size = 0x20000,
			.flags = JAILHOUSE_MEM_READ | JAILHOUSE_MEM_WRITE |
				JAILHOUSE_MEM_EXECUTE,
		},
		/* XUSB */ {
			.phys_start = 0x03540000,
			.virt_start = 0x03540000,
			.size = 0x20000,
			.flags = JAILHOUSE_MEM_READ | JAILHOUSE_MEM_WRITE |
				JAILHOUSE_MEM_EXECUTE,
		},
		/* FUSE + KFUSE */ {
			.phys_start = 0x03820000,
			.virt_start = 0x03820000,
			.size = 0x40000,
			.flags = JAILHOUSE_MEM_READ | JAILHOUSE_MEM_WRITE |
				JAILHOUSE_MEM_EXECUTE,
		},
		/* MIPICAL */ {
			.phys_start = 0x03990000,
			.virt_start = 0x03990000,
			.size = 0x10000,
			.flags = JAILHOUSE_MEM_READ | JAILHOUSE_MEM_WRITE |
				JAILHOUSE_MEM_EXECUTE,
		},
		/* TACH_0 */ {
			.phys_start = 0x039c0000,
			.virt_start = 0x039c0000,
			.size = 0x10000,
			.flags = JAILHOUSE_MEM_READ | JAILHOUSE_MEM_WRITE |
				JAILHOUSE_MEM_EXECUTE,
		},
		/* SE0 */ {
			.phys_start = 0x03ac0000,
			.virt_start = 0x03ac0000,
			.size = 0x30000,
			.flags = JAILHOUSE_MEM_READ | JAILHOUSE_MEM_WRITE |
				JAILHOUSE_MEM_EXECUTE,
		},
		/* TOP0_HSP */{
                        .phys_start = 0x03c00000,
                        .virt_start = 0x03c00000,
                        .size = 0xa0000,
                        .flags = JAILHOUSE_MEM_READ | JAILHOUSE_MEM_WRITE |
                                JAILHOUSE_MEM_EXECUTE,
                },
		/* VIC CAR */{
                        .phys_start = 0x05560000,
                        .virt_start = 0x05560000,
                        .size = 0x10000,
                        .flags = JAILHOUSE_MEM_READ | JAILHOUSE_MEM_WRITE |
                                JAILHOUSE_MEM_EXECUTE,
                },
		/* CSITE */ {
			.phys_start = 0x08000000,
			.virt_start = 0x08000000,
			.size = 0x2000000,
			.flags = JAILHOUSE_MEM_READ | JAILHOUSE_MEM_WRITE |
				JAILHOUSE_MEM_EXECUTE,
		},
		/* SCE VIC registers */ {
			.phys_start = 0x0b020000,
			.virt_start = 0x0b020000,
			.size = 0x20000,
			.flags = JAILHOUSE_MEM_READ | JAILHOUSE_MEM_WRITE |
				JAILHOUSE_MEM_EXECUTE,
		},
		/* SCE_PM */ {
			.phys_start = 0x0b1f0000,
			.virt_start = 0x0b1f0000,
			.size = 0x40000,
			.flags = JAILHOUSE_MEM_READ | JAILHOUSE_MEM_WRITE |
				JAILHOUSE_MEM_EXECUTE,
		},
		/* SCE_CFG */ {
			.phys_start = 0x0b230000,
			.virt_start = 0x0b230000,
			.size = 0x10000,
			.flags = JAILHOUSE_MEM_READ | JAILHOUSE_MEM_WRITE |
				JAILHOUSE_MEM_EXECUTE,
		},
		/* AON VIC registers */ {
			.phys_start = 0x0c020000,
			.virt_start = 0x0c020000,
			.size = 0x20000,
			.flags = JAILHOUSE_MEM_READ | JAILHOUSE_MEM_WRITE |
				JAILHOUSE_MEM_EXECUTE,
		},
		/* More I2C + SPI2 */ {
			.phys_start = 0x0c230000,
			.virt_start = 0x0c230000,
			.size = 0x40000,
			.flags = JAILHOUSE_MEM_READ | JAILHOUSE_MEM_WRITE |
				JAILHOUSE_MEM_EXECUTE,
		},
		/* UARTC, UARTG, RTC, TSC */ {
			.phys_start = 0x0c280000,
			.virt_start = 0x0c280000,
			.size = 0x70000,
			.flags = JAILHOUSE_MEM_READ | JAILHOUSE_MEM_WRITE |
				JAILHOUSE_MEM_EXECUTE,
		},
		/* AON_GPIO_0 */ {
			.phys_start = 0x0c2f0000,
			.virt_start = 0x0c2f0000,
			.size = 0x10000,
			.flags = JAILHOUSE_MEM_READ | JAILHOUSE_MEM_WRITE |
				JAILHOUSE_MEM_EXECUTE,
		},
		/* AON_PADCTL_0 (PINMUX) */ {
			.phys_start = 0x0c300000,
			.virt_start = 0x0c300000,
			.size = 0x10000,
			.flags = JAILHOUSE_MEM_READ | JAILHOUSE_MEM_WRITE |
				JAILHOUSE_MEM_EXECUTE,
		},
		/*CAN 1, CAN2 */ {
			.phys_start = 0x0c310000,
			.virt_start = 0x0c310000,
			.size = 0x20000,
			.flags = JAILHOUSE_MEM_READ | JAILHOUSE_MEM_WRITE |
				JAILHOUSE_MEM_EXECUTE,
		},
		/*PWM4 (FAN) */ {
			.phys_start = 0x0c340000,
			.virt_start = 0x0c340000,
			.size = 0x10000,
			.flags = JAILHOUSE_MEM_READ | JAILHOUSE_MEM_WRITE |
				JAILHOUSE_MEM_EXECUTE,
		},
		/* PMC */ {
			.phys_start = 0x0c360000,
			.virt_start = 0x0c360000,
			.size = 0x40000,
			.flags = JAILHOUSE_MEM_READ | JAILHOUSE_MEM_WRITE |
				JAILHOUSE_MEM_EXECUTE,
		},
		/* BPMP VIC registers */ {
			.phys_start = 0x0d020000,
			.virt_start = 0x0d020000,
			.size = 0x20000,
			.flags = JAILHOUSE_MEM_READ | JAILHOUSE_MEM_WRITE |
				JAILHOUSE_MEM_EXECUTE,
		},
		/* ACTMON  + SIMON + SOC_THERM */ {
			.phys_start = 0x0d230000,
			.virt_start = 0x0d230000,
			.size = 0x70000,
			.flags = JAILHOUSE_MEM_READ | JAILHOUSE_MEM_WRITE |
				JAILHOUSE_MEM_EXECUTE,
		},
		/*CCPLEX CLUSTER*/{
                        .phys_start = 0x0e000000,
                        .virt_start = 0x0e000000,
                        .size = 0x400000,
                        .flags = JAILHOUSE_MEM_READ | JAILHOUSE_MEM_WRITE |
                                JAILHOUSE_MEM_EXECUTE,
                },
		/* PCIE0 */ {
			.phys_start = 0x10000000,
			.virt_start = 0x10000000,
			.size = 0x1000000,
			.flags = JAILHOUSE_MEM_READ | JAILHOUSE_MEM_WRITE |
				JAILHOUSE_MEM_EXECUTE,
		},
		/* SMMU0 */ {
			.phys_start = 0x12000000,
			.virt_start = 0x12000000,
			.size = 0x1000000,
			.flags = JAILHOUSE_MEM_READ | JAILHOUSE_MEM_WRITE |
				JAILHOUSE_MEM_EXECUTE,
		},
		/* HOST1X */ {
			.phys_start = 0x13e00000,
			.virt_start = 0x13e00000,
			.size = 0x90000,
			.flags = JAILHOUSE_MEM_READ | JAILHOUSE_MEM_WRITE |
				JAILHOUSE_MEM_EXECUTE,
		},
		/* HOST1X_ACTMON */ {
			.phys_start = 0x13ec0000,
			.virt_start = 0x13ec0000,
			.size = 0x50000,
			.flags = JAILHOUSE_MEM_READ | JAILHOUSE_MEM_WRITE |
				JAILHOUSE_MEM_EXECUTE,
		},
		/* DPAUX1 */ {
			.phys_start = 0x15040000,
			.virt_start = 0x15040000,
			.size = 0x40000,
			.flags = JAILHOUSE_MEM_READ | JAILHOUSE_MEM_WRITE |
				JAILHOUSE_MEM_EXECUTE,
		},
		/* NVCSI */ {
			.phys_start = 0x150c0000,
			.virt_start = 0x150c0000,
			.size = 0x40000,
			.flags = JAILHOUSE_MEM_READ | JAILHOUSE_MEM_WRITE |
				JAILHOUSE_MEM_EXECUTE,
		},
		/* TSECB */ {
			.phys_start = 0x15100000,
			.virt_start = 0x15100000,
			.size = 0x40000,
			.flags = JAILHOUSE_MEM_READ | JAILHOUSE_MEM_WRITE |
				JAILHOUSE_MEM_EXECUTE,
		},
		/* NVDISPLAY */ {
                        .phys_start = 0x15200000,
                        .virt_start = 0x15200000,
                        .size = 0x40000,
                        .flags = JAILHOUSE_MEM_READ | JAILHOUSE_MEM_WRITE |
                                JAILHOUSE_MEM_EXECUTE,
                },
		/* VIC */ {
			.phys_start = 0x15340000,
			.virt_start = 0x15340000,
			.size = 0x40000,
			.flags = JAILHOUSE_MEM_READ | JAILHOUSE_MEM_WRITE |
				JAILHOUSE_MEM_EXECUTE,
		},
		/* NVJPG */ {
			.phys_start = 0x15380000,
			.virt_start = 0x15380000,
			.size = 0x40000,
			.flags = JAILHOUSE_MEM_READ | JAILHOUSE_MEM_WRITE |
				JAILHOUSE_MEM_EXECUTE,
		},
		/* NVDEC + NVENC + TSEC + ISP  + SOR */ {
			.phys_start = 0x15480000,
			.virt_start = 0x15480000,
			.size = 0x1c0000,
			.flags = JAILHOUSE_MEM_READ | JAILHOUSE_MEM_WRITE |
				JAILHOUSE_MEM_EXECUTE,
		},
		/* NI */ {
			.phys_start = 0x15700000,
			.virt_start = 0x15700000,
			.size = 0x100000,
			.flags = JAILHOUSE_MEM_READ | JAILHOUSE_MEM_WRITE |
				JAILHOUSE_MEM_EXECUTE,
		},
		/* SE1-SE4 */ {
			.phys_start = 0x15810000,
			.virt_start = 0x15810000,
			.size = 0x40000,
			.flags = JAILHOUSE_MEM_READ | JAILHOUSE_MEM_WRITE |
				JAILHOUSE_MEM_EXECUTE,
		},
		/* GPU */ {
			.phys_start = 0x17000000,
			.virt_start = 0x17000000,
			.size = 0x9000000,
			.flags = JAILHOUSE_MEM_READ | JAILHOUSE_MEM_WRITE |
				JAILHOUSE_MEM_EXECUTE,
		},
		/* SYSRAM_0 */{
                        .phys_start = 0x30000000,
                        .virt_start = 0x30000000,
                        .size = 0x10000000,
                        .flags = JAILHOUSE_MEM_READ | JAILHOUSE_MEM_WRITE |
                                JAILHOUSE_MEM_EXECUTE,
                },

		/* System RAM */ {
			.phys_start = 0x80000000,
			.virt_start = 0x80000000,
			.size = 0x1F0000000,
			.flags = JAILHOUSE_MEM_READ | JAILHOUSE_MEM_WRITE |
				JAILHOUSE_MEM_EXECUTE,
		},
		/* Inmate */ {
			.phys_start = 0x270000000,
			.virt_start = 0x270000000,
			.size = 0x1000000,
			.flags = JAILHOUSE_MEM_READ | JAILHOUSE_MEM_WRITE |
				JAILHOUSE_MEM_EXECUTE,
		},
		/* Persistent RAM */ {
			.phys_start = 0x277080000,
			.virt_start = 0x277080000,
			.size = 0x200000,
			.flags = JAILHOUSE_MEM_READ | JAILHOUSE_MEM_WRITE |
				JAILHOUSE_MEM_EXECUTE,
		},
		/* IVHSMEM  1*/ {
                        .phys_start = 0x275000000,
                        .virt_start = 0x275000000,
                        .size = 0x1000,
                        .flags = JAILHOUSE_MEM_READ | JAILHOUSE_MEM_WRITE ,

                },

                /* IVHSMEM  2*/ {
                        .phys_start = 0x275200000,
                        .virt_start = 0x275200000,
                        .size = 0x1000,
                        .flags = JAILHOUSE_MEM_READ | JAILHOUSE_MEM_WRITE ,
                },
	},
	.irqchips = {
		/* GIC */ {
			.address = 0x03881000,
			.pin_base = 32,
			.pin_bitmap = {
				0xffffffff, 0xffffffff, 0xffffffff, 0xffffffff
			},
		},
		/* GIC */ {
			.address = 0x03881000,
			.pin_base = 160,
			.pin_bitmap = {
				0xffffffff, 0xffffffff, 0xffffffff, 0xffffffff
			},
		},
		/* GIC */ {
			.address = 0x03881000,
			.pin_base = 288,
			.pin_bitmap = {
				0xffffffff, 0xffffffff, 0xffffffff
			},
		},
	},

	.pci_devices = {
                {
                        .type = JAILHOUSE_PCI_TYPE_IVSHMEM,
                        .bdf = 0x0 << 3,
                        .bar_mask = {
                                0xffffff00, 0xffffffff, 0x00000000,
                                0x00000000, 0x00000000, 0x00000000,
                        },

                        /*num_msix_vectors needs to be 0 for INTx operation*/
                        .num_msix_vectors = 0,
                        .shmem_region = 64,
                        .shmem_protocol = JAILHOUSE_SHMEM_PROTO_UNDEFINED,
                        .domain = 0x0,

                },

                {
                        .type = JAILHOUSE_PCI_TYPE_IVSHMEM,
                        .bdf = 0xf << 3,
                        .bar_mask = {
                                0xffffff00, 0xffffffff, 0x00000000,
                                0x00000000, 0x00000000, 0x00000000,
                        },

                        /*num_msix_vectors needs to be 0 for INTx operation*/
                        .num_msix_vectors = 0,
                        .shmem_region = 65,
                        .shmem_protocol = JAILHOUSE_SHMEM_PROTO_UNDEFINED,
			.domain = 0x0,

                },
        },


};

------=_Part_103_685221992.1581025123163
Content-Type: text/plain; charset=US-ASCII; name=linux_boot.txt
Content-Transfer-Encoding: 7bit
Content-Disposition: attachment; filename=linux_boot.txt
X-Attachment-Id: 121906e6-43eb-4d0b-916b-fc887e5d9810
Content-ID: <121906e6-43eb-4d0b-916b-fc887e5d9810>

[0000.266] I> Welcome to MB2(TBoot-BPMP)(version: 01.00.160913-t186-M-00.00-mobile-bcc33104)
[0000.274] I> Default Heap @ [0xd486400 - 0xd488400]
[0000.279] I> DMA Heap @ [0x85200000 - 0x86200000]
[0000.284] I> bit @ 0xd480000
[0000.287] I> BR-BCT relocated to 0xd7020000
[0000.291] I> Boot-device: eMMC
[0000.295] I> sdmmc bdev is already initialized
[0000.299] I> pmic: reset reason (nverc)        : 0x80
[0000.304] I> Reading GPT from 512 for device 00000003
[0000.310] I> Reading GPT from 8388096 for device 00000003
[0000.317] I> Found 14 partitions in 00000003 device
[0000.322] I> Reading GPT from 512 for device 00010003
[0000.328] I> Found 29 partitions in 00010003 device
[0000.334] W> No valid slot number is found in scratch register
[0000.339] W> Return default slot: _a
[0000.343] I> A/B: bin_type (16) slot 0
[0000.346] I> Loading partition bpmp-fw at 0xd7800000
[0000.351] I> Reading two headers - addr:0xd7800000 blocks:1
[0000.357] I> Addr: 0xd7800000, start-block: 58761224, num_blocks: 1
[0000.372] I> Binary(16) of size 532656 is loaded @ 0xd7800000
[0000.377] W> No valid slot number is found in scratch register
[0000.383] W> Return default slot: _a
[0000.386] I> A/B: bin_type (17) slot 0
[0000.390] I> Loading partition bpmp-fw-dtb at 0xd79f0000
[0000.395] I> Reading two headers - addr:0xd79f0000 blocks:1
[0000.401] I> Addr: 0xd79f0000, start-block: 58763640, num_blocks: 1
[0000.414] I> Binary(17) of size 465760 is loaded @ 0xd798e200
[0000.592] I> BPMP-FW load address = 0xd7800000
[0000.597] I> BPMP-FW DTB load address = 0x5018e200
[0000.601] I> Loading SCE-FW ...
[0000.604] W> No valid slot number is found in scratch register
[0000.610] W> Return default slot: _a
[0000.614] I> A/B: bin_type (12) slot 0
[0000.617] I> Loading partition sce-fw at 0xd7300000
[0000.622] I> Reading two headers - addr:0xd7300000 blocks:1
[0000.627] I> Addr: 0xd7300000, start-block: 58765640, num_blocks: 1
[0000.636] I> Binary(12) of size 76592 is loaded @ 0xd7300000
[0000.642] I> Init SCE
[0000.644] I> Copy BTCM section
[0000.647] W> No valid slot number is found in scratch register
[0000.653] W> Return default slot: _a
[0000.656] I> A/B: bin_type (13) slot 0
[0000.660] I> Loading partition cpu-bootloader at 0x96000000
[0000.665] I> Reading two headers - addr:0x96000000 blocks:1
[0000.671] I> Addr: 0x96000000, start-block: 58740744, num_blocks: 1
[0000.682] I> Binary(13) of size 294880 is loaded @ 0x96000000
[0000.688] W> No valid slot number is found in scratch register
[0000.693] W> Return default slot: _a
[0000.697] I> A/B: bin_type (20) slot 0
[0000.700] I> Loading partition bootloader-dtb at 0x8520f400
[0000.706] I> Reading two headers - addr:0x8520f400 blocks:1
[0000.711] I> Addr: 0x8520f400, start-block: 58742792, num_blocks: 1
[0000.723] I> Binary(20) of size 280256 is loaded @ 0x8520f400
[0000.728] I> MB2-params(VA) @ 0xd7000000
[0000.732] I> CPUBL-params(VA) @ 0xd7000000
[0000.736] I> CPUBL-params(PA) @ 0x277000000
[0000.740] I> CPU-BL loaded @ PA 0x96000000
[0000.744] I> Loading TOS ...
[0000.747] W> No valid slot number is found in scratch register
[0000.753] W> Return default slot: _a
[0000.756] I> A/B: bin_type (14) slot 0
[0000.760] I> Loading partition secure-os at 0x8530f600
[0000.765] I> Reading two headers - addr:0x8530f600 blocks:1
[0000.770] I> Addr: 0x8530f600, start-block: 58744840, num_blocks: 1
[0000.779] I> Binary(14) of size 62688 is loaded @ 0x8530f600
[0000.784] I> Copying Monitor (length: 0xf2e0) from 0x8530f800 to 0x40000000
[0000.792] I> Erasing Monitor @ 0x8530f800
[0000.796] I> Unhalting SCE
[0000.799] I> Primary Memory Start:80000000 Size:70000000
[0000.804] I> Extended Memory Start:f0110000 Size:185ef0000
[0000.810] I> Waypoint2-ACK: 0x52013158
[0000.814] I> MB2(TBoot-BPMP) done

NOTICE:  BL31: v1.2(release):27881aa0a
NOTICE:  BL31: Built : 14:08:00, Oct 31 2019
NOTICE:  Trusty image missing.
ERROR:   Error initializing runtime service trusty_fast
[0001.173] I> Welcome to Cboot
[0001.176] I> Cboot Version: 00.00.2014.50-t186-32166d5f
[0001.181] I> CPU-BL Params @ 0x277000000
[0001.185] I>  0) Base:0x00000000 Size:0x00000000
[0001.189] I>  1) Base:0x277f00000 Size:0x00100000
[0001.194] I>  2) Base:0x277e00000 Size:0x00100000
[0001.198] I>  3) Base:0x277d00000 Size:0x00100000
[0001.203] I>  4) Base:0x277c00000 Size:0x00100000
[0001.207] I>  5) Base:0x277b00000 Size:0x00100000
[0001.212] I>  6) Base:0x277800000 Size:0x00200000
[0001.216] I>  7) Base:0x277400000 Size:0x00400000
[0001.221] I>  8) Base:0x277a00000 Size:0x00100000
[0001.225] I>  9) Base:0x277300000 Size:0x00100000
[0001.230] I> 10) Base:0x276800000 Size:0x00800000
[0001.234] I> 11) Base:0x30000000 Size:0x00040000
[0001.239] I> 12) Base:0xf0000000 Size:0x00100000
[0001.243] I> 13) Base:0x30040000 Size:0x00001000
[0001.248] I> 14) Base:0x30048000 Size:0x00001000
[0001.252] I> 15) Base:0x30049000 Size:0x00001000
[0001.256] I> 16) Base:0x3004a000 Size:0x00001000
[0001.261] I> 17) Base:0x3004b000 Size:0x00001000
[0001.265] I> 18) Base:0x3004c000 Size:0x00001000
[0001.270] I> 19) Base:0x3004d000 Size:0x00001000
[0001.274] I> 20) Base:0x3004e000 Size:0x00001000
[0001.279] I> 21) Base:0x3004f000 Size:0x00001000
[0001.283] I> 22) Base:0x00000000 Size:0x00000000
[0001.287] I> 23) Base:0xf0100000 Size:0x00010000
[0001.292] I> 24) Base:0x00000000 Size:0x00000000
[0001.296] I> 25) Base:0x00000000 Size:0x00000000
[0001.301] I> 26) Base:0x00000000 Size:0x00000000
[0001.305] I> 27) Base:0x00000000 Size:0x00000000
[0001.310] I> 28) Base:0x84400000 Size:0x00400000
[0001.314] I> 29) Base:0x30000000 Size:0x00010000
[0001.318] I> 30) Base:0x278000000 Size:0x08000000
[0001.323] I> 31) Base:0x00000000 Size:0x00000000
[0001.327] I> 32) Base:0x276000000 Size:0x00600000
[0001.332] I> 33) Base:0x80000000 Size:0x70000000
[0001.336] I> 34) Base:0xf0110000 Size:0x185ef0000
[0001.341] I> 35) Base:0x00000000 Size:0x00000000
[0001.345] I> 36) Base:0x00000000 Size:0x00000000
[0001.350] I> 37) Base:0x2772e0000 Size:0x00020000
[0001.354] I> 38) Base:0x84000000 Size:0x00400000
[0001.359] I> 39) Base:0x96000000 Size:0x02400000
[0001.363] I> 40) Base:0x85000000 Size:0x01200000
[0001.367] I> 41) Base:0x277000000 Size:0x00280000
[0001.372] I> 42) Base:0x00000000 Size:0x00000000
[0001.376] I> 43) Base:0x00000000 Size:0x00000000
[0001.381] GIC-SPI Target CPU: 4
[0001.384] Interrupts Init done
[0001.387] calling constructors
[0001.391] initializing heap
[0001.393] initializing threads
[0001.396] initializing timers
[0001.400] creating bootstrap completion thread
[0001.404] top of bootstrap2()
[0001.407] CPU: ARM Cortex A57
[0001.410] CPU: MIDR: 0x411FD073, MPIDR: 0x80000100
[0001.416] initializing platform
[0001.419] I> Boot-device: eMMC
[0001.423] I> sdmmc bdev is already initialized
[0001.427] I> Reading GPT from 512 for device 00000003
[0001.433] I> Reading GPT from 8388096 for device 00000003
[0001.439] I> Found 14 partitions in 00000003 device
[0001.444] I> Reading GPT from 512 for device 00010003
[0001.450] I> Found 29 partitions in 00010003 device
[0001.454] W> opt-in fuse is not set, skip fuse_burning
[0001.459] I> Bl_dtb @0x8520f400
[0001.462] I> gpio framework initialized
[0001.466] I> tegrabl_gpio_driver_register: register 'tegra_gpio_main_driver' driver
[0001.473] I> tegrabl_gpio_driver_register: register 'tegra_gpio_aon_driver' driver
[0001.481] I> tegrabl_tca9539_init: i2c bus: 0, slave addr: 0xee
[0001.490] I> tegrabl_gpio_driver_register: register 'tca9539_gpio_driver' driver
[0001.497] I> tegrabl_tca9539_init: i2c bus: 0, slave addr: 0xe8
[0001.505] I> tegrabl_gpio_driver_register: register 'tca9539_gpio_driver' driver
[0001.512] I> tegrabl_tca9539_init: i2c bus: 0, slave addr: 0xec
[0001.519] E> i2c dev write failed
[0001.522] E> tca9539_device_init: failed to write polar reg
[0001.527] E> tegrabl_tca9539_init: failed to init device!
[0001.532] E> GPIO TCA9539 driver init failed
[0001.649] I> decompressor handler not found
[0001.656] I> fixed regulator driver initialized
[0001.691] I> register 'maxim' power off handle
[0001.697] I> virtual i2c enabled
[0001.700] I> registered 'maxim,max77620' pmic
[0001.705] I> tegrabl_gpio_driver_register: register 'max77620-gpio' driver
[0001.715] I> Find /i2c@c250000's alias i2c7
[0001.719] I> Reading eeprom i2c=7 address=0x50
[0001.750] I> Device at /i2c@c250000:0x50
[0001.754] I> Reading eeprom i2c=7 address=0x57
[0001.783] I> Device at /i2c@c250000:0x57
[0001.787] I> Find /i2c@c240000's alias i2c1
[0001.791] I> Reading eeprom i2c=1 address=0x51
[0001.797] E> i2c dev read failed
[0001.800] E> eeprom: Retry to read I2C slave device.
[0001.805] E> i2c dev read failed
[0001.808] E> eeprom: Failed to read I2C slave device
[0001.813] I> Eeprom read failed 0x1a89800d
[0001.818] I> Find /i2c@3160000's alias i2c0
[0001.822] I> Reading eeprom i2c=0 address=0x50
[0001.826] E> i2c dev read failed
[0001.829] E> eeprom: Failed to read I2C slave device
[0001.834] I> Eeprom read failed 0x1a89800d
[0001.839] I> Find /i2c@3180000's alias i2c2
[0001.843] I> Reading eeprom i2c=2 address=0x54
[0001.847] I> Enabling gpio chip_id = 2, gpio pin = 9
[0001.879] I> Disabling gpio chip_id = 2, gpio pin = 9
[0001.884] I> Device at /i2c@3180000:0x54
[0001.888] I> create_pm_ids: id: 3310-1000-B02-D, len: 15
[0001.893] I> config: mem-type:00,power-config:00,misc-config:00,modem-config:00,touch-config:00,display-config:00,, len: 93
[0001.904] I> create_pm_ids: id: 2597-0000-501-C, len: 15
[0001.909] I> config: mem-type:00,power-config:00,misc-config:00,modem-config:00,touch-config:00,display-config:00,, len: 93
[0001.920] I> create_pm_ids: id: 3326-1000-100-M, len: 15
[0001.925] I> config: mem-type:ff,power-config:ff,misc-config:ff,modem-config:ff,touch-config:ff,display-config:ff,, len: 93
[0001.940] I> found one nvdisp nodes at offset = 104424
[0001.945] I> found one nvdisp nodes at offset = 105340
[0001.955] I> enabling 'vdd-hdmi' regulator
[0001.969] I> regulator 'vdd-hdmi' already enabled
[0001.974] I> hdmi cable connected
[0001.981] I> setting 'vdd-pex-1v00' regulator to 1000000 micro volts
[0001.991] I> setting 'vdd-1v8' regulator to 1800000 micro volts
[0001.997] I> found one nvdisp nodes at offset = 106144
[0002.017] I> edid read success
[0002.020] I> width = 640, height = 480, frequency = 25174825
[0002.025] I> width = 640, height = 480, frequency = 25174825
[0002.031] I> width = 1600, height = 1200, frequency = 162000000
[0002.036] I> Best mode Width = 640, Height = 480, freq = 25174825
[0002.046] I> hdmi_enable, starting HDMI initialisation
[0002.454] I> hdmi_enable, HDMI initialisation complete
[0002.460] initializing target
[0002.463] calling apps_init()
[0002.466] starting app android_boot_app
[0002.470] I> Gpio keyboard init success
[0002.474] I> Kernel type = Normal
[0002.477] I> Loading kernel/boot.img from storage ...
[0002.482] W> No valid slot number is found in scratch register
[0002.487] W> Return default slot: _a
[0002.491] I> A/B: bin_type (0) slot 0
[0002.494] I> Loading partition kernel at 0xa8000000
[0003.254] I> tegrabl_auth_payload: partition kernel (bin_type 0)
[0003.261] W> No valid slot number is found in scratch register
[0003.267] W> Return default slot: _a
[0003.270] I> A/B: bin_type (1) slot 0
[0003.274] I> Loading partition kernel-dtb at 0x92000000
[0003.286] I> tegrabl_auth_payload: partition kernel-dtb (bin_type 1)
[0003.292] I> Kernel DTB @ 0x92000000
[0003.296] I> Checking boot.img header magic ... [0003.300] I> [OK]
[0003.302] I> Verify header fields
[0003.305] I> Valid boot.img @ 0xa8000000
[0003.309] I> decompressor handler not found
[0003.313] I> Copying kernel image (488506 bytes) from 0xa8000800 to 0x80080000 ... [0003.320] I> Done
[0003.322] I> Move ramdisk (len: 0) from 0xa8078000 to 0x9d000000
[0003.329] I> Updated bpmp info to DTB
[0003.335] I> Ramdisk: Base: 0x9d000000; Size: 0x0
[0003.339] I> Updated initrd info to DTB
[0003.343] E> tegrabl_linuxboot_add_disp_param, du 1 failed to get display params
[0003.350] E> tegrabl_linuxboot_add_disp_param, du 1 failed to get display params
[0003.357] I> disabled_core_mask: 0xffffff0c
[0003.361] W> No valid slot number is found in scratch register
[0003.367] W> Return default slot: _a
[0003.370] I> Active slot suffix: 
[0003.373] I> add_boot_slot_suffix: slot_suffix = 
[0003.378] I> add_serialno: Serial Num = 0320218169735
[0003.383] I> Linux Cmdline: root=/dev/mmcblk0p1 rw rootwait console=ttyS0,115200n8 console=tty0 OS=l4t fbcon=map:0 net.ifnames=0 memtype=0 video=tegrafb no_console_suspend=1 earlycon=uart8250,mm 
[0003.427] I> Updated bootarg info to DTB
[0003.430] E> "plugin-manager" doesn't exist, creating
[0003.435] E> "odm-data" doesn't exist, creating
[0003.441] I> eeprom_get_mac_addr: MAC (type: 0): 00:04:4b:a8:11:d7
[0003.447] I> eeprom_get_mac_addr: MAC (type: 1): 00:04:4b:a8:11:d8
[0003.454] I> eeprom_get_mac_addr: MAC (type: 2): 00:04:4b:a8:11:d9
[0003.460] E> "ids" doesn't exist, creating
[0003.464] E> "connection" doesn't exist, creating
[0003.468] E> "configs" doesn't exist, creating
[0003.472] I> create_pm_ids: id: 3310-1000-B02-D, len: 15
[0003.478] I> config: mem-type:00,power-config:00,misc-config:00,modem-config:00,touch-config:00,display-config:00,, len: 93
[0003.489] I> create_pm_ids: id: 2597-0000-501-C, len: 15
[0003.494] I> config: mem-type:00,power-config:00,misc-config:00,modem-config:00,touch-config:00,display-config:00,, len: 93
[0003.505] I> create_pm_ids: id: 3326-1000-100-M, len: 15
[0003.510] I> config: mem-type:ff,power-config:ff,misc-config:ff,modem-config:ff,touch-config:ff,display-config:ff,, len: 93
[0003.521] I> Adding plugin-manager/ids/3310-1000-B02=/i2c@c250000:module@0x50
[0003.528] E> "i2c@c250000" doesn't exist, creating
[0003.532] E> "module@0x50" doesn't exist, creating
[0003.537] I> Adding plugin-manager/ids/2597-0000-501=/i2c@c250000:module@0x57
[0003.544] E> "module@0x57" doesn't exist, creating
[0003.549] I> Adding plugin-manager/ids/3326-1000-100=/i2c@3180000:module@0x54
[0003.556] E> "i2c@3180000" doesn't exist, creating
[0003.561] E> "module@0x54" doesn't exist, creating
[0003.567] I> Adding plugin-manager/ids/3310-1000-B02-D
[0003.574] I> Adding plugin-manager/configs/3310-mem-type 00
[0003.580] I> Adding plugin-manager/configs/3310-power-config 00
[0003.586] I> Adding plugin-manager/configs/3310-misc-config 00
[0003.592] I> Adding plugin-manager/configs/3310-modem-config 00
[0003.597] I> Adding plugin-manager/configs/3310-touch-config 00
[0003.603] I> Adding plugin-manager/configs/3310-display-config 00
[0003.609] E> "chip-id" doesn't exist, creating
[0003.613] I> Adding plugin-manager/chip-id/A02P
[0003.620] I> added [base:0x80000000, size:0x70000000] to /memory
[0003.626] I> added [base:0xf0200000, size:0x185e00000] to /memory
[0003.632] I> added [base:0x276600000, size:0x200000] to /memory
[0003.637] E> WARNING: Failed to pass NS DRAM ranges to TOS
[0003.643] I> Updated memory info to DTB
[0003.648] E> "reset" doesn't exist, creating
[0003.652] E> "pmc-reset-reason" doesn't exist, creating
[0003.658] E> "pmic-reset-reason" doesn't exist, creating
[0003.663] I> disabled_core_mask: 0xffffff0c
[0003.675] I> Add serial number as DT property
[0003.680] I> tegrabl_load_kernel_and_dtb: Done


U-Boot 2016.07-geb5c15bec5 (Oct 31 2019 - 14:08:07 -0700)

TEGRA186
Model: NVIDIA P2771-0000-500
DRAM:  7.8 GiB
MC:   Tegra SD/MMC: 0, Tegra SD/MMC: 1
*** Warning - bad CRC, using default environment

In:    serial
Out:   serial
Err:   serial
Net:   eth0: ethernet@2490000
Hit any key to stop autoboot:  0 
MMC: no card present
switch to partitions #0, OK
mmc0(part 0) is current device
Scanning mmc 0:1...
Found /boot/extlinux/extlinux.conf
Retrieving file: /boot/extlinux/extlinux.conf
223 bytes read in 82 ms (2 KiB/s)
p2771-0000 eMMC boot options
1:      primary kernel
Enter choice: 1:        primary kernel
Retrieving file: /boot/Image
20947216 bytes read in 552 ms (36.2 MiB/s)
append: root=/dev/mmcblk0p1 rw rootwait console=ttyS0,115200n8 console=tty0 OS=l4t fbcon=map:0 net.ifnames=0 memtype=0 video=tegrafb no_console_suspend=1 earlycon=uart8250,mmio32,0x03100000 nvdumM
## Flattened Device Tree blob at 92000000
   Booting using the fdt blob at 0x92000000
   reserving fdt memory region: addr=80000000 size=10000
   Using Device Tree in place at 0000000092000000, end 0000000092049655

Starting kernel ...

[    0.000000] Booting Linux on physical CPU 0x100
[    0.000000] Initializing cgroup subsys cpuset
[    0.000000] Initializing cgroup subsys cpu
[    0.000000] Initializing cgroup subsys cpuacct
[    0.000000] Linux version 4.4.159-tegra (buildbrain@mobile-u64-3130) (gcc version 4.8.5 (GCC) ) #1 SMP PREEMPT Thu Oct 31 14:11:23 PDT 2019
[    0.000000] Boot CPU: AArch64 Processor [411fd073]
[    0.000000] earlycon: Early serial console at MMIO32 0x3100000 (options '')
[    0.000000] bootconsole [uart0] enabled
[    0.000000] Found tegra_fbmem2: 00140000@969f0000
[    0.000000] Found lut_mem2: 00002008@969ed000
[    0.000000] Memory limited to 7808MB
[    0.000000] Reserved memory: initialized node ramoops_carveout, compatible id nvidia,ramoops
[    0.000000] cma: Reserved 64 MiB at 0x00000000fc000000
[    0.000000] psci: probing for conduit method from DT.
[    0.000000] psci: PSCIv1.0 detected in firmware.
[    0.000000] psci: Using standard PSCI v0.2 function IDs
[    0.000000] psci: MIGRATE_INFO_TYPE not supported.
[    0.000000] PERCPU: Embedded 17 pages/cpu @ffffffc1e7fe4000 s31232 r8192 d30208 u69632
[    0.000000] Built 1 zonelists in Zone order, mobility grouping on.  Total pages: 1963512
[    0.000000] Kernel command line: root=/dev/mmcblk0p1 rw rootwait console=ttyS0,115200n8 console=tty0 OS=l4t fbcon=map:0 net.ifnames=0 memtype=0 video=tegrafb no_console_suspend=1 earlycon=uartM
[    0.000000] PID hash table entries: 4096 (order: 3, 32768 bytes)
[    0.000000] Dentry cache hash table entries: 1048576 (order: 11, 8388608 bytes)
[    0.000000] Inode-cache hash table entries: 524288 (order: 10, 4194304 bytes)
[    0.000000] Memory: 7745084K/7979008K available (11612K kernel code, 1808K rwdata, 5724K rodata, 1168K init, 693K bss, 168388K reserved, 65536K cma-reserved)
[    0.000000] Virtual kernel memory layout:
[    0.000000]     vmalloc : 0xffffff8000000000 - 0xffffffbdbfff0000   (   246 GB)
[    0.000000]     vmemmap : 0xffffffbdc0000000 - 0xffffffbfc0000000   (     8 GB maximum)
[    0.000000]               0xffffffbdc2000000 - 0xffffffbdc9a08000   (   122 MB actual)
[    0.000000]     fixed   : 0xffffffbffa7fd000 - 0xffffffbffac00000   (  4108 KB)
[    0.000000]     PCI I/O : 0xffffffbffae00000 - 0xffffffbffbe00000   (    16 MB)
[    0.000000]     modules : 0xffffffbffc000000 - 0xffffffc000000000   (    64 MB)
[    0.000000]     memory  : 0xffffffc000000000 - 0xffffffc1e8200000   (  7810 MB)
[    0.000000]       .init : 0xffffffc00116f000 - 0xffffffc001293000   (  1168 KB)
[    0.000000]       .text : 0xffffffc000080000 - 0xffffffc00116f000   ( 17340 KB)
[    0.000000]       .data : 0xffffffc0012b6000 - 0xffffffc00147a110   (  1809 KB)
[    0.000000] SLUB: HWalign=64, Order=0-3, MinObjects=0, CPUs=6, Nodes=1
[    0.000000] Preemptible hierarchical RCU implementation.
[    0.000000]  Build-time adjustment of leaf fanout to 64.
[    0.000000]  RCU restricting CPUs from NR_CPUS=64 to nr_cpu_ids=6.
[    0.000000] RCU: Adjusting geometry for rcu_fanout_leaf=64, nr_cpu_ids=6
[    0.000000] NR_IRQS:64 nr_irqs:64 0
[    0.000000] GIC: Using split EOI/Deactivate mode
[    0.000000] Architected cp15 timer(s) running at 31.25MHz (phys).
[    0.000000] clocksource: arch_sys_counter: mask: 0xffffffffffffff max_cycles: 0xe6a171046, max_idle_ns: 881590405314 ns
[    0.000002] sched_clock: 56 bits at 31MHz, resolution 32ns, wraps every 4398046511088ns
[    0.009821] Console: colour dummy device 80x25
[    0.014478] console [tty0] enabled
[    0.018036] bootconsole [uart0] disabled
[    0.000000] Booting Linux on physical CPU 0x100
[    0.000000] Initializing cgroup subsys cpuset
[    0.000000] Initializing cgroup subsys cpu
[    0.000000] Initializing cgroup subsys cpuacct
[    0.000000] Linux version 4.4.159-tegra (buildbrain@mobile-u64-3130) (gcc version 4.8.5 (GCC) ) #1 SMP PREEMPT Thu Oct 31 14:11:23 PDT 2019
[    0.000000] Boot CPU: AArch64 Processor [411fd073]
[    0.000000] earlycon: Early serial console at MMIO32 0x3100000 (options '')
[    0.000000] bootconsole [uart0] enabled
[    0.000000] Found tegra_fbmem2: 00140000@969f0000
[    0.000000] Found lut_mem2: 00002008@969ed000
[    0.000000] Memory limited to 7808MB
[    0.000000] Reserved memory: initialized node ramoops_carveout, compatible id nvidia,ramoops
[    0.000000] cma: Reserved 64 MiB at 0x00000000fc000000
[    0.000000] psci: probing for conduit method from DT.
[    0.000000] psci: PSCIv1.0 detected in firmware.
[    0.000000] psci: Using standard PSCI v0.2 function IDs
[    0.000000] psci: MIGRATE_INFO_TYPE not supported.
[    0.000000] PERCPU: Embedded 17 pages/cpu @ffffffc1e7fe4000 s31232 r8192 d30208 u69632
[    0.000000] Built 1 zonelists in Zone order, mobility grouping on.  Total pages: 1963512
[    0.000000] Kernel command line: root=/dev/mmcblk0p1 rw rootwait console=ttyS0,115200n8 console=tty0 OS=l4t fbcon=map:0 net.ifnames=0 memtype=0 video=tegrafb no_console_suspend=1 earlycon=uartM
[    0.000000] PID hash table entries: 4096 (order: 3, 32768 bytes)
[    0.000000] Dentry cache hash table entries: 1048576 (order: 11, 8388608 bytes)
[    0.000000] Inode-cache hash table entries: 524288 (order: 10, 4194304 bytes)
[    0.000000] Memory: 7745084K/7979008K available (11612K kernel code, 1808K rwdata, 5724K rodata, 1168K init, 693K bss, 168388K reserved, 65536K cma-reserved)
[    0.000000] Virtual kernel memory layout:
[    0.000000]     vmalloc : 0xffffff8000000000 - 0xffffffbdbfff0000   (   246 GB)
[    0.000000]     vmemmap : 0xffffffbdc0000000 - 0xffffffbfc0000000   (     8 GB maximum)
[    0.000000]               0xffffffbdc2000000 - 0xffffffbdc9a08000   (   122 MB actual)
[    0.000000]     fixed   : 0xffffffbffa7fd000 - 0xffffffbffac00000   (  4108 KB)
[    0.000000]     PCI I/O : 0xffffffbffae00000 - 0xffffffbffbe00000   (    16 MB)
[    0.000000]     modules : 0xffffffbffc000000 - 0xffffffc000000000   (    64 MB)
[    0.000000]     memory  : 0xffffffc000000000 - 0xffffffc1e8200000   (  7810 MB)
[    0.000000]       .init : 0xffffffc00116f000 - 0xffffffc001293000   (  1168 KB)
[    0.000000]       .text : 0xffffffc000080000 - 0xffffffc00116f000   ( 17340 KB)
[    0.000000]       .data : 0xffffffc0012b6000 - 0xffffffc00147a110   (  1809 KB)
[    0.000000] SLUB: HWalign=64, Order=0-3, MinObjects=0, CPUs=6, Nodes=1
[    0.000000] Preemptible hierarchical RCU implementation.
[    0.000000]  Build-time adjustment of leaf fanout to 64.
[    0.000000]  RCU restricting CPUs from NR_CPUS=64 to nr_cpu_ids=6.
[    0.000000] RCU: Adjusting geometry for rcu_fanout_leaf=64, nr_cpu_ids=6
[    0.000000] NR_IRQS:64 nr_irqs:64 0
[    0.000000] GIC: Using split EOI/Deactivate mode
[    0.000000] Architected cp15 timer(s) running at 31.25MHz (phys).
[    0.000000] clocksource: arch_sys_counter: mask: 0xffffffffffffff max_cycles: 0xe6a171046, max_idle_ns: 881590405314 ns
[    0.000002] sched_clock: 56 bits at 31MHz, resolution 32ns, wraps every 4398046511088ns
[    0.009821] Console: colour dummy device 80x25
[    0.014478] console [tty0] enabled
[    0.018036] bootconsole [uart0] disabled
[    0.022137] kmemleak: Kernel memory leak detector disabled
[    0.022150] Calibrating delay loop (skipped), value calculated using timer frequency.. 62.50 BogoMIPS (lpj=125000)
[    0.022163] pid_max: default: 32768 minimum: 301
[    0.022213] Security Framework initialized
[    0.022255] Mount-cache hash table entries: 16384 (order: 5, 131072 bytes)
[    0.022266] Mountpoint-cache hash table entries: 16384 (order: 5, 131072 bytes)
[    0.022635] Initializing cgroup subsys io
[    0.022648] Initializing cgroup subsys memory
[    0.022666] Initializing cgroup subsys devices
[    0.022675] Initializing cgroup subsys freezer
[    0.022685] Initializing cgroup subsys net_cls
[    0.022694] Initializing cgroup subsys perf_event
[    0.022703] Initializing cgroup subsys net_prio
[    0.022714] Initializing cgroup subsys pids
[    0.022723] Initializing cgroup subsys debug
[    0.022873] CPU0 ipc=752
[    0.022884] CPU1 ipc=1024
[    0.022892] CPU2 ipc=1024
[    0.022903] CPU3 ipc=752
[    0.022913] CPU4 ipc=752
[    0.022923] CPU5 ipc=752
[    0.022964] ASID allocator initialised with 65536 entries
[    0.046286] tegra-id: chipid=21817.
[    0.046304] tegra-id: opt_subrevision=1.
[    0.046317] Tegra Revision: A02p SKU: 0xdc CPU Process: 0 SoC Process: 0
[    0.046978] DTS File Name: /dvs/git/dirty/git-master_linux/kernel/kernel-4.4/arch/arm64/boot/dts/../../../../../../hardware/nvidia/platform/t18x/quill/kernel-dts/tegra186-quill-p3310-1000-c03-s
[    0.047004] DTB Build time: Oct 31 2019 14:13:43
[    0.062452] CPU1: Booted secondary processor [4e0f0030]
[    0.074088] CPU2: Booted secondary processor [4e0f0030]
[    0.085807] CPU3: Booted secondary processor [411fd073]
[    0.097855] CPU4: Booted secondary processor [411fd073]
[    0.109866] CPU5: Booted secondary processor [411fd073]
[    0.109937] Brought up 6 CPUs
[    0.110002] SMP: Total of 6 processors activated.
[    0.110017] CPU: All CPU(s) started at EL2
[    0.110485] devtmpfs: initialized
[    0.139104] Initilizing CustomIPI irq domain
[    0.139327] clocksource: jiffies: mask: 0xffffffff max_cycles: 0xffffffff, max_idle_ns: 7645041785100000 ns
[    0.139359] futex hash table entries: 2048 (order: 6, 262144 bytes)
[    0.140430] pinctrl core: initialized pinctrl subsystem
[    0.140614] OS set in device tree is not L4T.
[    0.140825] regulator-dummy: no parameters
[    0.140941] Initializing plugin-manager
[    0.141000] Plugin module not found
[    0.141480] node /plugin-manager/soc-prod-a02-fragment match with chip-id A02P
[    0.141838] node /plugin-manager/fragement@0 match with odm-data enable-denver-wdt
[    0.142446] node /plugin-manager/fragement@4 match with odm-data enable-denver-wdt
[    0.143596] node /plugin-manager/fragment-sdwake-p3310-1000-300 match with board >=3310-1000-300
[    0.143947] node /plugin-manager/fragement-pmon-p3310-1000-300 match with board >=3310-1000-300
[    0.144198] node /plugin-manager/fragement-pmon-p3310-1000-800 match with board >=3310-1000-800
[    0.144419] node /plugin-manager/fragment-devslp@0 match with board >=3310-1000-200
[    0.144865] node /plugin-manager/fragment-500-pcie-config match with board >=3310-1000-500
[    0.145399] node /plugin-manager/fragment-500-xusb-config match with board >=3310-1000-500
[    0.145720] node /plugin-manager/fragment-500-e3325-pcie match with board >=3310-1000-500
[    0.146166] node /plugin-manager/fragment-p3310-c00-comm match with board >=3310-1000-800
[    0.146453] node /plugin-manager/fragment-p3310-c00-pmic match with board >=3310-1000-800
[    0.146708] node /plugin-manager/fragment-p3310-c01 match with board >=3310-1000-900
[    0.147026] node /plugin-manager/fragment-p3310-c03 match with board >=3310-1000-B00
[    0.148754] node /plugin-manager/fragment-e3326@0 match with board 3326-*
[    0.149985] node /plugin-manager/fragment-p3310-c00-camera match with board >=3310-1000-800
[    0.151932] Adding domain adsp-pd to PM domain ape-pd
[    0.154422] NET: Registered protocol family 16
[    0.155350] console [pstore-1] enabled
[    0.155363] pstore: Registered ramoops as persistent store backend
[    0.155378] ramoops: attached 0x200000@0x277080000, ecc: 0/0
[    0.165332] cpuidle: using governor ladder
[    0.169808] cpuidle: using governor menu
[    0.170933] bpmp: waiting for handshake
[    0.170948] bpmp: handshake completed
[    0.170989] bpmp: synchronizing channels
[    0.171016] bpmp: channels synchronized
[    0.171027] bpmp: mail init ok
[    0.171394] vdso: 2 pages (1 code @ ffffffc0012bd000, 1 data @ ffffffc0012bc000)
[    0.171426] hw-breakpoint: found 6 breakpoint and 4 watchpoint registers.
[    0.172414] atomic_pool_init():526: DMA: preallocated 1024 KiB pool for atomic allocations
[    0.173886] tegra_powergate_init: DONE
[    0.173909] DTS File Name: /dvs/git/dirty/git-master_linux/kernel/kernel-4.4/arch/arm64/boot/dts/../../../../../../hardware/nvidia/platform/t18x/quill/kernel-dts/tegra186-quill-p3310-1000-c03-s
[    0.173938] DTB Build time: Oct 31 2019 14:13:43
[    0.174849] Tegra reboot handler registered.
[    0.175919] Registering Tegra186 clocks (this may take a while)...done
[    0.178063] arm-smmu 12000000.iommu: probing hardware configuration...
[    0.178082] arm-smmu 12000000.iommu: SMMUv2 with:
[    0.178096] arm-smmu 12000000.iommu:         stage 1 translation
[    0.178109] arm-smmu 12000000.iommu:         stage 2 translation
[    0.178122] arm-smmu 12000000.iommu:         nested translation
[    0.178137] arm-smmu 12000000.iommu:         stream matching with 128 register groups, mask 0x7f80
[    0.178157] arm-smmu 12000000.iommu: SMMU address space size (0x800000) differs from mapped region size (0x1000000)!
[    0.178177] arm-smmu 12000000.iommu:         64 context banks (0 stage-2 only)
[    0.178192] arm-smmu 12000000.iommu:         Stage-1: 39-bit VA -> 48-bit IPA
[    0.178206] arm-smmu 12000000.iommu:         Stage-2: 39-bit IPA -> 48-bit PA
[    0.228177] arm-smmu 12000000.iommu: registered 67 master devices
[    0.233883] iommu: Adding device 3460000.sdhci to group 0
[    0.234889] iommu: Adding device 3400000.sdhci to group 1
[    0.238497] iommu: Adding device 3507000.ahci-sata to group 2
[    0.238932] iommu: Adding device 3160000.i2c to group 3
[    0.239341] iommu: Adding device c240000.i2c to group 4
[    0.239666] iommu: Adding device 3180000.i2c to group 5
[    0.240157] iommu: Adding device 3190000.i2c to group 6
[    0.240596] iommu: Adding device 31b0000.i2c to group 7
[    0.240922] iommu: Adding device 31c0000.i2c to group 8
[    0.241259] iommu: Adding device c250000.i2c to group 9
[    0.241570] iommu: Adding device 31e0000.i2c to group 10
[    0.243577] iommu: Adding device 3210000.spi to group 11
[    0.243884] iommu: Adding device c260000.spi to group 12
[    0.244230] iommu: Adding device 3240000.spi to group 13
[    0.244990] iommu: Adding device 3100000.serial to group 14
[    0.245317] iommu: Adding device 3110000.serial to group 15
[    0.245659] iommu: Adding device c280000.serial to group 16
[    0.245959] iommu: Adding device 3130000.serial to group 17
[    0.247225] iommu: Adding device 2490000.ether_qos to group 18
[    0.247847] iommu: Adding device b000000.rtcpu to group 19
[    0.248332] iommu: Adding device c1a0000.aon to group 20
[    0.249187] Wake73 for irq=42
[    0.249533] iommu: Adding device smmu_test to group 21
[    0.250069] mc: mapped MMIO address: 0xffffff8000560000 -> 0x2c10000
[    0.250111] mc: mapped MMIO address: 0xffffff8000640000 -> 0x2c20000
[    0.250175] mc: mapped MMIO address: 0xffffff8000660000 -> 0x2c30000
[    0.250211] mc: mapped MMIO address: 0xffffff8000fa0000 -> 0x2c40000
[    0.250246] mc: mapped MMIO address: 0xffffff8000fc0000 -> 0x2c50000
[    0.250515] ecc-err: dram ecc disabled-MC_ECC_CONTROL:0x0000000c
[    0.251344] Wake76 for irq=199
[    0.251369] Wake77 for irq=199
[    0.251390] Wake78 for irq=199
[    0.251410] Wake79 for irq=199
[    0.251430] Wake80 for irq=199
[    0.251471] Wake81 for irq=199
[    0.251490] Wake82 for irq=199
[    0.251604] iommu: Adding device 3530000.xhci to group 22
[    0.251940] iommu: Adding device 3550000.xudc to group 23
[    0.252720] tegra-pmc c360000.pmc: scratch reg offset dts data not present
[    0.254106] tegra-pmc: get_secure_pmc_setting: done secure_pmc=0
[    0.254148] tegra-pmc: ### PMC reset source: TEGRA_POWER_ON_RESET
[    0.254172] tegra-pmc: ### PMC reset level: TEGRA_RESET_LEVEL_L0
[    0.254196] tegra-pmc: ### PMC reset status reg: 0x0
[    0.254500] padctrl padctrl.0: Pad control driver tegra-pmc-padctrl registered
[    0.254541] tegra-pmc c360000.pmc: IO padctrl driver initialized
[    0.254751] tegra186-aowake c370000.pmc: WAKE_AOWAKE_CTRL_0 = 3
[    0.254781] tegra186-aowake c370000.pmc: WAKE_AOWAKE_CNTRL_24(PMU_INT) = 256
[    0.255256] iommu: Adding device 13e10000.host1x to group 24
[    0.255510] iommu: Adding device 13e10000.host1x:ctx0 to group 25
[    0.255780] iommu: Adding device 13e10000.host1x:ctx1 to group 26
[    0.256020] iommu: Adding device 13e10000.host1x:ctx2 to group 27
[    0.256276] iommu: Adding device 13e10000.host1x:ctx3 to group 28
[    0.256486] iommu: Adding device 13e10000.host1x:ctx4 to group 29
[    0.256722] iommu: Adding device 13e10000.host1x:ctx5 to group 30
[    0.256930] iommu: Adding device 13e10000.host1x:ctx6 to group 31
[    0.257147] iommu: Adding device 13e10000.host1x:ctx7 to group 32
[    0.257569] iommu: Adding device 150c0000.nvcsi to group 33
[    0.258086] iommu: Adding device 15700000.vi to group 34
[    0.258408] iommu: Adding device 15600000.isp to group 35
[    0.258796] iommu: Adding device 15210000.nvdisplay to group 36
[    0.258908] platform 15210000.nvdisplay: IOVA linear map 0x00000000969f0000(140000)
[    0.258951] platform 15210000.nvdisplay: IOVA linear map 0x00000000969ed000(3000)
[    0.259154] iommu: Adding device 15340000.vic to group 37
[    0.259354] iommu: Adding device 154c0000.nvenc to group 38
[    0.259588] iommu: Adding device 15480000.nvdec to group 39
[    0.259920] iommu: Adding device 15380000.nvjpg to group 40
[    0.260117] iommu: Adding device 15500000.tsec to group 41
[    0.260315] iommu: Adding device 15100000.tsecb to group 42
[    0.261043] iommu: Adding device 15810000.se to group 43
[    0.261272] iommu: Adding device 15820000.se to group 44
[    0.261490] iommu: Adding device 15830000.se to group 45
[    0.261674] iommu: Adding device 15840000.se to group 46
[    0.262181] iommu: Adding device 17000000.gp10b to group 47
[    0.263573] tegra-reset 5000000.clock: registered 193 resets.
[    0.265571] iommu: Adding device d000000.bpmp to group 48
[    0.265813] bpmp: ping status is 0
[    0.265991] bpmp d000000.bpmp: firmware tag is 69fa4e41a01fc02a4db1adf71922a54c
[    0.266349] bpmp d000000.bpmp: probe ok
[    0.268905] iommu: Adding device 2600000.dma to group 49
[    0.269735] GPIO line 461 (cam0-rst) hogged as output/low
[    0.269794] GPIO line 456 (cam0-pwdn) hogged as output/low
[    0.269880] GPIO line 457 (cam1-rst) hogged as output/low
[    0.269926] GPIO line 426 (cam1-pwdn) hogged as output/low
[    0.269973] GPIO line 424 (wifi-enable) hogged as output/high
[    0.270018] GPIO line 445 (sdmmc-wake-input) hogged as input
[    0.270063] GPIO line 446 (sdmmc-wake-output) hogged as output/low
[    0.270164] gpiochip_add_data: registered GPIOs 320 to 511 on device: tegra-gpio
[    0.272043] GPIO line 315 (wifi-wake-ap) hogged as input
[    0.272159] gpiochip_add_data: registered GPIOs 256 to 319 on device: tegra-gpio-aon
[    0.273041] iommu: Adding device 10003000.pcie-controller to group 50
[    0.273307] iommu: Adding device sound to group 51
[    0.275325] iommu: Adding device 3510000.hda to group 52
[    0.276497] iommu: Adding device adsp_audio to group 53
[    0.278021] iommu: Adding device 2993000.adsp to group 54
[    0.287383] vdd-ac-bat: 5000 mV 
[    0.289468] vdd-1v8-ap: 1800 mV 
[    0.308931] SCSI subsystem initialized
[    0.309286] usbcore: registered new interface driver usbfs
[    0.309348] usbcore: registered new interface driver hub
[    0.309478] usbcore: registered new device driver usb
[    0.313228] GPIO line 241 (touch-rail-1) hogged as output/high
[    0.313681] GPIO line 242 (touch-rail-2) hogged as output/high
[    0.313781] gpiochip_add_data: registered GPIOs 240 to 255 on device: tca9539
[    0.315224] GPIO line 228 (lcd-bias-en-rail) hogged as output/high
[    0.315324] gpiochip_add_data: registered GPIOs 224 to 239 on device: tca9539
[    0.326217] media: Linux media interface: v0.10
[    0.326279] Linux video capture interface: v2.00
[    0.329298] pps_core: LinuxPPS API ver. 1 registered
[    0.329324] pps_core: Software ver. 5.3.6 - Copyright 2005-2007 Rodolfo Giometti <giometti@linux.it>
[    0.329371] PTP clock support registered
[    0.330288] tegra_wdt_t18x 30c0000.watchdog: Tegra WDT init timeout = 120 sec
[    0.330336] tegra_wdt_t18x 30c0000.watchdog: Registered successfully
[    0.331852] max77620 4-003c: PMIC Version OTP:0x45 and ES:0x8
[    0.333981] GPIO line 221 (spmic_gpio_input_5) hogged as input
[    0.334172] GPIO line 222 (spmic_gpio_input_6) hogged as input
[    0.334303] gpiochip_add_data: registered GPIOs 216 to 223 on device: max77620-gpio
[    0.338266] vddio-ddr: at 1125 mV 
[    0.342131] avdd_dsi_csi: 1200 mV 
[    0.346099] vdd-1v8: 1800 mV 
[    0.350100] vdd-3v3-sys: 3300 mV 
[    0.351186] spmic-ldo0: at 1800 mV 
[    0.351969] spmic-ldo1: at 800 mV 
[    0.354100] vddio-3v3: 3300 mV 
[    0.354744] vddio-sdmmc1: 1800 <--> 3300 mV at 3300 mV 
[    0.358100] vdd-rtc: at 800 mV 
[    0.358924] avdd-ts-hv: 1800 <--> 3300 mV at 1800 mV 
[    0.362102] spmic-ldo6: at 1500 mV 
[    0.366099] vdd-pex-1v00: 1000 mV 
[    0.366753] dvdd-pex: 1000 mV 
[    0.367047] max77620 4-003c: max77620 probe successful
[    0.367326] Advanced Linux Sound Architecture Driver Initialized.
[    0.367659] Bluetooth: Core ver 2.21
[    0.367687] NET: Registered protocol family 31
[    0.367699] Bluetooth: HCI device and connection manager initialized
[    0.367715] Bluetooth: HCI socket layer initialized
[    0.367730] Bluetooth: L2CAP socket layer initialized
[    0.367751] Bluetooth: SCO socket layer initialized
[    0.368410] en-vdd-sd: 3300 mV 
[    0.369068] en-vdd-cam: 1800 mV 
[    0.373857] vdd-hdmi: 5000 mV 
[    0.374033] vdd-usb0-5v: 5000 mV 
[    0.374202] vdd-usb1-5v: 5000 mV 
[    0.377858] en-vdd-ts-1v8: 1800 mV 
[    0.381858] en-vdd-ts-hv-3v3: 3300 mV 
[    0.382378] en-vdd-disp-3v3: 3300 mV 
[    0.382890] en-mdm-pwr-3v7: 3700 mV 
[    0.383408] en-vdd-disp-1v8: 1800 mV 
[    0.383925] en-vdd-cam-hv-2v8: 2800 mV 
[    0.384440] en-vdd-cam-1v2: 1200 mV 
[    0.384963] vdd-fan: 5000 mV 
[    0.385070] vdd-3v3: 3300 mV 
[    0.385793] dis-vdd-1v2: 1200 mV 
[    0.385911] en-vdd-vcm-2v8: 2800 mV 
[    0.386432] vdd-usb2-5v: 5000 mV 
[    0.386547] vdd-sys-bl: 3300 mV 
[    0.387066] en-vdd-sys: 1200 mV 
[    0.390397] extcon-gpio-states external-connection:extcon@1: Cable state 0
[    0.390819] clocksource: Switched to clocksource arch_sys_counter
[    0.409797] nvmap_heap_init: nvmap_heap_init: created heap block cache
[    0.410048] nvmap: nvmap_override_cache_ops() set roc flush ops to replace cache ops by set/ways
[    0.410520] nvmap_page_pool_init: Total RAM pages: 1952655
[    0.410538] nvmap_page_pool_init: nvmap page pool size: 244081 pages (953 MB)
[    0.410754] nvmap_background_zero_thread: PP zeroing thread starting.
[    0.415232] Wake76 for irq=199
[    0.415247] Wake77 for irq=199
[    0.415257] Wake78 for irq=199
[    0.415268] Wake79 for irq=199
[    0.415278] Wake80 for irq=199
[    0.415288] Wake81 for irq=199
[    0.415298] Wake82 for irq=199
[    0.416041] thermal thermal_zone0: Registering thermal zone thermal_zone0 for type BCPU-therm
[    0.416243] thermal thermal_zone1: Registering thermal zone thermal_zone1 for type MCPU-therm
[    0.416630] thermal thermal_zone2: Registering thermal zone thermal_zone2 for type GPU-therm
[    0.416706] thermal thermal_zone3: Registering thermal zone thermal_zone3 for type PLL-therm
[    0.416851] thermal thermal_zone4: Registering thermal zone thermal_zone4 for type Tboard_tegra
[    0.416994] thermal thermal_zone5: Registering thermal zone thermal_zone5 for type Tdiode_tegra
[    0.417144] thermal thermal_zone6: Registering thermal zone thermal_zone6 for type PMIC-Die
[    0.417443] isomgr_init(): iso emc max clk=1866000KHz
[    0.417456] isomgr_init(): max_iso_bw=26870400KB
[    0.417544] NET: Registered protocol family 2
[    0.417848] TCP established hash table entries: 65536 (order: 7, 524288 bytes)
[    0.418168] TCP bind hash table entries: 65536 (order: 8, 1048576 bytes)
[    0.418848] TCP: Hash tables configured (established 65536 bind 65536)
[    0.418909] UDP hash table entries: 4096 (order: 5, 131072 bytes)
[    0.419040] UDP-Lite hash table entries: 4096 (order: 5, 131072 bytes)
[    0.419280] NET: Registered protocol family 1
[    0.419462] RPC: Registered named UNIX socket transport module.
[    0.419477] RPC: Registered udp transport module.
[    0.419490] RPC: Registered tcp transport module.
[    0.419502] RPC: Registered tcp NFSv4.1 backchannel transport module.
[    0.419618] Trying to unpack rootfs image as initramfs...
[    0.433755] host1x 13e10000.host1x: initialized
[    0.434634] hw perfevents: enabled with armv8_pmuv3 PMU driver, 7 counters available
[    0.436512] audit: initializing netlink subsys (disabled)
[    0.436546] audit: type=2000 audit(0.424:1): initialized
[    0.444796] io scheduler noop registered
[    0.444908] io scheduler cfq registered (default)
[    0.447873] tegra-pwm 3280000.pwm: PWM clk can sleep in ops
[    0.449067] tegra-pwm 3290000.pwm: PWM clk can sleep in ops
[    0.450142] tegra-pwm 32a0000.pwm: PWM clk can sleep in ops
[    0.451217] tegra-pwm c340000.pwm: PWM clk can sleep in ops
[    0.454602] tsec 15500000.tsec: initialized
[    0.455732] tsec 15100000.tsecb: initialized
[    0.458051] nvdec 15480000.nvdec: initialized
[    0.461656] falcon 15340000.vic: initialized
[    0.462650] falcon 154c0000.nvenc: initialized
[    0.463674] falcon 15380000.nvjpg: initialized
[    0.464451] iommu_context_dev 13e10000.host1x:ctx0: initialized (streamid=56)
[    0.464956] iommu_context_dev 13e10000.host1x:ctx1: initialized (streamid=57)
[    0.465462] iommu_context_dev 13e10000.host1x:ctx2: initialized (streamid=58)
[    0.465964] iommu_context_dev 13e10000.host1x:ctx3: initialized (streamid=59)
[    0.466489] iommu_context_dev 13e10000.host1x:ctx4: initialized (streamid=60)
[    0.467033] iommu_context_dev 13e10000.host1x:ctx5: initialized (streamid=61)
[    0.467552] iommu_context_dev 13e10000.host1x:ctx6: initialized (streamid=62)
[    0.468054] iommu_context_dev 13e10000.host1x:ctx7: initialized (streamid=63)
[    0.470657] DC OR NODE connected to /host1x/sor1
[    0.470815] tegra_camera_platform tegra-camera-platform: tegra_camera_probe:camera_platform_driver probe
[    0.470821] generic_infoframe_type: 0x87
